openEMS - fixed number of threads: 10
 ---------------------------------------------------------------------- 
 | openEMS 64bit -- version v0.37.0-rc3-31-g6761a36
 | (C) 2010-2026 Thorsten Liebig <thorsten.liebig@gmx.de>  GPL license
 ---------------------------------------------------------------------- 
	Used external libraries:
		CSXCAD -- Version: v0.7.0-rc3-7-g65e7591
		hdf5   -- Version: 1.10.10
		          compiled against: HDF5 library version: 1.10.10
		tinyxml -- compiled against: 2.6.2
		fparser
		boost  -- compiled against: 1_83
		vtk -- Version: 9.1.0
		       compiled against: 9.1.0

Create FDTD operator (compressed SSE + multi-threading)
openEMS::SetupFDTD: Warning, the timestep seems to be very small --> long simulation. Check your mesh!?
FDTD simulation size: 166x195x58 --> 1.87746e+06 FDTD cells 
FDTD timestep is: 1.3482e-13 s; Nyquist rate: 1059 timesteps @3.50202e+09 Hz
Excitation signal length is: 21249 timesteps (2.8648e-09s)
Max. number of timesteps: 400000 ( --> 18.8244 * Excitation signal length)
Create FDTD engine (compressed SSE + multi-threading)
Warning: Unused primitive (type: Box) detected in property: antenna!
Warning: Unused primitive (type: Box) detected in property: antenna!
Running FDTD engine... this may take a while... grab a cup of coffee?!?
[@        5s] Timestep:          528 || Speed:  183.7 MC/s (1.022e-02 s/TS) || Energy: ~3.29e-21 (- 0.00dB)
[@       10s] Timestep:         1056 || Speed:  187.1 MC/s (1.003e-02 s/TS) || Energy: ~7.76e-21 (- 0.00dB)
[@       16s] Timestep:         1584 || Speed:  185.3 MC/s (1.013e-02 s/TS) || Energy: ~4.53e-20 (- 0.00dB)
[@       21s] Timestep:         2112 || Speed:  186.0 MC/s (1.009e-02 s/TS) || Energy: ~5.16e-19 (- 0.00dB)
[@       26s] Timestep:         2640 || Speed:  186.0 MC/s (1.009e-02 s/TS) || Energy: ~6.06e-19 (- 0.00dB)
[@       32s] Timestep:         3168 || Speed:  182.1 MC/s (1.031e-02 s/TS) || Energy: ~4.77e-18 (- 0.00dB)
[@       37s] Timestep:         3696 || Speed:  189.2 MC/s (9.925e-03 s/TS) || Energy: ~2.85e-17 (- 0.00dB)
[@       42s] Timestep:         4224 || Speed:  193.2 MC/s (9.719e-03 s/TS) || Energy: ~2.29e-17 (- 0.96dB)
[@       47s] Timestep:         4752 || Speed:  190.2 MC/s (9.870e-03 s/TS) || Energy: ~2.09e-16 (- 0.00dB)
[@       52s] Timestep:         5280 || Speed:  193.5 MC/s (9.702e-03 s/TS) || Energy: ~6.92e-16 (- 0.00dB)
[@       57s] Timestep:         5808 || Speed:  192.6 MC/s (9.747e-03 s/TS) || Energy: ~4.94e-16 (- 1.46dB)
[@     1m03s] Timestep:         6336 || Speed:  196.5 MC/s (9.556e-03 s/TS) || Energy: ~3.96e-15 (- 0.00dB)
[@     1m08s] Timestep:         6864 || Speed:  191.5 MC/s (9.802e-03 s/TS) || Energy: ~7.45e-15 (- 0.00dB)
[@     1m13s] Timestep:         7392 || Speed:  195.9 MC/s (9.582e-03 s/TS) || Energy: ~6.21e-15 (- 0.79dB)
[@     1m18s] Timestep:         7920 || Speed:  203.5 MC/s (9.225e-03 s/TS) || Energy: ~3.31e-14 (- 0.00dB)
[@     1m22s] Timestep:         8448 || Speed:  213.8 MC/s (8.782e-03 s/TS) || Energy: ~3.66e-14 (- 0.00dB)
[@     1m27s] Timestep:         8976 || Speed:  219.5 MC/s (8.554e-03 s/TS) || Energy: ~4.16e-14 (- 0.00dB)
[@     1m32s] Timestep:         9504 || Speed:  206.5 MC/s (9.090e-03 s/TS) || Energy: ~1.26e-13 (- 0.00dB)
[@     1m36s] Timestep:        10032 || Speed:  220.9 MC/s (8.497e-03 s/TS) || Energy: ~8.87e-14 (- 1.53dB)
[@     1m41s] Timestep:        10560 || Speed:  220.5 MC/s (8.515e-03 s/TS) || Energy: ~1.40e-13 (- 0.00dB)
[@     1m45s] Timestep:        11088 || Speed:  221.6 MC/s (8.471e-03 s/TS) || Energy: ~2.36e-13 (- 0.00dB)
[@     1m50s] Timestep:        11616 || Speed:  211.9 MC/s (8.862e-03 s/TS) || Energy: ~1.25e-13 (- 2.76dB)
[@     1m54s] Timestep:        12144 || Speed:  216.8 MC/s (8.658e-03 s/TS) || Energy: ~2.45e-13 (- 0.00dB)
[@     1m59s] Timestep:        12672 || Speed:  205.3 MC/s (9.143e-03 s/TS) || Energy: ~2.49e-13 (- 0.00dB)
[@     2m04s] Timestep:        13200 || Speed:  221.9 MC/s (8.462e-03 s/TS) || Energy: ~1.25e-13 (- 3.01dB)
[@     2m08s] Timestep:        13728 || Speed:  218.9 MC/s (8.578e-03 s/TS) || Energy: ~2.38e-13 (- 0.20dB)
[@     2m13s] Timestep:        14256 || Speed:  218.6 MC/s (8.589e-03 s/TS) || Energy: ~1.85e-13 (- 1.31dB)
[@     2m17s] Timestep:        14784 || Speed:  219.7 MC/s (8.546e-03 s/TS) || Energy: ~9.56e-14 (- 4.16dB)
[@     2m22s] Timestep:        15312 || Speed:  204.0 MC/s (9.203e-03 s/TS) || Energy: ~1.44e-13 (- 2.37dB)
[@     2m26s] Timestep:        15840 || Speed:  222.6 MC/s (8.434e-03 s/TS) || Energy: ~1.12e-13 (- 3.49dB)
[@     2m31s] Timestep:        16368 || Speed:  205.0 MC/s (9.160e-03 s/TS) || Energy: ~6.14e-14 (- 6.08dB)
[@     2m36s] Timestep:        16896 || Speed:  222.8 MC/s (8.427e-03 s/TS) || Energy: ~6.48e-14 (- 5.85dB)
[@     2m40s] Timestep:        17424 || Speed:  218.5 MC/s (8.591e-03 s/TS) || Energy: ~5.78e-14 (- 6.34dB)
[@     2m45s] Timestep:        17952 || Speed:  216.7 MC/s (8.664e-03 s/TS) || Energy: ~3.90e-14 (- 8.05dB)
[@     2m49s] Timestep:        18480 || Speed:  216.8 MC/s (8.659e-03 s/TS) || Energy: ~2.94e-14 (- 9.28dB)
[@     2m54s] Timestep:        19008 || Speed:  218.8 MC/s (8.583e-03 s/TS) || Energy: ~2.71e-14 (- 9.64dB)
[@     2m58s] Timestep:        19536 || Speed:  221.4 MC/s (8.481e-03 s/TS) || Energy: ~2.46e-14 (-10.06dB)
[@     3m03s] Timestep:        20064 || Speed:  220.1 MC/s (8.531e-03 s/TS) || Energy: ~1.80e-14 (-11.41dB)
[@     3m07s] Timestep:        20592 || Speed:  222.6 MC/s (8.433e-03 s/TS) || Energy: ~1.34e-14 (-12.68dB)
[@     3m13s] Timestep:        21120 || Speed:  191.2 MC/s (9.817e-03 s/TS) || Energy: ~1.39e-14 (-12.55dB)
[@     3m17s] Timestep:        21648 || Speed:  208.0 MC/s (9.028e-03 s/TS) || Energy: ~1.25e-14 (-13.00dB)
[@     3m22s] Timestep:        22176 || Speed:  202.6 MC/s (9.269e-03 s/TS) || Energy: ~8.47e-15 (-14.69dB)
[@     3m27s] Timestep:        22704 || Speed:  194.5 MC/s (9.652e-03 s/TS) || Energy: ~7.18e-15 (-15.40dB)
[@     3m33s] Timestep:        23232 || Speed:  185.6 MC/s (1.012e-02 s/TS) || Energy: ~7.60e-15 (-15.16dB)
[@     3m37s] Timestep:        23760 || Speed:  214.2 MC/s (8.766e-03 s/TS) || Energy: ~6.08e-15 (-16.12dB)
[@     3m42s] Timestep:        24288 || Speed:  220.5 MC/s (8.516e-03 s/TS) || Energy: ~4.17e-15 (-17.76dB)
[@     3m46s] Timestep:        24816 || Speed:  216.9 MC/s (8.654e-03 s/TS) || Energy: ~3.96e-15 (-17.98dB)
[@     3m51s] Timestep:        25344 || Speed:  211.1 MC/s (8.894e-03 s/TS) || Energy: ~3.94e-15 (-18.01dB)
[@     3m56s] Timestep:        25872 || Speed:  220.3 MC/s (8.524e-03 s/TS) || Energy: ~2.91e-15 (-19.33dB)
[@     4m00s] Timestep:        26400 || Speed:  202.4 MC/s (9.276e-03 s/TS) || Energy: ~2.11e-15 (-20.71dB)
[@     4m06s] Timestep:        26928 || Speed:  191.6 MC/s (9.799e-03 s/TS) || Energy: ~2.15e-15 (-20.64dB)
[@     4m10s] Timestep:        27456 || Speed:  218.5 MC/s (8.591e-03 s/TS) || Energy: ~1.99e-15 (-20.97dB)
[@     4m15s] Timestep:        27984 || Speed:  217.5 MC/s (8.632e-03 s/TS) || Energy: ~1.39e-15 (-22.54dB)
[@     4m19s] Timestep:        28512 || Speed:  210.2 MC/s (8.931e-03 s/TS) || Energy: ~1.11e-15 (-23.53dB)
[@     4m25s] Timestep:        29040 || Speed:  197.4 MC/s (9.509e-03 s/TS) || Energy: ~1.16e-15 (-23.32dB)
[@     4m29s] Timestep:        29568 || Speed:  215.6 MC/s (8.706e-03 s/TS) || Energy: ~9.83e-16 (-24.04dB)
[@     4m34s] Timestep:        30096 || Speed:  213.9 MC/s (8.779e-03 s/TS) || Energy: ~6.69e-16 (-25.71dB)
[@     4m38s] Timestep:        30624 || Speed:  220.3 MC/s (8.521e-03 s/TS) || Energy: ~5.97e-16 (-26.21dB)
[@     4m43s] Timestep:        31152 || Speed:  219.8 MC/s (8.542e-03 s/TS) || Energy: ~6.14e-16 (-26.08dB)
[@     4m47s] Timestep:        31680 || Speed:  220.2 MC/s (8.528e-03 s/TS) || Energy: ~4.75e-16 (-27.20dB)
[@     4m52s] Timestep:        32208 || Speed:  218.9 MC/s (8.575e-03 s/TS) || Energy: ~3.32e-16 (-28.76dB)
[@     4m56s] Timestep:        32736 || Speed:  219.0 MC/s (8.573e-03 s/TS) || Energy: ~3.26e-16 (-28.84dB)
[@     5m01s] Timestep:        33264 || Speed:  221.3 MC/s (8.483e-03 s/TS) || Energy: ~3.16e-16 (-28.97dB)
[@     5m05s] Timestep:        33792 || Speed:  219.2 MC/s (8.563e-03 s/TS) || Energy: ~2.26e-16 (-30.42dB)
[@     5m10s] Timestep:        34320 || Speed:  220.6 MC/s (8.511e-03 s/TS) || Energy: ~1.70e-16 (-31.65dB)
[@     5m14s] Timestep:        34848 || Speed:  218.6 MC/s (8.589e-03 s/TS) || Energy: ~1.77e-16 (-31.48dB)
[@     5m19s] Timestep:        35376 || Speed:  218.9 MC/s (8.578e-03 s/TS) || Energy: ~1.58e-16 (-31.98dB)
[@     5m24s] Timestep:        35904 || Speed:  212.3 MC/s (8.845e-03 s/TS) || Energy: ~1.08e-16 (-33.62dB)
[@     5m28s] Timestep:        36432 || Speed:  218.5 MC/s (8.591e-03 s/TS) || Energy: ~9.06e-17 (-34.39dB)
[@     5m33s] Timestep:        36960 || Speed:  206.5 MC/s (9.093e-03 s/TS) || Energy: ~9.48e-17 (-34.20dB)
[@     5m37s] Timestep:        37488 || Speed:  216.7 MC/s (8.665e-03 s/TS) || Energy: ~7.71e-17 (-35.10dB)
[@     5m42s] Timestep:        38016 || Speed:  220.7 MC/s (8.506e-03 s/TS) || Energy: ~5.27e-17 (-36.74dB)
[@     5m46s] Timestep:        38544 || Speed:  218.8 MC/s (8.581e-03 s/TS) || Energy: ~4.92e-17 (-37.04dB)
[@     5m51s] Timestep:        39072 || Speed:  215.9 MC/s (8.695e-03 s/TS) || Energy: ~4.96e-17 (-37.02dB)
[@     5m56s] Timestep:        39600 || Speed:  216.1 MC/s (8.686e-03 s/TS) || Energy: ~3.70e-17 (-38.29dB)
[@     6m00s] Timestep:        40128 || Speed:  218.3 MC/s (8.600e-03 s/TS) || Energy: ~2.66e-17 (-39.72dB)
[@     6m05s] Timestep:        40656 || Speed:  219.7 MC/s (8.544e-03 s/TS) || Energy: ~2.69e-17 (-39.67dB)
[@     6m09s] Timestep:        41184 || Speed:  218.3 MC/s (8.601e-03 s/TS) || Energy: ~2.52e-17 (-39.95dB)
[@     6m14s] Timestep:        41712 || Speed:  218.6 MC/s (8.588e-03 s/TS) || Energy: ~1.76e-17 (-41.51dB)
RunFDTD: end-criteria of -40.00dB reached after 41712 timesteps (-41.51dB)
Time for 41712 iterations with 1877460.00 cells : 374.27 sec
Speed: 209.24 MCells/s 
env cells: [166, 195, 58] 1.87746 M
env rad. efficiency @2.44 GHz: 0.691 fmin: 1.905
