openEMS - fixed number of threads: 3
 ---------------------------------------------------------------------- 
 | openEMS 64bit -- version v0.37.0-rc3-31-g6761a36
 | (C) 2010-2026 Thorsten Liebig <thorsten.liebig@gmx.de>  GPL license
 ---------------------------------------------------------------------- 
	Used external libraries:
		CSXCAD -- Version: v0.7.0-rc3-7-g65e7591
		hdf5   -- Version: 1.10.10
		          compiled against: HDF5 library version: 1.10.10
		tinyxml -- compiled against: 2.6.2
		fparser
		boost  -- compiled against: 1_83
		vtk -- Version: 9.1.0
		       compiled against: 9.1.0

Create FDTD operator (compressed SSE + multi-threading)
openEMS::SetupFDTD: Warning, the timestep seems to be very small --> long simulation. Check your mesh!?
FDTD simulation size: 199x183x60 --> 2.18502e+06 FDTD cells 
FDTD timestep is: 9.67577e-14 s; Nyquist rate: 1476 timesteps @3.50105e+09 Hz
Excitation signal length is: 29608 timesteps (2.8648e-09s)
Max. number of timesteps: 600000 ( --> 20.2648 * Excitation signal length)
Create FDTD engine (compressed SSE + multi-threading)
Warning: Unused primitive (type: Box) detected in property: antenna!
Warning: Unused primitive (type: Box) detected in property: antenna!
Running FDTD engine... this may take a while... grab a cup of coffee?!?
[@        7s] Timestep:          369 || Speed:  106.7 MC/s (2.047e-02 s/TS) || Energy: ~9.62e-22 (- 0.00dB)
[@       14s] Timestep:          738 || Speed:  123.1 MC/s (1.775e-02 s/TS) || Energy: ~4.41e-21 (- 0.00dB)
[@       20s] Timestep:         1107 || Speed:  128.1 MC/s (1.705e-02 s/TS) || Energy: ~9.32e-21 (- 0.00dB)
[@       26s] Timestep:         1476 || Speed:  132.7 MC/s (1.647e-02 s/TS) || Energy: ~9.93e-21 (- 0.00dB)
[@       32s] Timestep:         1845 || Speed:  138.7 MC/s (1.576e-02 s/TS) || Energy: ~1.12e-20 (- 0.00dB)
[@       37s] Timestep:         2214 || Speed:  150.2 MC/s (1.454e-02 s/TS) || Energy: ~6.62e-20 (- 0.00dB)
[@       42s] Timestep:         2583 || Speed:  157.0 MC/s (1.392e-02 s/TS) || Energy: ~2.81e-19 (- 0.00dB)
[@       47s] Timestep:         2952 || Speed:  157.0 MC/s (1.391e-02 s/TS) || Energy: ~6.77e-19 (- 0.00dB)
[@       53s] Timestep:         3321 || Speed:  151.6 MC/s (1.442e-02 s/TS) || Energy: ~9.65e-19 (- 0.00dB)
[@       58s] Timestep:         3690 || Speed:  154.7 MC/s (1.413e-02 s/TS) || Energy: ~8.58e-19 (- 0.51dB)
[@     1m03s] Timestep:         4059 || Speed:  159.6 MC/s (1.369e-02 s/TS) || Energy: ~1.54e-18 (- 0.00dB)
[@     1m08s] Timestep:         4428 || Speed:  157.4 MC/s (1.388e-02 s/TS) || Energy: ~6.92e-18 (- 0.00dB)
[@     1m13s] Timestep:         4797 || Speed:  154.2 MC/s (1.417e-02 s/TS) || Energy: ~2.05e-17 (- 0.00dB)
[@     1m18s] Timestep:         5166 || Speed:  159.0 MC/s (1.374e-02 s/TS) || Energy: ~3.69e-17 (- 0.00dB)
[@     1m23s] Timestep:         5535 || Speed:  159.6 MC/s (1.369e-02 s/TS) || Energy: ~4.14e-17 (- 0.00dB)
[@     1m29s] Timestep:         5904 || Speed:  159.2 MC/s (1.372e-02 s/TS) || Energy: ~3.81e-17 (- 0.36dB)
[@     1m33s] Timestep:         6273 || Speed:  164.3 MC/s (1.330e-02 s/TS) || Energy: ~9.05e-17 (- 0.00dB)
[@     1m38s] Timestep:         6642 || Speed:  163.3 MC/s (1.338e-02 s/TS) || Energy: ~2.95e-16 (- 0.00dB)
[@     1m43s] Timestep:         7011 || Speed:  166.8 MC/s (1.310e-02 s/TS) || Energy: ~6.38e-16 (- 0.00dB)
[@     1m48s] Timestep:         7380 || Speed:  167.1 MC/s (1.308e-02 s/TS) || Energy: ~8.91e-16 (- 0.00dB)
[@     1m53s] Timestep:         7749 || Speed:  165.9 MC/s (1.317e-02 s/TS) || Energy: ~8.65e-16 (- 0.13dB)
[@     1m58s] Timestep:         8118 || Speed:  166.2 MC/s (1.315e-02 s/TS) || Energy: ~9.76e-16 (- 0.00dB)
[@     2m03s] Timestep:         8487 || Speed:  168.7 MC/s (1.295e-02 s/TS) || Energy: ~2.29e-15 (- 0.00dB)
[@     2m07s] Timestep:         8856 || Speed:  168.7 MC/s (1.295e-02 s/TS) || Energy: ~5.33e-15 (- 0.00dB)
[@     2m12s] Timestep:         9225 || Speed:  167.4 MC/s (1.305e-02 s/TS) || Energy: ~8.67e-15 (- 0.00dB)
[@     2m17s] Timestep:         9594 || Speed:  167.6 MC/s (1.304e-02 s/TS) || Energy: ~1.00e-14 (- 0.00dB)
[@     2m22s] Timestep:         9963 || Speed:  165.9 MC/s (1.317e-02 s/TS) || Energy: ~9.83e-15 (- 0.08dB)
[@     2m27s] Timestep:        10332 || Speed:  157.3 MC/s (1.389e-02 s/TS) || Energy: ~1.32e-14 (- 0.00dB)
[@     2m32s] Timestep:        10701 || Speed:  163.1 MC/s (1.339e-02 s/TS) || Energy: ~2.48e-14 (- 0.00dB)
[@     2m37s] Timestep:        11070 || Speed:  165.6 MC/s (1.320e-02 s/TS) || Energy: ~4.16e-14 (- 0.00dB)
[@     2m42s] Timestep:        11439 || Speed:  153.2 MC/s (1.426e-02 s/TS) || Energy: ~5.39e-14 (- 0.00dB)
[@     2m47s] Timestep:        11808 || Speed:  155.0 MC/s (1.409e-02 s/TS) || Energy: ~5.83e-14 (- 0.00dB)
[@     2m52s] Timestep:        12177 || Speed:  159.8 MC/s (1.368e-02 s/TS) || Energy: ~6.51e-14 (- 0.00dB)
[@     2m57s] Timestep:        12546 || Speed:  159.5 MC/s (1.370e-02 s/TS) || Energy: ~8.64e-14 (- 0.00dB)
[@     3m02s] Timestep:        12915 || Speed:  165.3 MC/s (1.322e-02 s/TS) || Energy: ~1.19e-13 (- 0.00dB)
[@     3m07s] Timestep:        13284 || Speed:  163.5 MC/s (1.336e-02 s/TS) || Energy: ~1.48e-13 (- 0.00dB)
[@     3m12s] Timestep:        13653 || Speed:  151.3 MC/s (1.444e-02 s/TS) || Energy: ~1.72e-13 (- 0.00dB)
[@     3m17s] Timestep:        14022 || Speed:  161.5 MC/s (1.353e-02 s/TS) || Energy: ~2.03e-13 (- 0.00dB)
[@     3m22s] Timestep:        14391 || Speed:  163.0 MC/s (1.341e-02 s/TS) || Energy: ~2.43e-13 (- 0.00dB)
[@     3m28s] Timestep:        14760 || Speed:  152.7 MC/s (1.431e-02 s/TS) || Energy: ~2.70e-13 (- 0.00dB)
[@     3m33s] Timestep:        15129 || Speed:  146.9 MC/s (1.487e-02 s/TS) || Energy: ~2.70e-13 (- 0.01dB)
[@     3m38s] Timestep:        15498 || Speed:  158.1 MC/s (1.382e-02 s/TS) || Energy: ~2.81e-13 (- 0.00dB)
[@     3m43s] Timestep:        15867 || Speed:  167.1 MC/s (1.308e-02 s/TS) || Energy: ~3.48e-13 (- 0.00dB)
[@     3m48s] Timestep:        16236 || Speed:  164.1 MC/s (1.331e-02 s/TS) || Energy: ~4.49e-13 (- 0.00dB)
[@     3m53s] Timestep:        16605 || Speed:  167.9 MC/s (1.301e-02 s/TS) || Energy: ~4.91e-13 (- 0.00dB)
[@     3m58s] Timestep:        16974 || Speed:  162.8 MC/s (1.342e-02 s/TS) || Energy: ~4.28e-13 (- 0.60dB)
[@     4m03s] Timestep:        17343 || Speed:  164.0 MC/s (1.332e-02 s/TS) || Energy: ~3.46e-13 (- 1.52dB)
[@     4m07s] Timestep:        17712 || Speed:  167.3 MC/s (1.306e-02 s/TS) || Energy: ~3.75e-13 (- 1.17dB)
[@     4m12s] Timestep:        18081 || Speed:  163.4 MC/s (1.338e-02 s/TS) || Energy: ~5.12e-13 (- 0.00dB)
[@     4m17s] Timestep:        18450 || Speed:  163.1 MC/s (1.339e-02 s/TS) || Energy: ~6.08e-13 (- 0.00dB)
[@     4m22s] Timestep:        18819 || Speed:  157.5 MC/s (1.387e-02 s/TS) || Energy: ~5.45e-13 (- 0.48dB)
[@     4m29s] Timestep:        19188 || Speed:  132.9 MC/s (1.644e-02 s/TS) || Energy: ~3.93e-13 (- 1.89dB)
[@     4m36s] Timestep:        19557 || Speed:  112.3 MC/s (1.946e-02 s/TS) || Energy: ~3.27e-13 (- 2.69dB)
[@     4m41s] Timestep:        19926 || Speed:  149.1 MC/s (1.466e-02 s/TS) || Energy: ~4.09e-13 (- 1.72dB)
[@     4m47s] Timestep:        20295 || Speed:  139.2 MC/s (1.570e-02 s/TS) || Energy: ~5.16e-13 (- 0.71dB)
[@     4m53s] Timestep:        20664 || Speed:  141.5 MC/s (1.545e-02 s/TS) || Energy: ~5.00e-13 (- 0.85dB)
[@     4m58s] Timestep:        21033 || Speed:  153.1 MC/s (1.427e-02 s/TS) || Energy: ~3.69e-13 (- 2.17dB)
[@     5m03s] Timestep:        21402 || Speed:  161.5 MC/s (1.353e-02 s/TS) || Energy: ~2.58e-13 (- 3.72dB)
[@     5m08s] Timestep:        21771 || Speed:  162.2 MC/s (1.347e-02 s/TS) || Energy: ~2.63e-13 (- 3.64dB)
[@     5m13s] Timestep:        22140 || Speed:  164.0 MC/s (1.332e-02 s/TS) || Energy: ~3.30e-13 (- 2.65dB)
[@     5m18s] Timestep:        22509 || Speed:  147.5 MC/s (1.481e-02 s/TS) || Energy: ~3.45e-13 (- 2.46dB)
[@     5m24s] Timestep:        22878 || Speed:  151.6 MC/s (1.442e-02 s/TS) || Energy: ~2.73e-13 (- 3.48dB)
[@     5m29s] Timestep:        23247 || Speed:  153.1 MC/s (1.427e-02 s/TS) || Energy: ~1.81e-13 (- 5.27dB)
[@     5m34s] Timestep:        23616 || Speed:  153.9 MC/s (1.420e-02 s/TS) || Energy: ~1.46e-13 (- 6.19dB)
[@     5m39s] Timestep:        23985 || Speed:  150.6 MC/s (1.451e-02 s/TS) || Energy: ~1.70e-13 (- 5.55dB)
[@     5m44s] Timestep:        24354 || Speed:  160.1 MC/s (1.365e-02 s/TS) || Energy: ~1.91e-13 (- 5.04dB)
[@     5m49s] Timestep:        24723 || Speed:  162.0 MC/s (1.349e-02 s/TS) || Energy: ~1.67e-13 (- 5.60dB)
[@     5m55s] Timestep:        25092 || Speed:  157.7 MC/s (1.386e-02 s/TS) || Energy: ~1.15e-13 (- 7.22dB)
[@     5m59s] Timestep:        25461 || Speed:  163.1 MC/s (1.340e-02 s/TS) || Energy: ~7.84e-14 (- 8.90dB)
[@     6m04s] Timestep:        25830 || Speed:  162.3 MC/s (1.347e-02 s/TS) || Energy: ~7.55e-14 (- 9.06dB)
[@     6m09s] Timestep:        26199 || Speed:  161.5 MC/s (1.353e-02 s/TS) || Energy: ~8.77e-14 (- 8.41dB)
[@     6m14s] Timestep:        26568 || Speed:  169.9 MC/s (1.286e-02 s/TS) || Energy: ~8.73e-14 (- 8.43dB)
[@     6m19s] Timestep:        26937 || Speed:  167.1 MC/s (1.308e-02 s/TS) || Energy: ~6.79e-14 (- 9.52dB)
[@     6m24s] Timestep:        27306 || Speed:  169.9 MC/s (1.286e-02 s/TS) || Energy: ~4.47e-14 (-11.34dB)
[@     6m29s] Timestep:        27675 || Speed:  157.4 MC/s (1.388e-02 s/TS) || Energy: ~3.38e-14 (-12.55dB)
[@     6m34s] Timestep:        28044 || Speed:  156.9 MC/s (1.393e-02 s/TS) || Energy: ~3.57e-14 (-12.31dB)
[@     6m39s] Timestep:        28413 || Speed:  164.6 MC/s (1.328e-02 s/TS) || Energy: ~3.94e-14 (-11.88dB)
[@     6m44s] Timestep:        28782 || Speed:  168.1 MC/s (1.300e-02 s/TS) || Energy: ~3.59e-14 (-12.29dB)
[@     6m49s] Timestep:        29151 || Speed:  165.2 MC/s (1.322e-02 s/TS) || Energy: ~2.62e-14 (-13.65dB)
[@     6m53s] Timestep:        29520 || Speed:  166.8 MC/s (1.310e-02 s/TS) || Energy: ~1.76e-14 (-15.39dB)
[@     6m58s] Timestep:        29889 || Speed:  164.8 MC/s (1.326e-02 s/TS) || Energy: ~1.47e-14 (-16.17dB)
[@     7m03s] Timestep:        30258 || Speed:  165.1 MC/s (1.324e-02 s/TS) || Energy: ~1.60e-14 (-15.79dB)
[@     7m08s] Timestep:        30627 || Speed:  168.0 MC/s (1.301e-02 s/TS) || Energy: ~1.69e-14 (-15.57dB)
[@     7m13s] Timestep:        30996 || Speed:  165.3 MC/s (1.322e-02 s/TS) || Energy: ~1.45e-14 (-16.22dB)
[@     7m18s] Timestep:        31365 || Speed:  164.7 MC/s (1.327e-02 s/TS) || Energy: ~1.03e-14 (-17.72dB)
[@     7m23s] Timestep:        31734 || Speed:  167.2 MC/s (1.307e-02 s/TS) || Energy: ~7.11e-15 (-19.32dB)
[@     7m27s] Timestep:        32103 || Speed:  170.1 MC/s (1.284e-02 s/TS) || Energy: ~6.42e-15 (-19.77dB)
[@     7m33s] Timestep:        32472 || Speed:  154.5 MC/s (1.414e-02 s/TS) || Energy: ~7.10e-15 (-19.33dB)
[@     7m37s] Timestep:        32841 || Speed:  167.0 MC/s (1.309e-02 s/TS) || Energy: ~7.19e-15 (-19.27dB)
[@     7m42s] Timestep:        33210 || Speed:  163.7 MC/s (1.335e-02 s/TS) || Energy: ~5.91e-15 (-20.13dB)
[@     7m47s] Timestep:        33579 || Speed:  164.7 MC/s (1.327e-02 s/TS) || Energy: ~4.08e-15 (-21.73dB)
[@     7m52s] Timestep:        33948 || Speed:  162.4 MC/s (1.345e-02 s/TS) || Energy: ~2.94e-15 (-23.16dB)
[@     7m57s] Timestep:        34317 || Speed:  165.4 MC/s (1.321e-02 s/TS) || Energy: ~2.85e-15 (-23.29dB)
[@     8m02s] Timestep:        34686 || Speed:  163.3 MC/s (1.338e-02 s/TS) || Energy: ~3.16e-15 (-22.84dB)
[@     8m07s] Timestep:        35055 || Speed:  169.3 MC/s (1.291e-02 s/TS) || Energy: ~3.07e-15 (-22.97dB)
[@     8m12s] Timestep:        35424 || Speed:  167.4 MC/s (1.305e-02 s/TS) || Energy: ~2.40e-15 (-24.03dB)
[@     8m16s] Timestep:        35793 || Speed:  168.1 MC/s (1.300e-02 s/TS) || Energy: ~1.63e-15 (-25.72dB)
[@     8m21s] Timestep:        36162 || Speed:  169.9 MC/s (1.286e-02 s/TS) || Energy: ~1.24e-15 (-26.90dB)
[@     8m26s] Timestep:        36531 || Speed:  166.9 MC/s (1.309e-02 s/TS) || Energy: ~1.29e-15 (-26.75dB)
[@     8m32s] Timestep:        36900 || Speed:  137.4 MC/s (1.590e-02 s/TS) || Energy: ~1.41e-15 (-26.35dB)
[@     8m37s] Timestep:        37269 || Speed:  144.5 MC/s (1.512e-02 s/TS) || Energy: ~1.30e-15 (-26.70dB)
[@     8m44s] Timestep:        37638 || Speed:  117.1 MC/s (1.865e-02 s/TS) || Energy: ~9.67e-16 (-27.98dB)
[@     8m50s] Timestep:        38007 || Speed:  151.8 MC/s (1.440e-02 s/TS) || Energy: ~6.52e-16 (-29.70dB)
[@     8m56s] Timestep:        38376 || Speed:  133.5 MC/s (1.636e-02 s/TS) || Energy: ~5.38e-16 (-30.53dB)
[@     9m02s] Timestep:        38745 || Speed:  117.9 MC/s (1.853e-02 s/TS) || Energy: ~5.85e-16 (-30.17dB)
[@     9m08s] Timestep:        39114 || Speed:  157.5 MC/s (1.388e-02 s/TS) || Energy: ~6.22e-16 (-29.90dB)
[@     9m12s] Timestep:        39483 || Speed:  170.2 MC/s (1.284e-02 s/TS) || Energy: ~5.41e-16 (-30.50dB)
[@     9m20s] Timestep:        40221 || Speed:  218.6 MC/s (9.995e-03 s/TS) || Energy: ~2.64e-16 (-33.62dB)
[@     9m27s] Timestep:        40959 || Speed:  218.0 MC/s (1.002e-02 s/TS) || Energy: ~2.65e-16 (-33.61dB)
[@     9m35s] Timestep:        41697 || Speed:  212.5 MC/s (1.028e-02 s/TS) || Energy: ~2.22e-16 (-34.38dB)
[@     9m42s] Timestep:        42435 || Speed:  215.5 MC/s (1.014e-02 s/TS) || Energy: ~1.09e-16 (-37.45dB)
[@     9m50s] Timestep:        43173 || Speed:  216.1 MC/s (1.011e-02 s/TS) || Energy: ~1.19e-16 (-37.09dB)
[@     9m57s] Timestep:        43911 || Speed:  212.9 MC/s (1.026e-02 s/TS) || Energy: ~8.95e-17 (-38.32dB)
[@    10m05s] Timestep:        44649 || Speed:  215.7 MC/s (1.013e-02 s/TS) || Energy: ~4.63e-17 (-41.18dB)
RunFDTD: end-criteria of -40.00dB reached after 44649 timesteps (-41.18dB)
Time for 44649 iterations with 2185020.00 cells : 605.16 sec
Speed: 161.21 MCells/s 
env_v2_trim6.64_air4 cells: [199, 183, 60] 2.18502 M; nf2ff box [[-30.0, 30.0], [-10.7, 10.6], [-5.3, 5.0]]
env_v2_trim6.64_air4 rad. efficiency @2.40/2.44/2.48 GHz: [0.801 0.811 0.823] fmin: 2.505
