openEMS - fixed number of threads: 3
 ---------------------------------------------------------------------- 
 | openEMS 64bit -- version v0.37.0-rc3-31-g6761a36
 | (C) 2010-2026 Thorsten Liebig <thorsten.liebig@gmx.de>  GPL license
 ---------------------------------------------------------------------- 
	Used external libraries:
		CSXCAD -- Version: v0.7.0-rc3-7-g65e7591
		hdf5   -- Version: 1.10.10
		          compiled against: HDF5 library version: 1.10.10
		tinyxml -- compiled against: 2.6.2
		fparser
		boost  -- compiled against: 1_83
		vtk -- Version: 9.1.0
		       compiled against: 9.1.0

Create FDTD operator (compressed SSE + multi-threading)
openEMS::SetupFDTD: Warning, the timestep seems to be very small --> long simulation. Check your mesh!?
FDTD simulation size: 209x197x74 --> 3.0468e+06 FDTD cells 
FDTD timestep is: 9.67577e-14 s; Nyquist rate: 1476 timesteps @3.50105e+09 Hz
Excitation signal length is: 29608 timesteps (2.8648e-09s)
Max. number of timesteps: 600000 ( --> 20.2648 * Excitation signal length)
Create FDTD engine (compressed SSE + multi-threading)
Warning: Unused primitive (type: Box) detected in property: antenna!
Warning: Unused primitive (type: Box) detected in property: antenna!
Running FDTD engine... this may take a while... grab a cup of coffee?!?
[@        7s] Timestep:          369 || Speed:  145.3 MC/s (2.098e-02 s/TS) || Energy: ~9.62e-22 (- 0.00dB)
[@       17s] Timestep:          738 || Speed:  118.0 MC/s (2.582e-02 s/TS) || Energy: ~4.41e-21 (- 0.00dB)
[@       26s] Timestep:         1107 || Speed:  118.3 MC/s (2.576e-02 s/TS) || Energy: ~9.31e-21 (- 0.00dB)
[@       36s] Timestep:         1476 || Speed:  112.9 MC/s (2.700e-02 s/TS) || Energy: ~9.93e-21 (- 0.00dB)
[@       46s] Timestep:         1845 || Speed:  113.0 MC/s (2.697e-02 s/TS) || Energy: ~1.13e-20 (- 0.00dB)
[@       56s] Timestep:         2214 || Speed:  118.6 MC/s (2.568e-02 s/TS) || Energy: ~6.64e-20 (- 0.00dB)
[@     1m06s] Timestep:         2583 || Speed:  112.3 MC/s (2.712e-02 s/TS) || Energy: ~2.82e-19 (- 0.00dB)
[@     1m15s] Timestep:         2952 || Speed:  118.9 MC/s (2.563e-02 s/TS) || Energy: ~6.77e-19 (- 0.00dB)
[@     1m25s] Timestep:         3321 || Speed:  115.4 MC/s (2.640e-02 s/TS) || Energy: ~9.65e-19 (- 0.00dB)
[@     1m34s] Timestep:         3690 || Speed:  118.4 MC/s (2.573e-02 s/TS) || Energy: ~8.59e-19 (- 0.50dB)
[@     1m44s] Timestep:         4059 || Speed:  115.3 MC/s (2.643e-02 s/TS) || Energy: ~1.54e-18 (- 0.00dB)
[@     1m53s] Timestep:         4428 || Speed:  119.9 MC/s (2.540e-02 s/TS) || Energy: ~6.93e-18 (- 0.00dB)
[@     2m03s] Timestep:         4797 || Speed:  118.6 MC/s (2.569e-02 s/TS) || Energy: ~2.05e-17 (- 0.00dB)
[@     2m13s] Timestep:         5166 || Speed:  117.0 MC/s (2.605e-02 s/TS) || Energy: ~3.69e-17 (- 0.00dB)
[@     2m22s] Timestep:         5535 || Speed:  116.7 MC/s (2.612e-02 s/TS) || Energy: ~4.14e-17 (- 0.00dB)
[@     2m32s] Timestep:         5904 || Speed:  117.9 MC/s (2.584e-02 s/TS) || Energy: ~3.81e-17 (- 0.36dB)
[@     2m42s] Timestep:         6273 || Speed:  112.7 MC/s (2.703e-02 s/TS) || Energy: ~9.05e-17 (- 0.00dB)
[@     2m52s] Timestep:         6642 || Speed:  114.9 MC/s (2.652e-02 s/TS) || Energy: ~2.95e-16 (- 0.00dB)
[@     3m01s] Timestep:         7011 || Speed:  118.0 MC/s (2.583e-02 s/TS) || Energy: ~6.38e-16 (- 0.00dB)
[@     3m11s] Timestep:         7380 || Speed:  111.6 MC/s (2.731e-02 s/TS) || Energy: ~8.91e-16 (- 0.00dB)
[@     3m21s] Timestep:         7749 || Speed:  118.1 MC/s (2.579e-02 s/TS) || Energy: ~8.65e-16 (- 0.13dB)
[@     3m30s] Timestep:         8118 || Speed:  118.3 MC/s (2.576e-02 s/TS) || Energy: ~9.73e-16 (- 0.00dB)
[@     3m40s] Timestep:         8487 || Speed:  116.5 MC/s (2.615e-02 s/TS) || Energy: ~2.28e-15 (- 0.00dB)
[@     3m50s] Timestep:         8856 || Speed:  115.1 MC/s (2.648e-02 s/TS) || Energy: ~5.32e-15 (- 0.00dB)
[@     3m59s] Timestep:         9225 || Speed:  115.1 MC/s (2.646e-02 s/TS) || Energy: ~8.68e-15 (- 0.00dB)
[@     4m09s] Timestep:         9594 || Speed:  114.5 MC/s (2.661e-02 s/TS) || Energy: ~1.00e-14 (- 0.00dB)
[@     4m19s] Timestep:         9963 || Speed:  115.0 MC/s (2.649e-02 s/TS) || Energy: ~9.79e-15 (- 0.10dB)
[@     4m29s] Timestep:        10332 || Speed:  114.7 MC/s (2.656e-02 s/TS) || Energy: ~1.31e-14 (- 0.00dB)
[@     4m39s] Timestep:        10701 || Speed:  113.2 MC/s (2.692e-02 s/TS) || Energy: ~2.47e-14 (- 0.00dB)
[@     4m49s] Timestep:        11070 || Speed:  110.4 MC/s (2.759e-02 s/TS) || Energy: ~4.15e-14 (- 0.00dB)
[@     4m59s] Timestep:        11439 || Speed:  113.2 MC/s (2.692e-02 s/TS) || Energy: ~5.39e-14 (- 0.00dB)
[@     5m08s] Timestep:        11808 || Speed:  115.7 MC/s (2.634e-02 s/TS) || Energy: ~5.81e-14 (- 0.00dB)
[@     5m18s] Timestep:        12177 || Speed:  122.8 MC/s (2.481e-02 s/TS) || Energy: ~6.44e-14 (- 0.00dB)
[@     5m27s] Timestep:        12546 || Speed:  121.1 MC/s (2.516e-02 s/TS) || Energy: ~8.55e-14 (- 0.00dB)
[@     5m36s] Timestep:        12915 || Speed:  126.1 MC/s (2.417e-02 s/TS) || Energy: ~1.18e-13 (- 0.00dB)
[@     5m45s] Timestep:        13284 || Speed:  127.9 MC/s (2.383e-02 s/TS) || Energy: ~1.48e-13 (- 0.00dB)
[@     5m54s] Timestep:        13653 || Speed:  123.9 MC/s (2.459e-02 s/TS) || Energy: ~1.71e-13 (- 0.00dB)
[@     6m02s] Timestep:        14022 || Speed:  128.7 MC/s (2.367e-02 s/TS) || Energy: ~2.01e-13 (- 0.00dB)
[@     6m11s] Timestep:        14391 || Speed:  125.5 MC/s (2.428e-02 s/TS) || Energy: ~2.40e-13 (- 0.00dB)
[@     6m20s] Timestep:        14760 || Speed:  128.0 MC/s (2.380e-02 s/TS) || Energy: ~2.67e-13 (- 0.00dB)
[@     6m29s] Timestep:        15129 || Speed:  128.0 MC/s (2.380e-02 s/TS) || Energy: ~2.69e-13 (- 0.00dB)
[@     6m38s] Timestep:        15498 || Speed:  130.9 MC/s (2.327e-02 s/TS) || Energy: ~2.80e-13 (- 0.00dB)
[@     6m46s] Timestep:        15867 || Speed:  128.6 MC/s (2.369e-02 s/TS) || Energy: ~3.44e-13 (- 0.00dB)
[@     6m55s] Timestep:        16236 || Speed:  127.4 MC/s (2.392e-02 s/TS) || Energy: ~4.41e-13 (- 0.00dB)
[@     7m04s] Timestep:        16605 || Speed:  133.3 MC/s (2.286e-02 s/TS) || Energy: ~4.82e-13 (- 0.00dB)
[@     7m12s] Timestep:        16974 || Speed:  131.0 MC/s (2.327e-02 s/TS) || Energy: ~4.22e-13 (- 0.57dB)
[@     7m21s] Timestep:        17343 || Speed:  133.3 MC/s (2.286e-02 s/TS) || Energy: ~3.44e-13 (- 1.46dB)
[@     7m29s] Timestep:        17712 || Speed:  130.8 MC/s (2.330e-02 s/TS) || Energy: ~3.71e-13 (- 1.14dB)
[@     7m38s] Timestep:        18081 || Speed:  122.6 MC/s (2.486e-02 s/TS) || Energy: ~5.02e-13 (- 0.00dB)
[@     7m47s] Timestep:        18450 || Speed:  135.5 MC/s (2.248e-02 s/TS) || Energy: ~5.94e-13 (- 0.00dB)
[@     7m55s] Timestep:        18819 || Speed:  130.6 MC/s (2.333e-02 s/TS) || Energy: ~5.35e-13 (- 0.46dB)
[@     8m04s] Timestep:        19188 || Speed:  133.6 MC/s (2.281e-02 s/TS) || Energy: ~3.90e-13 (- 1.83dB)
[@     8m12s] Timestep:        19557 || Speed:  133.2 MC/s (2.288e-02 s/TS) || Energy: ~3.25e-13 (- 2.61dB)
[@     8m21s] Timestep:        19926 || Speed:  134.0 MC/s (2.274e-02 s/TS) || Energy: ~4.02e-13 (- 1.70dB)
[@     8m29s] Timestep:        20295 || Speed:  130.1 MC/s (2.342e-02 s/TS) || Energy: ~5.03e-13 (- 0.72dB)
[@     8m38s] Timestep:        20664 || Speed:  126.9 MC/s (2.400e-02 s/TS) || Energy: ~4.88e-13 (- 0.85dB)
[@     8m47s] Timestep:        21033 || Speed:  131.1 MC/s (2.323e-02 s/TS) || Energy: ~3.63e-13 (- 2.14dB)
[@     8m55s] Timestep:        21402 || Speed:  129.1 MC/s (2.359e-02 s/TS) || Energy: ~2.57e-13 (- 3.63dB)
[@     9m09s] Timestep:        21771 || Speed:   79.4 MC/s (3.837e-02 s/TS) || Energy: ~2.60e-13 (- 3.59dB)
[@     9m20s] Timestep:        22140 || Speed:  107.9 MC/s (2.824e-02 s/TS) || Energy: ~3.21e-13 (- 2.67dB)
[@     9m31s] Timestep:        22509 || Speed:  105.2 MC/s (2.896e-02 s/TS) || Energy: ~3.35e-13 (- 2.49dB)
[@     9m41s] Timestep:        22878 || Speed:  111.1 MC/s (2.744e-02 s/TS) || Energy: ~2.66e-13 (- 3.49dB)
[@     9m51s] Timestep:        23247 || Speed:  109.7 MC/s (2.777e-02 s/TS) || Energy: ~1.79e-13 (- 5.20dB)
[@    10m07s] Timestep:        23616 || Speed:   67.8 MC/s (4.491e-02 s/TS) || Energy: ~1.46e-13 (- 6.11dB)
[@    10m22s] Timestep:        23985 || Speed:   75.1 MC/s (4.057e-02 s/TS) || Energy: ~1.66e-13 (- 5.55dB)
[@    10m41s] Timestep:        24354 || Speed:   62.2 MC/s (4.901e-02 s/TS) || Energy: ~1.84e-13 (- 5.10dB)
[@    11m21s] Timestep:        24723 || Speed:   27.7 MC/s (1.098e-01 s/TS) || Energy: ~1.61e-13 (- 5.66dB)
[@    12m09s] Timestep:        25092 || Speed:   23.6 MC/s (1.291e-01 s/TS) || Energy: ~1.13e-13 (- 7.20dB)
[@    12m27s] Timestep:        25461 || Speed:   61.3 MC/s (4.968e-02 s/TS) || Energy: ~7.84e-14 (- 8.80dB)
[@    12m37s] Timestep:        25830 || Speed:  116.7 MC/s (2.611e-02 s/TS) || Energy: ~7.42e-14 (- 9.03dB)
[@    12m47s] Timestep:        26199 || Speed:  112.7 MC/s (2.704e-02 s/TS) || Energy: ~8.39e-14 (- 8.50dB)
[@    12m58s] Timestep:        26568 || Speed:   97.9 MC/s (3.112e-02 s/TS) || Energy: ~8.29e-14 (- 8.55dB)
[@    13m09s] Timestep:        26937 || Speed:  106.7 MC/s (2.854e-02 s/TS) || Energy: ~6.53e-14 (- 9.59dB)
[@    13m19s] Timestep:        27306 || Speed:  108.6 MC/s (2.805e-02 s/TS) || Energy: ~4.43e-14 (-11.27dB)
[@    13m29s] Timestep:        27675 || Speed:  113.8 MC/s (2.677e-02 s/TS) || Energy: ~3.36e-14 (-12.47dB)
[@    13m38s] Timestep:        28044 || Speed:  117.9 MC/s (2.584e-02 s/TS) || Energy: ~3.42e-14 (-12.40dB)
[@    13m48s] Timestep:        28413 || Speed:  119.5 MC/s (2.550e-02 s/TS) || Energy: ~3.68e-14 (-12.07dB)
[@    13m57s] Timestep:        28782 || Speed:  119.0 MC/s (2.561e-02 s/TS) || Energy: ~3.38e-14 (-12.45dB)
[@    14m07s] Timestep:        29151 || Speed:  117.5 MC/s (2.594e-02 s/TS) || Energy: ~2.54e-14 (-13.69dB)
[@    14m16s] Timestep:        29520 || Speed:  121.3 MC/s (2.511e-02 s/TS) || Energy: ~1.75e-14 (-15.30dB)
[@    14m25s] Timestep:        29889 || Speed:  124.8 MC/s (2.441e-02 s/TS) || Energy: ~1.43e-14 (-16.18dB)
[@    14m34s] Timestep:        30258 || Speed:  122.8 MC/s (2.482e-02 s/TS) || Energy: ~1.49e-14 (-16.02dB)
[@    14m44s] Timestep:        30627 || Speed:  113.9 MC/s (2.675e-02 s/TS) || Energy: ~1.54e-14 (-15.85dB)
[@    14m53s] Timestep:        30996 || Speed:  121.0 MC/s (2.519e-02 s/TS) || Energy: ~1.36e-14 (-16.39dB)
[@    15m03s] Timestep:        31365 || Speed:  121.7 MC/s (2.504e-02 s/TS) || Energy: ~1.01e-14 (-17.70dB)
[@    15m12s] Timestep:        31734 || Speed:  117.7 MC/s (2.589e-02 s/TS) || Energy: ~7.11e-15 (-19.22dB)
[@    15m21s] Timestep:        32103 || Speed:  125.2 MC/s (2.435e-02 s/TS) || Energy: ~6.08e-15 (-19.90dB)
[@    15m30s] Timestep:        32472 || Speed:  121.8 MC/s (2.502e-02 s/TS) || Energy: ~6.39e-15 (-19.68dB)
[@    15m40s] Timestep:        32841 || Speed:  123.3 MC/s (2.472e-02 s/TS) || Energy: ~6.52e-15 (-19.60dB)
[@    15m48s] Timestep:        33210 || Speed:  127.7 MC/s (2.387e-02 s/TS) || Energy: ~5.60e-15 (-20.25dB)
[@    15m57s] Timestep:        33579 || Speed:  124.4 MC/s (2.450e-02 s/TS) || Energy: ~4.07e-15 (-21.64dB)
[@    16m07s] Timestep:        33948 || Speed:  120.5 MC/s (2.529e-02 s/TS) || Energy: ~2.92e-15 (-23.08dB)
[@    16m16s] Timestep:        34317 || Speed:  126.5 MC/s (2.408e-02 s/TS) || Energy: ~2.61e-15 (-23.56dB)
[@    16m25s] Timestep:        34686 || Speed:  116.4 MC/s (2.618e-02 s/TS) || Energy: ~2.80e-15 (-23.27dB)
[@    16m36s] Timestep:        35055 || Speed:  109.4 MC/s (2.786e-02 s/TS) || Energy: ~2.79e-15 (-23.28dB)
[@    16m45s] Timestep:        35424 || Speed:  121.9 MC/s (2.499e-02 s/TS) || Energy: ~2.32e-15 (-24.08dB)
[@    16m54s] Timestep:        35793 || Speed:  120.6 MC/s (2.527e-02 s/TS) || Energy: ~1.65e-15 (-25.56dB)
[@    17m04s] Timestep:        36162 || Speed:  116.9 MC/s (2.606e-02 s/TS) || Energy: ~1.21e-15 (-26.90dB)
[@    17m13s] Timestep:        36531 || Speed:  116.1 MC/s (2.625e-02 s/TS) || Energy: ~1.14e-15 (-27.15dB)
[@    17m23s] Timestep:        36900 || Speed:  120.6 MC/s (2.526e-02 s/TS) || Energy: ~1.23e-15 (-26.82dB)
[@    17m32s] Timestep:        37269 || Speed:  127.9 MC/s (2.382e-02 s/TS) || Energy: ~1.20e-15 (-26.96dB)
[@    17m41s] Timestep:        37638 || Speed:  124.6 MC/s (2.445e-02 s/TS) || Energy: ~9.55e-16 (-27.93dB)
[@    17m50s] Timestep:        38007 || Speed:  118.9 MC/s (2.562e-02 s/TS) || Energy: ~6.68e-16 (-29.49dB)
[@    17m59s] Timestep:        38376 || Speed:  122.8 MC/s (2.481e-02 s/TS) || Energy: ~5.09e-16 (-30.67dB)
[@    18m09s] Timestep:        38745 || Speed:  118.2 MC/s (2.577e-02 s/TS) || Energy: ~5.06e-16 (-30.70dB)
[@    18m18s] Timestep:        39114 || Speed:  120.6 MC/s (2.526e-02 s/TS) || Energy: ~5.43e-16 (-30.39dB)
[@    18m27s] Timestep:        39483 || Speed:  121.0 MC/s (2.519e-02 s/TS) || Energy: ~5.06e-16 (-30.70dB)
[@    18m37s] Timestep:        39852 || Speed:  121.9 MC/s (2.500e-02 s/TS) || Energy: ~3.89e-16 (-31.84dB)
[@    18m46s] Timestep:        40221 || Speed:  120.7 MC/s (2.523e-02 s/TS) || Energy: ~2.70e-16 (-33.42dB)
[@    18m56s] Timestep:        40590 || Speed:  112.9 MC/s (2.700e-02 s/TS) || Energy: ~2.17e-16 (-34.37dB)
[@    19m06s] Timestep:        40959 || Speed:  113.3 MC/s (2.688e-02 s/TS) || Energy: ~2.24e-16 (-34.23dB)
[@    19m16s] Timestep:        41328 || Speed:  114.2 MC/s (2.667e-02 s/TS) || Energy: ~2.36e-16 (-34.00dB)
[@    19m25s] Timestep:        41697 || Speed:  114.3 MC/s (2.667e-02 s/TS) || Energy: ~2.11e-16 (-34.49dB)
[@    19m35s] Timestep:        42066 || Speed:  121.3 MC/s (2.512e-02 s/TS) || Energy: ~1.57e-16 (-35.78dB)
[@    19m44s] Timestep:        42435 || Speed:  124.0 MC/s (2.457e-02 s/TS) || Energy: ~1.10e-16 (-37.33dB)
[@    19m53s] Timestep:        42804 || Speed:  122.2 MC/s (2.494e-02 s/TS) || Energy: ~9.34e-17 (-38.03dB)
[@    20m02s] Timestep:        43173 || Speed:  118.0 MC/s (2.581e-02 s/TS) || Energy: ~9.92e-17 (-37.77dB)
[@    20m12s] Timestep:        43542 || Speed:  115.5 MC/s (2.639e-02 s/TS) || Energy: ~1.02e-16 (-37.66dB)
[@    20m21s] Timestep:        43911 || Speed:  123.8 MC/s (2.462e-02 s/TS) || Energy: ~8.75e-17 (-38.32dB)
[@    20m31s] Timestep:        44280 || Speed:  110.7 MC/s (2.752e-02 s/TS) || Energy: ~6.32e-17 (-39.73dB)
[@    20m40s] Timestep:        44649 || Speed:  129.7 MC/s (2.349e-02 s/TS) || Energy: ~4.51e-17 (-41.20dB)
RunFDTD: end-criteria of -40.00dB reached after 44649 timesteps (-41.20dB)
Time for 44649 iterations with 3046802.00 cells : 1240.61 sec
Speed: 109.65 MCells/s 
env_v2_trim6.64_bar1.15 cells: [209, 197, 74] 3.046802 M; nf2ff box [[-52.0, 52.0], [-30.0, 29.8], [-24.9, 24.2]]
env_v2_trim6.64_bar1.15 rad. efficiency @2.40/2.44/2.48 GHz: [0.813 0.823 0.836] fmin: 2.4875
