openEMS - fixed number of threads: 2
 ---------------------------------------------------------------------- 
 | openEMS 64bit -- version v0.37.0-rc3-31-g6761a36
 | (C) 2010-2026 Thorsten Liebig <thorsten.liebig@gmx.de>  GPL license
 ---------------------------------------------------------------------- 
	Used external libraries:
		CSXCAD -- Version: v0.7.0-rc3-7-g65e7591
		hdf5   -- Version: 1.10.10
		          compiled against: HDF5 library version: 1.10.10
		tinyxml -- compiled against: 2.6.2
		fparser
		boost  -- compiled against: 1_83
		vtk -- Version: 9.1.0
		       compiled against: 9.1.0

Create FDTD operator (compressed SSE + multi-threading)
openEMS::SetupFDTD: Warning, the timestep seems to be very small --> long simulation. Check your mesh!?
FDTD simulation size: 184x195x74 --> 2.65512e+06 FDTD cells 
FDTD timestep is: 9.67577e-14 s; Nyquist rate: 1476 timesteps @3.50105e+09 Hz
Excitation signal length is: 29608 timesteps (2.8648e-09s)
Max. number of timesteps: 600000 ( --> 20.2648 * Excitation signal length)
Create FDTD engine (compressed SSE + multi-threading)
Warning: Unused primitive (type: Box) detected in property: antenna!
Warning: Unused primitive (type: Box) detected in property: antenna!
Running FDTD engine... this may take a while... grab a cup of coffee?!?
[@        7s] Timestep:          369 || Speed:  129.2 MC/s (2.055e-02 s/TS) || Energy: ~9.59e-22 (- 0.00dB)
[@       16s] Timestep:          738 || Speed:  105.2 MC/s (2.525e-02 s/TS) || Energy: ~4.41e-21 (- 0.00dB)
[@       26s] Timestep:         1107 || Speed:  101.8 MC/s (2.608e-02 s/TS) || Energy: ~9.34e-21 (- 0.00dB)
[@       36s] Timestep:         1476 || Speed:  100.2 MC/s (2.649e-02 s/TS) || Energy: ~1.00e-20 (- 0.00dB)
[@       46s] Timestep:         1845 || Speed:   96.7 MC/s (2.746e-02 s/TS) || Energy: ~1.11e-20 (- 0.00dB)
[@       56s] Timestep:         2214 || Speed:  100.3 MC/s (2.646e-02 s/TS) || Energy: ~6.57e-20 (- 0.00dB)
[@     1m06s] Timestep:         2583 || Speed:   98.4 MC/s (2.698e-02 s/TS) || Energy: ~2.81e-19 (- 0.00dB)
[@     1m15s] Timestep:         2952 || Speed:   99.7 MC/s (2.664e-02 s/TS) || Energy: ~6.78e-19 (- 0.00dB)
[@     1m25s] Timestep:         3321 || Speed:  100.0 MC/s (2.655e-02 s/TS) || Energy: ~9.71e-19 (- 0.00dB)
[@     1m35s] Timestep:         3690 || Speed:  101.1 MC/s (2.626e-02 s/TS) || Energy: ~8.70e-19 (- 0.48dB)
[@     1m45s] Timestep:         4059 || Speed:   98.8 MC/s (2.688e-02 s/TS) || Energy: ~1.54e-18 (- 0.00dB)
[@     1m55s] Timestep:         4428 || Speed:  101.5 MC/s (2.616e-02 s/TS) || Energy: ~6.90e-18 (- 0.00dB)
[@     2m04s] Timestep:         4797 || Speed:  100.1 MC/s (2.651e-02 s/TS) || Energy: ~2.05e-17 (- 0.00dB)
[@     2m14s] Timestep:         5166 || Speed:   98.8 MC/s (2.687e-02 s/TS) || Energy: ~3.71e-17 (- 0.00dB)
[@     2m24s] Timestep:         5535 || Speed:   99.4 MC/s (2.670e-02 s/TS) || Energy: ~4.19e-17 (- 0.00dB)
[@     2m34s] Timestep:         5904 || Speed:   99.4 MC/s (2.671e-02 s/TS) || Energy: ~3.86e-17 (- 0.36dB)
[@     2m44s] Timestep:         6273 || Speed:   97.6 MC/s (2.721e-02 s/TS) || Energy: ~9.04e-17 (- 0.00dB)
[@     2m54s] Timestep:         6642 || Speed:   96.9 MC/s (2.740e-02 s/TS) || Energy: ~2.95e-16 (- 0.00dB)
[@     3m04s] Timestep:         7011 || Speed:   99.2 MC/s (2.675e-02 s/TS) || Energy: ~6.41e-16 (- 0.00dB)
[@     3m14s] Timestep:         7380 || Speed:   95.8 MC/s (2.771e-02 s/TS) || Energy: ~9.02e-16 (- 0.00dB)
[@     3m24s] Timestep:         7749 || Speed:   99.5 MC/s (2.669e-02 s/TS) || Energy: ~8.82e-16 (- 0.09dB)
[@     3m34s] Timestep:         8118 || Speed:   99.4 MC/s (2.672e-02 s/TS) || Energy: ~9.87e-16 (- 0.00dB)
[@     3m44s] Timestep:         8487 || Speed:   98.6 MC/s (2.692e-02 s/TS) || Energy: ~2.29e-15 (- 0.00dB)
[@     3m54s] Timestep:         8856 || Speed:   97.1 MC/s (2.736e-02 s/TS) || Energy: ~5.34e-15 (- 0.00dB)
[@     4m04s] Timestep:         9225 || Speed:   97.9 MC/s (2.712e-02 s/TS) || Energy: ~8.78e-15 (- 0.00dB)
[@     4m14s] Timestep:         9594 || Speed:   97.3 MC/s (2.728e-02 s/TS) || Energy: ~1.02e-14 (- 0.00dB)
[@     4m24s] Timestep:         9963 || Speed:   97.5 MC/s (2.722e-02 s/TS) || Energy: ~1.01e-14 (- 0.07dB)
[@     4m34s] Timestep:        10332 || Speed:   97.3 MC/s (2.729e-02 s/TS) || Energy: ~1.33e-14 (- 0.00dB)
[@     4m44s] Timestep:        10701 || Speed:   96.5 MC/s (2.752e-02 s/TS) || Energy: ~2.49e-14 (- 0.00dB)
[@     4m54s] Timestep:        11070 || Speed:   96.1 MC/s (2.764e-02 s/TS) || Energy: ~4.21e-14 (- 0.00dB)
[@     5m05s] Timestep:        11439 || Speed:   97.3 MC/s (2.730e-02 s/TS) || Energy: ~5.54e-14 (- 0.00dB)
[@     5m14s] Timestep:        11808 || Speed:   98.6 MC/s (2.694e-02 s/TS) || Energy: ~6.07e-14 (- 0.00dB)
[@     5m25s] Timestep:        12177 || Speed:   95.0 MC/s (2.794e-02 s/TS) || Energy: ~6.69e-14 (- 0.00dB)
[@     5m35s] Timestep:        12546 || Speed:   96.9 MC/s (2.740e-02 s/TS) || Energy: ~8.69e-14 (- 0.00dB)
[@     5m45s] Timestep:        12915 || Speed:   95.8 MC/s (2.773e-02 s/TS) || Energy: ~1.20e-13 (- 0.00dB)
[@     5m55s] Timestep:        13284 || Speed:   95.1 MC/s (2.791e-02 s/TS) || Energy: ~1.53e-13 (- 0.00dB)
[@     6m06s] Timestep:        13653 || Speed:   96.6 MC/s (2.749e-02 s/TS) || Energy: ~1.82e-13 (- 0.00dB)
[@     6m16s] Timestep:        14022 || Speed:   95.5 MC/s (2.780e-02 s/TS) || Energy: ~2.14e-13 (- 0.00dB)
[@     6m26s] Timestep:        14391 || Speed:   96.5 MC/s (2.751e-02 s/TS) || Energy: ~2.49e-13 (- 0.00dB)
[@     6m36s] Timestep:        14760 || Speed:   96.2 MC/s (2.761e-02 s/TS) || Energy: ~2.71e-13 (- 0.00dB)
[@     6m46s] Timestep:        15129 || Speed:   96.7 MC/s (2.745e-02 s/TS) || Energy: ~2.79e-13 (- 0.00dB)
[@     6m57s] Timestep:        15498 || Speed:   95.7 MC/s (2.773e-02 s/TS) || Energy: ~3.05e-13 (- 0.00dB)
[@     7m07s] Timestep:        15867 || Speed:   95.9 MC/s (2.767e-02 s/TS) || Energy: ~3.81e-13 (- 0.00dB)
[@     7m17s] Timestep:        16236 || Speed:   95.3 MC/s (2.786e-02 s/TS) || Energy: ~4.72e-13 (- 0.00dB)
[@     7m27s] Timestep:        16605 || Speed:   96.0 MC/s (2.766e-02 s/TS) || Energy: ~4.97e-13 (- 0.00dB)
[@     7m39s] Timestep:        16974 || Speed:   82.2 MC/s (3.230e-02 s/TS) || Energy: ~4.33e-13 (- 0.60dB)
[@     7m49s] Timestep:        17343 || Speed:   95.3 MC/s (2.785e-02 s/TS) || Energy: ~3.76e-13 (- 1.21dB)
[@     8m00s] Timestep:        17712 || Speed:   95.0 MC/s (2.795e-02 s/TS) || Energy: ~4.30e-13 (- 0.63dB)
[@     8m10s] Timestep:        18081 || Speed:   98.7 MC/s (2.691e-02 s/TS) || Energy: ~5.64e-13 (- 0.00dB)
[@     8m20s] Timestep:        18450 || Speed:   98.9 MC/s (2.684e-02 s/TS) || Energy: ~6.30e-13 (- 0.00dB)
[@     8m29s] Timestep:        18819 || Speed:  101.8 MC/s (2.608e-02 s/TS) || Energy: ~5.47e-13 (- 0.61dB)
[@     8m39s] Timestep:        19188 || Speed:  102.4 MC/s (2.592e-02 s/TS) || Energy: ~4.14e-13 (- 1.83dB)
[@     8m48s] Timestep:        19557 || Speed:  104.4 MC/s (2.543e-02 s/TS) || Energy: ~3.85e-13 (- 2.14dB)
[@     8m57s] Timestep:        19926 || Speed:  106.1 MC/s (2.502e-02 s/TS) || Energy: ~4.79e-13 (- 1.19dB)
[@     9m11s] Timestep:        20295 || Speed:   74.2 MC/s (3.580e-02 s/TS) || Energy: ~5.59e-13 (- 0.52dB)
[@     9m21s] Timestep:        20664 || Speed:   96.8 MC/s (2.742e-02 s/TS) || Energy: ~5.09e-13 (- 0.92dB)
[@     9m31s] Timestep:        21033 || Speed:   94.5 MC/s (2.811e-02 s/TS) || Energy: ~3.76e-13 (- 2.24dB)
[@     9m41s] Timestep:        21402 || Speed:   96.9 MC/s (2.739e-02 s/TS) || Energy: ~2.97e-13 (- 3.27dB)
[@     9m51s] Timestep:        21771 || Speed:   96.5 MC/s (2.751e-02 s/TS) || Energy: ~3.26e-13 (- 2.86dB)
[@    10m04s] Timestep:        22140 || Speed:   80.2 MC/s (3.309e-02 s/TS) || Energy: ~3.83e-13 (- 2.16dB)
[@    10m20s] Timestep:        22509 || Speed:   60.2 MC/s (4.408e-02 s/TS) || Energy: ~3.67e-13 (- 2.35dB)
[@    10m33s] Timestep:        22878 || Speed:   75.8 MC/s (3.503e-02 s/TS) || Energy: ~2.78e-13 (- 3.56dB)
[@    10m58s] Timestep:        23247 || Speed:   38.1 MC/s (6.962e-02 s/TS) || Energy: ~1.98e-13 (- 5.02dB)
[@    11m37s] Timestep:        23616 || Speed:   25.4 MC/s (1.047e-01 s/TS) || Energy: ~1.86e-13 (- 5.29dB)
[@    12m14s] Timestep:        23985 || Speed:   26.8 MC/s (9.915e-02 s/TS) || Energy: ~2.15e-13 (- 4.68dB)
[@    12m30s] Timestep:        24354 || Speed:   59.0 MC/s (4.500e-02 s/TS) || Energy: ~2.19e-13 (- 4.58dB)
[@    12m40s] Timestep:        24723 || Speed:   98.0 MC/s (2.710e-02 s/TS) || Energy: ~1.77e-13 (- 5.51dB)
[@    12m50s] Timestep:        25092 || Speed:   97.3 MC/s (2.730e-02 s/TS) || Energy: ~1.23e-13 (- 7.11dB)
[@    13m01s] Timestep:        25461 || Speed:   87.9 MC/s (3.019e-02 s/TS) || Energy: ~9.71e-14 (- 8.12dB)
[@    13m12s] Timestep:        25830 || Speed:   93.6 MC/s (2.836e-02 s/TS) || Energy: ~1.04e-13 (- 7.83dB)
[@    13m22s] Timestep:        26199 || Speed:   94.0 MC/s (2.824e-02 s/TS) || Energy: ~1.13e-13 (- 7.47dB)
[@    13m32s] Timestep:        26568 || Speed:   99.3 MC/s (2.674e-02 s/TS) || Energy: ~1.01e-13 (- 7.94dB)
[@    13m42s] Timestep:        26937 || Speed:  100.2 MC/s (2.649e-02 s/TS) || Energy: ~7.38e-14 (- 9.31dB)
[@    13m52s] Timestep:        27306 || Speed:  101.3 MC/s (2.620e-02 s/TS) || Energy: ~5.21e-14 (-10.83dB)
[@    14m01s] Timestep:        27675 || Speed:   99.8 MC/s (2.661e-02 s/TS) || Energy: ~4.73e-14 (-11.24dB)
[@    14m11s] Timestep:        28044 || Speed:  100.3 MC/s (2.647e-02 s/TS) || Energy: ~5.20e-14 (-10.83dB)
[@    14m21s] Timestep:        28413 || Speed:  102.1 MC/s (2.601e-02 s/TS) || Energy: ~5.22e-14 (-10.82dB)
[@    14m30s] Timestep:        28782 || Speed:  104.2 MC/s (2.547e-02 s/TS) || Energy: ~4.27e-14 (-11.69dB)
[@    14m40s] Timestep:        29151 || Speed:  101.7 MC/s (2.611e-02 s/TS) || Energy: ~3.00e-14 (-13.22dB)
[@    14m50s] Timestep:        29520 || Speed:   98.6 MC/s (2.693e-02 s/TS) || Energy: ~2.28e-14 (-14.41dB)
[@    15m00s] Timestep:        29889 || Speed:  100.6 MC/s (2.640e-02 s/TS) || Energy: ~2.28e-14 (-14.41dB)
[@    15m09s] Timestep:        30258 || Speed:  101.6 MC/s (2.613e-02 s/TS) || Energy: ~2.47e-14 (-14.07dB)
[@    15m19s] Timestep:        30627 || Speed:  102.7 MC/s (2.586e-02 s/TS) || Energy: ~2.30e-14 (-14.37dB)
[@    15m28s] Timestep:        30996 || Speed:  102.8 MC/s (2.584e-02 s/TS) || Energy: ~1.77e-14 (-15.52dB)
[@    15m38s] Timestep:        31365 || Speed:  102.9 MC/s (2.580e-02 s/TS) || Energy: ~1.24e-14 (-17.06dB)
[@    15m47s] Timestep:        31734 || Speed:  104.6 MC/s (2.537e-02 s/TS) || Energy: ~1.03e-14 (-17.84dB)
[@    15m56s] Timestep:        32103 || Speed:  105.2 MC/s (2.523e-02 s/TS) || Energy: ~1.10e-14 (-17.58dB)
[@    16m06s] Timestep:        32472 || Speed:  101.1 MC/s (2.625e-02 s/TS) || Energy: ~1.15e-14 (-17.40dB)
[@    16m16s] Timestep:        32841 || Speed:  104.1 MC/s (2.551e-02 s/TS) || Energy: ~9.99e-15 (-18.00dB)
[@    16m25s] Timestep:        33210 || Speed:  101.6 MC/s (2.614e-02 s/TS) || Energy: ~7.27e-15 (-19.37dB)
[@    16m36s] Timestep:        33579 || Speed:   94.7 MC/s (2.805e-02 s/TS) || Energy: ~5.25e-15 (-20.79dB)
[@    16m45s] Timestep:        33948 || Speed:   99.8 MC/s (2.660e-02 s/TS) || Energy: ~4.86e-15 (-21.13dB)
[@    16m55s] Timestep:        34317 || Speed:  100.1 MC/s (2.652e-02 s/TS) || Energy: ~5.30e-15 (-20.75dB)
[@    17m05s] Timestep:        34686 || Speed:  101.7 MC/s (2.611e-02 s/TS) || Energy: ~5.24e-15 (-20.80dB)
[@    17m15s] Timestep:        35055 || Speed:   96.8 MC/s (2.743e-02 s/TS) || Energy: ~4.25e-15 (-21.71dB)
[@    17m25s] Timestep:        35424 || Speed:  101.0 MC/s (2.630e-02 s/TS) || Energy: ~2.99e-15 (-23.24dB)
[@    17m34s] Timestep:        35793 || Speed:  106.3 MC/s (2.497e-02 s/TS) || Energy: ~2.31e-15 (-24.35dB)
[@    17m43s] Timestep:        36162 || Speed:  104.4 MC/s (2.544e-02 s/TS) || Energy: ~2.34e-15 (-24.29dB)
[@    17m53s] Timestep:        36531 || Speed:  100.7 MC/s (2.636e-02 s/TS) || Energy: ~2.53e-15 (-23.96dB)
[@    18m03s] Timestep:        36900 || Speed:  101.7 MC/s (2.611e-02 s/TS) || Energy: ~2.34e-15 (-24.31dB)
[@    18m12s] Timestep:        37269 || Speed:   99.6 MC/s (2.666e-02 s/TS) || Energy: ~1.77e-15 (-25.51dB)
[@    18m22s] Timestep:        37638 || Speed:  100.4 MC/s (2.645e-02 s/TS) || Energy: ~1.24e-15 (-27.05dB)
[@    18m32s] Timestep:        38007 || Speed:  102.6 MC/s (2.589e-02 s/TS) || Energy: ~1.06e-15 (-27.74dB)
[@    18m41s] Timestep:        38376 || Speed:  102.1 MC/s (2.600e-02 s/TS) || Energy: ~1.14e-15 (-27.42dB)
[@    18m51s] Timestep:        38745 || Speed:  102.1 MC/s (2.600e-02 s/TS) || Energy: ~1.18e-15 (-27.27dB)
[@    19m01s] Timestep:        39114 || Speed:   94.8 MC/s (2.800e-02 s/TS) || Energy: ~1.01e-15 (-27.95dB)
[@    19m11s] Timestep:        39483 || Speed:   96.1 MC/s (2.763e-02 s/TS) || Energy: ~7.26e-16 (-29.38dB)
[@    19m22s] Timestep:        39852 || Speed:   95.6 MC/s (2.776e-02 s/TS) || Energy: ~5.31e-16 (-30.74dB)
[@    19m32s] Timestep:        40221 || Speed:   98.3 MC/s (2.701e-02 s/TS) || Energy: ~5.04e-16 (-30.97dB)
[@    19m41s] Timestep:        40590 || Speed:  101.2 MC/s (2.624e-02 s/TS) || Energy: ~5.51e-16 (-30.58dB)
[@    19m51s] Timestep:        40959 || Speed:  102.6 MC/s (2.588e-02 s/TS) || Energy: ~5.36e-16 (-30.70dB)
[@    20m01s] Timestep:        41328 || Speed:  102.1 MC/s (2.601e-02 s/TS) || Energy: ~4.26e-16 (-31.70dB)
[@    20m11s] Timestep:        41697 || Speed:   96.4 MC/s (2.754e-02 s/TS) || Energy: ~2.98e-16 (-33.24dB)
[@    20m20s] Timestep:        42066 || Speed:  101.2 MC/s (2.625e-02 s/TS) || Energy: ~2.36e-16 (-34.26dB)
[@    20m30s] Timestep:        42435 || Speed:   98.4 MC/s (2.699e-02 s/TS) || Energy: ~2.44e-16 (-34.12dB)
[@    20m40s] Timestep:        42804 || Speed:  103.2 MC/s (2.574e-02 s/TS) || Energy: ~2.61e-16 (-33.82dB)
[@    20m48s] Timestep:        43173 || Speed:  116.7 MC/s (2.275e-02 s/TS) || Energy: ~2.36e-16 (-34.26dB)
[@    20m56s] Timestep:        43542 || Speed:  122.5 MC/s (2.168e-02 s/TS) || Energy: ~1.76e-16 (-35.53dB)
[@    21m04s] Timestep:        43911 || Speed:  121.7 MC/s (2.181e-02 s/TS) || Energy: ~1.25e-16 (-37.04dB)
[@    21m12s] Timestep:        44280 || Speed:  121.6 MC/s (2.183e-02 s/TS) || Energy: ~1.09e-16 (-37.60dB)
[@    21m20s] Timestep:        44649 || Speed:  121.1 MC/s (2.192e-02 s/TS) || Energy: ~1.18e-16 (-37.26dB)
[@    21m29s] Timestep:        45018 || Speed:  119.6 MC/s (2.220e-02 s/TS) || Energy: ~1.21e-16 (-37.17dB)
[@    21m37s] Timestep:        45387 || Speed:  119.0 MC/s (2.231e-02 s/TS) || Energy: ~1.02e-16 (-37.92dB)
[@    21m45s] Timestep:        45756 || Speed:  121.0 MC/s (2.194e-02 s/TS) || Energy: ~7.23e-17 (-39.40dB)
[@    21m54s] Timestep:        46125 || Speed:  113.2 MC/s (2.345e-02 s/TS) || Energy: ~5.38e-17 (-40.69dB)
RunFDTD: end-criteria of -40.00dB reached after 46125 timesteps (-40.69dB)
Time for 46125 iterations with 2655120.00 cells : 1314.08 sec
Speed: 93.20 MCells/s 
env_v2_trim6.64_nobar cells: [184, 195, 74] 2.65512 M; nf2ff box [[-38.8, 39.1], [-30.0, 30.0], [-24.9, 24.2]]
env_v2_trim6.64_nobar rad. efficiency @2.40/2.44/2.48 GHz: [0.77  0.777 0.786] fmin: 2.5325
