openEMS - fixed number of threads: 2
 ---------------------------------------------------------------------- 
 | openEMS 64bit -- version v0.37.0-rc3-31-g6761a36
 | (C) 2010-2026 Thorsten Liebig <thorsten.liebig@gmx.de>  GPL license
 ---------------------------------------------------------------------- 
	Used external libraries:
		CSXCAD -- Version: v0.7.0-rc3-7-g65e7591
		hdf5   -- Version: 1.10.10
		          compiled against: HDF5 library version: 1.10.10
		tinyxml -- compiled against: 2.6.2
		fparser
		boost  -- compiled against: 1_83
		vtk -- Version: 9.1.0
		       compiled against: 9.1.0

Create FDTD operator (compressed SSE + multi-threading)
openEMS::SetupFDTD: Warning, the timestep seems to be very small --> long simulation. Check your mesh!?
FDTD simulation size: 213x197x74 --> 3.10511e+06 FDTD cells 
FDTD timestep is: 9.67577e-14 s; Nyquist rate: 1476 timesteps @3.50105e+09 Hz
Excitation signal length is: 29608 timesteps (2.8648e-09s)
Max. number of timesteps: 600000 ( --> 20.2648 * Excitation signal length)
Create FDTD engine (compressed SSE + multi-threading)
Warning: Unused primitive (type: Box) detected in property: antenna!
Warning: Unused primitive (type: Box) detected in property: antenna!
Warning: Unused primitive (type: Polygon) detected in property: gnd!
Warning: Unused primitive (type: Polygon) detected in property: gnd!
Running FDTD engine... this may take a while... grab a cup of coffee?!?
[@       12s] Timestep:          369 || Speed:   94.3 MC/s (3.293e-02 s/TS) || Energy: ~9.68e-22 (- 0.00dB)
[@       24s] Timestep:          738 || Speed:   92.5 MC/s (3.358e-02 s/TS) || Energy: ~4.43e-21 (- 0.00dB)
[@       36s] Timestep:         1107 || Speed:   95.4 MC/s (3.253e-02 s/TS) || Energy: ~9.38e-21 (- 0.00dB)
[@       49s] Timestep:         1476 || Speed:   91.6 MC/s (3.388e-02 s/TS) || Energy: ~9.99e-21 (- 0.00dB)
[@     1m01s] Timestep:         1845 || Speed:   92.7 MC/s (3.350e-02 s/TS) || Energy: ~1.13e-20 (- 0.00dB)
[@     1m13s] Timestep:         2214 || Speed:   94.5 MC/s (3.285e-02 s/TS) || Energy: ~6.65e-20 (- 0.00dB)
[@     1m25s] Timestep:         2583 || Speed:   94.6 MC/s (3.283e-02 s/TS) || Energy: ~2.83e-19 (- 0.00dB)
[@     1m37s] Timestep:         2952 || Speed:   94.6 MC/s (3.283e-02 s/TS) || Energy: ~6.82e-19 (- 0.00dB)
[@     1m50s] Timestep:         3321 || Speed:   91.2 MC/s (3.405e-02 s/TS) || Energy: ~9.72e-19 (- 0.00dB)
[@     2m02s] Timestep:         3690 || Speed:   95.2 MC/s (3.260e-02 s/TS) || Energy: ~8.61e-19 (- 0.53dB)
[@     2m14s] Timestep:         4059 || Speed:   92.8 MC/s (3.348e-02 s/TS) || Energy: ~1.54e-18 (- 0.00dB)
[@     2m27s] Timestep:         4428 || Speed:   87.0 MC/s (3.571e-02 s/TS) || Energy: ~6.95e-18 (- 0.00dB)
[@     2m41s] Timestep:         4797 || Speed:   83.3 MC/s (3.728e-02 s/TS) || Energy: ~2.06e-17 (- 0.00dB)
[@     2m55s] Timestep:         5166 || Speed:   82.3 MC/s (3.774e-02 s/TS) || Energy: ~3.72e-17 (- 0.00dB)
[@     3m07s] Timestep:         5535 || Speed:   93.0 MC/s (3.337e-02 s/TS) || Energy: ~4.16e-17 (- 0.00dB)
[@     3m20s] Timestep:         5904 || Speed:   92.1 MC/s (3.372e-02 s/TS) || Energy: ~3.80e-17 (- 0.40dB)
[@     3m32s] Timestep:         6273 || Speed:   93.9 MC/s (3.307e-02 s/TS) || Energy: ~9.03e-17 (- 0.00dB)
[@     3m44s] Timestep:         6642 || Speed:   92.3 MC/s (3.365e-02 s/TS) || Energy: ~2.97e-16 (- 0.00dB)
[@     3m57s] Timestep:         7011 || Speed:   91.2 MC/s (3.406e-02 s/TS) || Energy: ~6.43e-16 (- 0.00dB)
[@     4m09s] Timestep:         7380 || Speed:   94.4 MC/s (3.289e-02 s/TS) || Energy: ~8.97e-16 (- 0.00dB)
[@     4m21s] Timestep:         7749 || Speed:   96.0 MC/s (3.235e-02 s/TS) || Energy: ~8.66e-16 (- 0.15dB)
[@     4m34s] Timestep:         8118 || Speed:   90.3 MC/s (3.439e-02 s/TS) || Energy: ~9.66e-16 (- 0.00dB)
[@     4m46s] Timestep:         8487 || Speed:   94.7 MC/s (3.281e-02 s/TS) || Energy: ~2.28e-15 (- 0.00dB)
[@     4m57s] Timestep:         8856 || Speed:   99.1 MC/s (3.135e-02 s/TS) || Energy: ~5.35e-15 (- 0.00dB)
[@     5m09s] Timestep:         9225 || Speed:  103.6 MC/s (2.996e-02 s/TS) || Energy: ~8.74e-15 (- 0.00dB)
[@     5m20s] Timestep:         9594 || Speed:  103.3 MC/s (3.006e-02 s/TS) || Energy: ~1.01e-14 (- 0.00dB)
[@     5m31s] Timestep:         9963 || Speed:  104.5 MC/s (2.971e-02 s/TS) || Energy: ~9.77e-15 (- 0.13dB)
[@     5m42s] Timestep:        10332 || Speed:  104.4 MC/s (2.973e-02 s/TS) || Energy: ~1.30e-14 (- 0.00dB)
[@     5m53s] Timestep:        10701 || Speed:  103.0 MC/s (3.014e-02 s/TS) || Energy: ~2.47e-14 (- 0.00dB)
[@     6m04s] Timestep:        11070 || Speed:  103.3 MC/s (3.006e-02 s/TS) || Energy: ~4.18e-14 (- 0.00dB)
[@     6m14s] Timestep:        11439 || Speed:  117.3 MC/s (2.648e-02 s/TS) || Energy: ~5.42e-14 (- 0.00dB)
[@     6m23s] Timestep:        11808 || Speed:  124.2 MC/s (2.501e-02 s/TS) || Energy: ~5.82e-14 (- 0.00dB)
[@     6m31s] Timestep:        12177 || Speed:  131.8 MC/s (2.356e-02 s/TS) || Energy: ~6.43e-14 (- 0.00dB)
[@     6m39s] Timestep:        12546 || Speed:  143.7 MC/s (2.161e-02 s/TS) || Energy: ~8.52e-14 (- 0.00dB)
[@     6m47s] Timestep:        12915 || Speed:  161.4 MC/s (1.923e-02 s/TS) || Energy: ~1.18e-13 (- 0.00dB)
[@     6m54s] Timestep:        13284 || Speed:  160.7 MC/s (1.933e-02 s/TS) || Energy: ~1.49e-13 (- 0.00dB)
[@     7m01s] Timestep:        13653 || Speed:  161.9 MC/s (1.918e-02 s/TS) || Energy: ~1.72e-13 (- 0.00dB)
[@     7m08s] Timestep:        14022 || Speed:  162.9 MC/s (1.906e-02 s/TS) || Energy: ~2.01e-13 (- 0.00dB)
[@     7m15s] Timestep:        14391 || Speed:  162.1 MC/s (1.916e-02 s/TS) || Energy: ~2.40e-13 (- 0.00dB)
[@     7m22s] Timestep:        14760 || Speed:  160.8 MC/s (1.932e-02 s/TS) || Energy: ~2.66e-13 (- 0.00dB)
[@     7m29s] Timestep:        15129 || Speed:  160.9 MC/s (1.929e-02 s/TS) || Energy: ~2.69e-13 (- 0.00dB)
[@     7m36s] Timestep:        15498 || Speed:  161.8 MC/s (1.919e-02 s/TS) || Energy: ~2.81e-13 (- 0.00dB)
[@     7m43s] Timestep:        15867 || Speed:  161.5 MC/s (1.923e-02 s/TS) || Energy: ~3.46e-13 (- 0.00dB)
[@     7m50s] Timestep:        16236 || Speed:  160.5 MC/s (1.934e-02 s/TS) || Energy: ~4.43e-13 (- 0.00dB)
[@     7m57s] Timestep:        16605 || Speed:  162.9 MC/s (1.907e-02 s/TS) || Energy: ~4.83e-13 (- 0.00dB)
[@     8m04s] Timestep:        16974 || Speed:  161.9 MC/s (1.917e-02 s/TS) || Energy: ~4.23e-13 (- 0.58dB)
[@     8m12s] Timestep:        17343 || Speed:  162.6 MC/s (1.909e-02 s/TS) || Energy: ~3.46e-13 (- 1.46dB)
[@     8m19s] Timestep:        17712 || Speed:  161.7 MC/s (1.920e-02 s/TS) || Energy: ~3.74e-13 (- 1.12dB)
[@     8m26s] Timestep:        18081 || Speed:  162.2 MC/s (1.914e-02 s/TS) || Energy: ~5.07e-13 (- 0.00dB)
[@     8m33s] Timestep:        18450 || Speed:  162.4 MC/s (1.912e-02 s/TS) || Energy: ~5.99e-13 (- 0.00dB)
[@     8m41s] Timestep:        18819 || Speed:  143.2 MC/s (2.169e-02 s/TS) || Energy: ~5.39e-13 (- 0.46dB)
[@     8m48s] Timestep:        19188 || Speed:  162.6 MC/s (1.909e-02 s/TS) || Energy: ~3.94e-13 (- 1.82dB)
[@     8m55s] Timestep:        19557 || Speed:  159.1 MC/s (1.952e-02 s/TS) || Energy: ~3.32e-13 (- 2.57dB)
[@     9m02s] Timestep:        19926 || Speed:  159.4 MC/s (1.948e-02 s/TS) || Energy: ~4.10e-13 (- 1.65dB)
[@     9m09s] Timestep:        20295 || Speed:  160.5 MC/s (1.934e-02 s/TS) || Energy: ~5.11e-13 (- 0.69dB)
[@     9m16s] Timestep:        20664 || Speed:  160.6 MC/s (1.933e-02 s/TS) || Energy: ~4.95e-13 (- 0.83dB)
[@     9m24s] Timestep:        21033 || Speed:  157.5 MC/s (1.971e-02 s/TS) || Energy: ~3.70e-13 (- 2.10dB)
[@     9m31s] Timestep:        21402 || Speed:  162.2 MC/s (1.914e-02 s/TS) || Energy: ~2.67e-13 (- 3.52dB)
[@     9m38s] Timestep:        21771 || Speed:  162.4 MC/s (1.912e-02 s/TS) || Energy: ~2.71e-13 (- 3.45dB)
[@     9m45s] Timestep:        22140 || Speed:  162.3 MC/s (1.913e-02 s/TS) || Energy: ~3.32e-13 (- 2.56dB)
[@    10m00s] Timestep:        22509 || Speed:   74.8 MC/s (4.149e-02 s/TS) || Energy: ~3.43e-13 (- 2.42dB)
[@    10m08s] Timestep:        22878 || Speed:  157.2 MC/s (1.975e-02 s/TS) || Energy: ~2.73e-13 (- 3.41dB)
[@    10m15s] Timestep:        23247 || Speed:  155.0 MC/s (2.004e-02 s/TS) || Energy: ~1.87e-13 (- 5.05dB)
[@    10m26s] Timestep:        23616 || Speed:  102.3 MC/s (3.035e-02 s/TS) || Energy: ~1.56e-13 (- 5.84dB)
[@    10m37s] Timestep:        23985 || Speed:  104.3 MC/s (2.977e-02 s/TS) || Energy: ~1.77e-13 (- 5.30dB)
[@    10m48s] Timestep:        24354 || Speed:  101.1 MC/s (3.071e-02 s/TS) || Energy: ~1.93e-13 (- 4.92dB)
[@    11m00s] Timestep:        24723 || Speed:   97.8 MC/s (3.174e-02 s/TS) || Energy: ~1.68e-13 (- 5.52dB)
[@    11m11s] Timestep:        25092 || Speed:  103.6 MC/s (2.997e-02 s/TS) || Energy: ~1.19e-13 (- 7.03dB)
[@    11m23s] Timestep:        25461 || Speed:  100.5 MC/s (3.090e-02 s/TS) || Energy: ~8.50e-14 (- 8.48dB)
[@    11m34s] Timestep:        25830 || Speed:   98.1 MC/s (3.165e-02 s/TS) || Energy: ~8.23e-14 (- 8.62dB)
[@    11m46s] Timestep:        26199 || Speed:   99.8 MC/s (3.113e-02 s/TS) || Energy: ~9.20e-14 (- 8.14dB)
[@    11m58s] Timestep:        26568 || Speed:   94.9 MC/s (3.273e-02 s/TS) || Energy: ~8.92e-14 (- 8.27dB)
[@    12m09s] Timestep:        26937 || Speed:  103.7 MC/s (2.993e-02 s/TS) || Energy: ~6.97e-14 (- 9.35dB)
[@    12m20s] Timestep:        27306 || Speed:  101.7 MC/s (3.053e-02 s/TS) || Energy: ~4.79e-14 (-10.97dB)
[@    12m31s] Timestep:        27675 || Speed:  102.7 MC/s (3.024e-02 s/TS) || Energy: ~3.80e-14 (-11.98dB)
[@    12m42s] Timestep:        28044 || Speed:  104.0 MC/s (2.985e-02 s/TS) || Energy: ~3.93e-14 (-11.83dB)
[@    12m54s] Timestep:        28413 || Speed:  100.3 MC/s (3.095e-02 s/TS) || Energy: ~4.17e-14 (-11.58dB)
[@    13m05s] Timestep:        28782 || Speed:  101.4 MC/s (3.062e-02 s/TS) || Energy: ~3.73e-14 (-12.06dB)
[@    13m16s] Timestep:        29151 || Speed:  102.8 MC/s (3.020e-02 s/TS) || Energy: ~2.77e-14 (-13.35dB)
[@    13m28s] Timestep:        29520 || Speed:   99.5 MC/s (3.121e-02 s/TS) || Energy: ~1.96e-14 (-14.86dB)
[@    13m39s] Timestep:        29889 || Speed:  101.4 MC/s (3.064e-02 s/TS) || Energy: ~1.68e-14 (-15.52dB)
[@    13m51s] Timestep:        30258 || Speed:   96.9 MC/s (3.204e-02 s/TS) || Energy: ~1.77e-14 (-15.29dB)
[@    14m02s] Timestep:        30627 || Speed:   99.4 MC/s (3.124e-02 s/TS) || Energy: ~1.80e-14 (-15.23dB)
[@    14m14s] Timestep:        30996 || Speed:  102.6 MC/s (3.025e-02 s/TS) || Energy: ~1.53e-14 (-15.92dB)
[@    14m25s] Timestep:        31365 || Speed:  100.6 MC/s (3.085e-02 s/TS) || Energy: ~1.12e-14 (-17.30dB)
[@    14m36s] Timestep:        31734 || Speed:  103.7 MC/s (2.995e-02 s/TS) || Energy: ~8.15e-15 (-18.67dB)
[@    14m47s] Timestep:        32103 || Speed:  100.9 MC/s (3.077e-02 s/TS) || Energy: ~7.44e-15 (-19.06dB)
[@    14m58s] Timestep:        32472 || Speed:  102.5 MC/s (3.029e-02 s/TS) || Energy: ~7.91e-15 (-18.79dB)
[@    15m10s] Timestep:        32841 || Speed:   98.3 MC/s (3.158e-02 s/TS) || Energy: ~7.76e-15 (-18.88dB)
[@    15m22s] Timestep:        33210 || Speed:  100.6 MC/s (3.086e-02 s/TS) || Energy: ~6.37e-15 (-19.74dB)
[@    15m33s] Timestep:        33579 || Speed:  102.7 MC/s (3.025e-02 s/TS) || Energy: ~4.55e-15 (-21.19dB)
[@    15m44s] Timestep:        33948 || Speed:  103.2 MC/s (3.008e-02 s/TS) || Energy: ~3.45e-15 (-22.39dB)
[@    15m55s] Timestep:        34317 || Speed:   97.9 MC/s (3.173e-02 s/TS) || Energy: ~3.34e-15 (-22.54dB)
[@    16m11s] Timestep:        34686 || Speed:   72.4 MC/s (4.287e-02 s/TS) || Energy: ~3.55e-15 (-22.27dB)
[@    16m34s] Timestep:        35055 || Speed:   49.4 MC/s (6.283e-02 s/TS) || Energy: ~3.36e-15 (-22.51dB)
[@    17m03s] Timestep:        35424 || Speed:   40.6 MC/s (7.643e-02 s/TS) || Energy: ~2.64e-15 (-23.55dB)
[@    17m18s] Timestep:        35793 || Speed:   75.1 MC/s (4.137e-02 s/TS) || Energy: ~1.87e-15 (-25.06dB)
[@    17m31s] Timestep:        36162 || Speed:   89.4 MC/s (3.472e-02 s/TS) || Energy: ~1.49e-15 (-26.03dB)
[@    17m42s] Timestep:        36531 || Speed:  101.3 MC/s (3.065e-02 s/TS) || Energy: ~1.52e-15 (-25.96dB)
[@    17m53s] Timestep:        36900 || Speed:  102.6 MC/s (3.025e-02 s/TS) || Energy: ~1.60e-15 (-25.74dB)
[@    18m05s] Timestep:        37269 || Speed:   98.7 MC/s (3.145e-02 s/TS) || Energy: ~1.44e-15 (-26.18dB)
[@    18m16s] Timestep:        37638 || Speed:   98.6 MC/s (3.149e-02 s/TS) || Energy: ~1.09e-15 (-27.40dB)
[@    18m28s] Timestep:        38007 || Speed:   99.6 MC/s (3.117e-02 s/TS) || Energy: ~7.73e-16 (-28.89dB)
[@    18m39s] Timestep:        38376 || Speed:  101.4 MC/s (3.063e-02 s/TS) || Energy: ~6.60e-16 (-29.58dB)
[@    18m51s] Timestep:        38745 || Speed:  100.3 MC/s (3.097e-02 s/TS) || Energy: ~6.96e-16 (-29.35dB)
[@    19m02s] Timestep:        39114 || Speed:   99.6 MC/s (3.119e-02 s/TS) || Energy: ~7.12e-16 (-29.25dB)
[@    19m14s] Timestep:        39483 || Speed:   94.4 MC/s (3.288e-02 s/TS) || Energy: ~6.12e-16 (-29.91dB)
[@    19m27s] Timestep:        39852 || Speed:   92.4 MC/s (3.359e-02 s/TS) || Energy: ~4.45e-16 (-31.29dB)
[@    19m39s] Timestep:        40221 || Speed:   94.8 MC/s (3.275e-02 s/TS) || Energy: ~3.24e-16 (-32.68dB)
[@    19m52s] Timestep:        40590 || Speed:   88.6 MC/s (3.504e-02 s/TS) || Energy: ~2.96e-16 (-33.06dB)
[@    20m05s] Timestep:        40959 || Speed:   83.7 MC/s (3.709e-02 s/TS) || Energy: ~3.18e-16 (-32.76dB)
[@    20m19s] Timestep:        41328 || Speed:   86.8 MC/s (3.578e-02 s/TS) || Energy: ~3.13e-16 (-32.83dB)
[@    20m31s] Timestep:        41697 || Speed:   90.4 MC/s (3.435e-02 s/TS) || Energy: ~2.55e-16 (-33.71dB)
[@    20m43s] Timestep:        42066 || Speed:   96.7 MC/s (3.211e-02 s/TS) || Energy: ~1.81e-16 (-35.19dB)
[@    20m57s] Timestep:        42435 || Speed:   85.9 MC/s (3.613e-02 s/TS) || Energy: ~1.38e-16 (-36.38dB)
[@    21m09s] Timestep:        42804 || Speed:   94.4 MC/s (3.289e-02 s/TS) || Energy: ~1.35e-16 (-36.48dB)
[@    21m21s] Timestep:        43173 || Speed:   92.9 MC/s (3.344e-02 s/TS) || Energy: ~1.44e-16 (-36.20dB)
[@    21m33s] Timestep:        43542 || Speed:   95.5 MC/s (3.250e-02 s/TS) || Energy: ~1.35e-16 (-36.47dB)
[@    21m45s] Timestep:        43911 || Speed:   95.0 MC/s (3.268e-02 s/TS) || Energy: ~1.05e-16 (-37.55dB)
[@    21m58s] Timestep:        44280 || Speed:   90.9 MC/s (3.417e-02 s/TS) || Energy: ~7.43e-17 (-39.07dB)
[@    22m11s] Timestep:        44649 || Speed:   87.3 MC/s (3.557e-02 s/TS) || Energy: ~5.99e-17 (-40.00dB)
[@    22m24s] Timestep:        45018 || Speed:   88.6 MC/s (3.503e-02 s/TS) || Energy: ~6.15e-17 (-39.89dB)
[@    22m36s] Timestep:        45387 || Speed:   96.0 MC/s (3.235e-02 s/TS) || Energy: ~6.44e-17 (-39.69dB)
[@    22m48s] Timestep:        45756 || Speed:   94.9 MC/s (3.273e-02 s/TS) || Energy: ~5.77e-17 (-40.17dB)
RunFDTD: end-criteria of -40.00dB reached after 45756 timesteps (-40.17dB)
Time for 45756 iterations with 3105114.00 cells : 1368.21 sec
Speed: 103.84 MCells/s 
env_v2_trim6.64_pour cells: [213, 197, 74] 3.105114 M; nf2ff box [[-53.0, 53.0], [-30.0, 29.8], [-24.9, 24.2]]
env_v2_trim6.64_pour rad. efficiency @2.40/2.44/2.48 GHz: [0.797 0.807 0.818] fmin: 2.5025
