openEMS - fixed number of threads: 5
 ---------------------------------------------------------------------- 
 | openEMS 64bit -- version v0.37.0-rc3-31-g6761a36
 | (C) 2010-2026 Thorsten Liebig <thorsten.liebig@gmx.de>  GPL license
 ---------------------------------------------------------------------- 
	Used external libraries:
		CSXCAD -- Version: v0.7.0-rc3-7-g65e7591
		hdf5   -- Version: 1.10.10
		          compiled against: HDF5 library version: 1.10.10
		tinyxml -- compiled against: 2.6.2
		fparser
		boost  -- compiled against: 1_83
		vtk -- Version: 9.1.0
		       compiled against: 9.1.0

Create FDTD operator (compressed SSE + multi-threading)
FDTD simulation size: 248x253x74 --> 4.64306e+06 FDTD cells 
FDTD timestep is: 6.00417e-14 s; Nyquist rate: 2379 timesteps @3.50044e+09 Hz
Excitation signal length is: 47714 timesteps (2.86483e-09s)
Max. number of timesteps: 600000 ( --> 12.5749 * Excitation signal length)
Create FDTD engine (compressed SSE + multi-threading)
openEMS::SetupFDTD: Warning, the timestep seems to be very small --> long simulation. Check your mesh!?
Running FDTD engine... this may take a while... grab a cup of coffee?!?
Warning: Unused primitive (type: Box) detected in property: antenna!
Warning: Unused primitive (type: Box) detected in property: antenna!
[@       16s] Timestep:          594 || Speed:  171.1 MC/s (2.713e-02 s/TS) || Energy: ~3.87e-21 (- 0.00dB)
[@       32s] Timestep:         1188 || Speed:  164.8 MC/s (2.817e-02 s/TS) || Energy: ~1.76e-20 (- 0.00dB)
[@       49s] Timestep:         1782 || Speed:  168.6 MC/s (2.755e-02 s/TS) || Energy: ~3.69e-20 (- 0.00dB)
[@     1m05s] Timestep:         2376 || Speed:  166.6 MC/s (2.786e-02 s/TS) || Energy: ~3.89e-20 (- 0.00dB)
[@     1m21s] Timestep:         2970 || Speed:  170.9 MC/s (2.717e-02 s/TS) || Energy: ~4.51e-20 (- 0.00dB)
[@     1m38s] Timestep:         3564 || Speed:  167.2 MC/s (2.778e-02 s/TS) || Energy: ~2.66e-19 (- 0.00dB)
[@     1m53s] Timestep:         4158 || Speed:  181.7 MC/s (2.555e-02 s/TS) || Energy: ~1.12e-18 (- 0.00dB)
[@     2m08s] Timestep:         4752 || Speed:  185.1 MC/s (2.508e-02 s/TS) || Energy: ~2.67e-18 (- 0.00dB)
[@     2m23s] Timestep:         5346 || Speed:  189.4 MC/s (2.452e-02 s/TS) || Energy: ~3.80e-18 (- 0.00dB)
[@     2m38s] Timestep:         5940 || Speed:  174.9 MC/s (2.655e-02 s/TS) || Energy: ~3.39e-18 (- 0.49dB)
[@     2m53s] Timestep:         6534 || Speed:  187.2 MC/s (2.481e-02 s/TS) || Energy: ~6.17e-18 (- 0.00dB)
[@     3m08s] Timestep:         7128 || Speed:  180.2 MC/s (2.576e-02 s/TS) || Energy: ~2.75e-17 (- 0.00dB)
[@     3m23s] Timestep:         7722 || Speed:  188.3 MC/s (2.465e-02 s/TS) || Energy: ~8.09e-17 (- 0.00dB)
[@     3m38s] Timestep:         8316 || Speed:  187.0 MC/s (2.483e-02 s/TS) || Energy: ~1.45e-16 (- 0.00dB)
[@     3m53s] Timestep:         8910 || Speed:  185.3 MC/s (2.506e-02 s/TS) || Energy: ~1.63e-16 (- 0.00dB)
[@     4m08s] Timestep:         9504 || Speed:  183.1 MC/s (2.536e-02 s/TS) || Energy: ~1.52e-16 (- 0.31dB)
[@     4m23s] Timestep:        10098 || Speed:  186.0 MC/s (2.497e-02 s/TS) || Energy: ~3.60e-16 (- 0.00dB)
[@     4m37s] Timestep:        10692 || Speed:  188.4 MC/s (2.465e-02 s/TS) || Energy: ~1.16e-15 (- 0.00dB)
[@     4m52s] Timestep:        11286 || Speed:  180.4 MC/s (2.574e-02 s/TS) || Energy: ~2.51e-15 (- 0.00dB)
[@     5m07s] Timestep:        11880 || Speed:  195.3 MC/s (2.378e-02 s/TS) || Energy: ~3.50e-15 (- 0.00dB)
[@     5m21s] Timestep:        12474 || Speed:  186.4 MC/s (2.490e-02 s/TS) || Energy: ~3.43e-15 (- 0.09dB)
[@     5m36s] Timestep:        13068 || Speed:  186.4 MC/s (2.491e-02 s/TS) || Energy: ~3.91e-15 (- 0.00dB)
[@     5m51s] Timestep:        13662 || Speed:  190.6 MC/s (2.436e-02 s/TS) || Energy: ~9.07e-15 (- 0.00dB)
[@     6m06s] Timestep:        14256 || Speed:  184.9 MC/s (2.512e-02 s/TS) || Energy: ~2.09e-14 (- 0.00dB)
[@     6m20s] Timestep:        14850 || Speed:  188.1 MC/s (2.468e-02 s/TS) || Energy: ~3.41e-14 (- 0.00dB)
[@     6m34s] Timestep:        15444 || Speed:  193.8 MC/s (2.396e-02 s/TS) || Energy: ~3.95e-14 (- 0.00dB)
[@     6m49s] Timestep:        16038 || Speed:  187.5 MC/s (2.476e-02 s/TS) || Energy: ~3.92e-14 (- 0.03dB)
[@     7m05s] Timestep:        16632 || Speed:  178.0 MC/s (2.609e-02 s/TS) || Energy: ~5.28e-14 (- 0.00dB)
[@     7m19s] Timestep:        17226 || Speed:  194.2 MC/s (2.390e-02 s/TS) || Energy: ~9.83e-14 (- 0.00dB)
[@     7m35s] Timestep:        17820 || Speed:  175.8 MC/s (2.642e-02 s/TS) || Energy: ~1.64e-13 (- 0.00dB)
[@     7m49s] Timestep:        18414 || Speed:  190.9 MC/s (2.432e-02 s/TS) || Energy: ~2.12e-13 (- 0.00dB)
[@     8m03s] Timestep:        19008 || Speed:  192.8 MC/s (2.408e-02 s/TS) || Energy: ~2.31e-13 (- 0.00dB)
[@     8m18s] Timestep:        19602 || Speed:  185.4 MC/s (2.504e-02 s/TS) || Energy: ~2.60e-13 (- 0.00dB)
[@     8m33s] Timestep:        20196 || Speed:  180.4 MC/s (2.574e-02 s/TS) || Energy: ~3.45e-13 (- 0.00dB)
[@     8m49s] Timestep:        20790 || Speed:  181.3 MC/s (2.561e-02 s/TS) || Energy: ~4.72e-13 (- 0.00dB)
[@     9m11s] Timestep:        21384 || Speed:  122.0 MC/s (3.805e-02 s/TS) || Energy: ~5.86e-13 (- 0.00dB)
[@     9m31s] Timestep:        21978 || Speed:  141.1 MC/s (3.291e-02 s/TS) || Energy: ~6.79e-13 (- 0.00dB)
[@     9m50s] Timestep:        22572 || Speed:  142.9 MC/s (3.249e-02 s/TS) || Energy: ~8.05e-13 (- 0.00dB)
[@    10m21s] Timestep:        23166 || Speed:   88.3 MC/s (5.260e-02 s/TS) || Energy: ~9.72e-13 (- 0.00dB)
[@    11m29s] Timestep:        23760 || Speed:   41.0 MC/s (1.132e-01 s/TS) || Energy: ~1.08e-12 (- 0.00dB)
[@    11m46s] Timestep:        23857 || Speed:   26.4 MC/s (1.757e-01 s/TS) || Energy: ~1.09e-12 (- 0.00dB)
[@    12m22s] Timestep:        24354 || Speed:   63.0 MC/s (7.370e-02 s/TS) || Energy: ~1.08e-12 (- 0.03dB)
[@    12m41s] Timestep:        24948 || Speed:  149.8 MC/s (3.100e-02 s/TS) || Energy: ~1.11e-12 (- 0.00dB)
[@    13m01s] Timestep:        25542 || Speed:  134.7 MC/s (3.448e-02 s/TS) || Energy: ~1.37e-12 (- 0.00dB)
[@    13m21s] Timestep:        26136 || Speed:  138.1 MC/s (3.361e-02 s/TS) || Energy: ~1.77e-12 (- 0.00dB)
[@    13m38s] Timestep:        26730 || Speed:  159.5 MC/s (2.912e-02 s/TS) || Energy: ~1.96e-12 (- 0.00dB)
[@    13m56s] Timestep:        27324 || Speed:  155.0 MC/s (2.995e-02 s/TS) || Energy: ~1.72e-12 (- 0.56dB)
[@    14m13s] Timestep:        27918 || Speed:  168.0 MC/s (2.763e-02 s/TS) || Energy: ~1.39e-12 (- 1.49dB)
[@    14m29s] Timestep:        28512 || Speed:  167.6 MC/s (2.770e-02 s/TS) || Energy: ~1.47e-12 (- 1.25dB)
[@    14m47s] Timestep:        29106 || Speed:  153.4 MC/s (3.027e-02 s/TS) || Energy: ~1.99e-12 (- 0.00dB)
[@    15m04s] Timestep:        29700 || Speed:  163.5 MC/s (2.839e-02 s/TS) || Energy: ~2.39e-12 (- 0.00dB)
[@    15m20s] Timestep:        30294 || Speed:  173.2 MC/s (2.680e-02 s/TS) || Energy: ~2.18e-12 (- 0.40dB)
[@    15m36s] Timestep:        30888 || Speed:  169.7 MC/s (2.736e-02 s/TS) || Energy: ~1.60e-12 (- 1.76dB)
[@    15m52s] Timestep:        31482 || Speed:  177.2 MC/s (2.620e-02 s/TS) || Energy: ~1.31e-12 (- 2.62dB)
[@    16m08s] Timestep:        32076 || Speed:  169.6 MC/s (2.738e-02 s/TS) || Energy: ~1.58e-12 (- 1.79dB)
[@    16m26s] Timestep:        32670 || Speed:  150.8 MC/s (3.080e-02 s/TS) || Energy: ~2.00e-12 (- 0.79dB)
[@    16m44s] Timestep:        33264 || Speed:  155.4 MC/s (2.987e-02 s/TS) || Energy: ~1.97e-12 (- 0.85dB)
[@    17m01s] Timestep:        33858 || Speed:  162.4 MC/s (2.859e-02 s/TS) || Energy: ~1.49e-12 (- 2.07dB)
[@    17m18s] Timestep:        34452 || Speed:  163.6 MC/s (2.837e-02 s/TS) || Energy: ~1.05e-12 (- 3.56dB)
[@    17m33s] Timestep:        35046 || Speed:  182.7 MC/s (2.541e-02 s/TS) || Energy: ~1.03e-12 (- 3.64dB)
[@    17m50s] Timestep:        35640 || Speed:  163.1 MC/s (2.847e-02 s/TS) || Energy: ~1.26e-12 (- 2.77dB)
[@    18m06s] Timestep:        36234 || Speed:  170.7 MC/s (2.719e-02 s/TS) || Energy: ~1.33e-12 (- 2.55dB)
[@    18m22s] Timestep:        36828 || Speed:  167.7 MC/s (2.769e-02 s/TS) || Energy: ~1.08e-12 (- 3.46dB)
[@    18m39s] Timestep:        37422 || Speed:  165.9 MC/s (2.798e-02 s/TS) || Energy: ~7.40e-13 (- 5.10dB)
[@    18m57s] Timestep:        38016 || Speed:  153.6 MC/s (3.022e-02 s/TS) || Energy: ~5.94e-13 (- 6.05dB)
[@    19m14s] Timestep:        38610 || Speed:  158.5 MC/s (2.930e-02 s/TS) || Energy: ~6.58e-13 (- 5.61dB)
[@    19m31s] Timestep:        39204 || Speed:  168.5 MC/s (2.756e-02 s/TS) || Energy: ~7.28e-13 (- 5.17dB)
[@    19m47s] Timestep:        39798 || Speed:  172.6 MC/s (2.690e-02 s/TS) || Energy: ~6.48e-13 (- 5.67dB)
[@    20m04s] Timestep:        40392 || Speed:  157.0 MC/s (2.958e-02 s/TS) || Energy: ~4.65e-13 (- 7.11dB)
[@    20m21s] Timestep:        40986 || Speed:  166.4 MC/s (2.790e-02 s/TS) || Energy: ~3.27e-13 (- 8.65dB)
[@    20m36s] Timestep:        41580 || Speed:  181.5 MC/s (2.559e-02 s/TS) || Energy: ~3.03e-13 (- 8.97dB)
[@    20m47s] Timestep:        42174 || Speed:  250.1 MC/s (1.856e-02 s/TS) || Energy: ~3.37e-13 (- 8.51dB)
[@    20m58s] Timestep:        42768 || Speed:  250.5 MC/s (1.854e-02 s/TS) || Energy: ~3.34e-13 (- 8.55dB)
[@    21m09s] Timestep:        43362 || Speed:  249.3 MC/s (1.863e-02 s/TS) || Energy: ~2.68e-13 (- 9.50dB)
[@    21m23s] Timestep:        43956 || Speed:  206.9 MC/s (2.244e-02 s/TS) || Energy: ~1.86e-13 (-11.09dB)
[@    21m35s] Timestep:        44550 || Speed:  222.0 MC/s (2.092e-02 s/TS) || Energy: ~1.42e-13 (-12.26dB)
[@    21m48s] Timestep:        45144 || Speed:  208.3 MC/s (2.229e-02 s/TS) || Energy: ~1.42e-13 (-12.26dB)
[@    21m59s] Timestep:        45738 || Speed:  250.6 MC/s (1.853e-02 s/TS) || Energy: ~1.52e-13 (-11.98dB)
[@    22m11s] Timestep:        46332 || Speed:  232.8 MC/s (1.995e-02 s/TS) || Energy: ~1.40e-13 (-12.34dB)
[@    22m22s] Timestep:        46926 || Speed:  243.4 MC/s (1.907e-02 s/TS) || Energy: ~1.07e-13 (-13.49dB)
[@    22m34s] Timestep:        47520 || Speed:  231.0 MC/s (2.010e-02 s/TS) || Energy: ~7.54e-14 (-15.01dB)
[@    22m46s] Timestep:        48114 || Speed:  244.1 MC/s (1.902e-02 s/TS) || Energy: ~6.18e-14 (-15.88dB)
[@    22m58s] Timestep:        48708 || Speed:  230.6 MC/s (2.014e-02 s/TS) || Energy: ~6.33e-14 (-15.77dB)
[@    23m09s] Timestep:        49302 || Speed:  234.3 MC/s (1.982e-02 s/TS) || Energy: ~6.53e-14 (-15.64dB)
[@    23m21s] Timestep:        49896 || Speed:  239.8 MC/s (1.936e-02 s/TS) || Energy: ~5.78e-14 (-16.17dB)
[@    23m32s] Timestep:        50490 || Speed:  244.6 MC/s (1.898e-02 s/TS) || Energy: ~4.34e-14 (-17.42dB)
[@    23m43s] Timestep:        51084 || Speed:  244.1 MC/s (1.902e-02 s/TS) || Energy: ~3.11e-14 (-18.85dB)
[@    23m55s] Timestep:        51678 || Speed:  243.7 MC/s (1.905e-02 s/TS) || Energy: ~2.68e-14 (-19.50dB)
[@    24m06s] Timestep:        52272 || Speed:  236.8 MC/s (1.961e-02 s/TS) || Energy: ~2.80e-14 (-19.32dB)
[@    24m18s] Timestep:        52866 || Speed:  236.3 MC/s (1.965e-02 s/TS) || Energy: ~2.83e-14 (-19.27dB)
[@    24m30s] Timestep:        53460 || Speed:  222.9 MC/s (2.083e-02 s/TS) || Energy: ~2.42e-14 (-19.94dB)
[@    24m42s] Timestep:        54054 || Speed:  235.3 MC/s (1.973e-02 s/TS) || Energy: ~1.78e-14 (-21.29dB)
[@    24m55s] Timestep:        54648 || Speed:  223.0 MC/s (2.082e-02 s/TS) || Energy: ~1.30e-14 (-22.64dB)
[@    25m07s] Timestep:        55242 || Speed:  227.2 MC/s (2.043e-02 s/TS) || Energy: ~1.18e-14 (-23.06dB)
[@    25m19s] Timestep:        55836 || Speed:  221.0 MC/s (2.101e-02 s/TS) || Energy: ~1.25e-14 (-22.81dB)
[@    25m31s] Timestep:        56430 || Speed:  240.8 MC/s (1.928e-02 s/TS) || Energy: ~1.23e-14 (-22.88dB)
[@    25m42s] Timestep:        57024 || Speed:  238.6 MC/s (1.946e-02 s/TS) || Energy: ~1.02e-14 (-23.72dB)
[@    25m54s] Timestep:        57618 || Speed:  240.6 MC/s (1.930e-02 s/TS) || Energy: ~7.29e-15 (-25.16dB)
[@    26m06s] Timestep:        58212 || Speed:  214.8 MC/s (2.161e-02 s/TS) || Energy: ~5.51e-15 (-26.38dB)
[@    26m22s] Timestep:        58806 || Speed:  183.1 MC/s (2.536e-02 s/TS) || Energy: ~5.29e-15 (-26.56dB)
[@    26m35s] Timestep:        59400 || Speed:  200.4 MC/s (2.317e-02 s/TS) || Energy: ~5.62e-15 (-26.29dB)
[@    26m47s] Timestep:        59994 || Speed:  232.1 MC/s (2.001e-02 s/TS) || Energy: ~5.34e-15 (-26.51dB)
[@    27m00s] Timestep:        60588 || Speed:  214.7 MC/s (2.162e-02 s/TS) || Energy: ~4.22e-15 (-27.53dB)
[@    27m13s] Timestep:        61182 || Speed:  219.8 MC/s (2.112e-02 s/TS) || Energy: ~2.99e-15 (-29.03dB)
[@    27m25s] Timestep:        61776 || Speed:  216.3 MC/s (2.146e-02 s/TS) || Energy: ~2.37e-15 (-30.04dB)
[@    27m37s] Timestep:        62370 || Speed:  228.4 MC/s (2.033e-02 s/TS) || Energy: ~2.39e-15 (-30.01dB)
[@    27m49s] Timestep:        62964 || Speed:  237.0 MC/s (1.959e-02 s/TS) || Energy: ~2.51e-15 (-29.79dB)
[@    28m00s] Timestep:        63558 || Speed:  242.9 MC/s (1.912e-02 s/TS) || Energy: ~2.28e-15 (-30.20dB)
[@    28m12s] Timestep:        64152 || Speed:  228.3 MC/s (2.034e-02 s/TS) || Energy: ~1.73e-15 (-31.40dB)
[@    28m24s] Timestep:        64746 || Speed:  242.0 MC/s (1.919e-02 s/TS) || Energy: ~1.23e-15 (-32.88dB)
[@    28m35s] Timestep:        65340 || Speed:  240.0 MC/s (1.935e-02 s/TS) || Energy: ~1.04e-15 (-33.63dB)
[@    28m47s] Timestep:        65934 || Speed:  242.9 MC/s (1.912e-02 s/TS) || Energy: ~1.08e-15 (-33.45dB)
[@    28m58s] Timestep:        66528 || Speed:  242.4 MC/s (1.915e-02 s/TS) || Energy: ~1.11e-15 (-33.34dB)
[@    29m09s] Timestep:        67122 || Speed:  243.8 MC/s (1.905e-02 s/TS) || Energy: ~9.63e-16 (-33.95dB)
[@    29m21s] Timestep:        67716 || Speed:  233.8 MC/s (1.986e-02 s/TS) || Energy: ~7.09e-16 (-35.28dB)
[@    29m33s] Timestep:        68310 || Speed:  233.0 MC/s (1.993e-02 s/TS) || Energy: ~5.12e-16 (-36.69dB)
[@    29m44s] Timestep:        68904 || Speed:  243.3 MC/s (1.908e-02 s/TS) || Energy: ~4.59e-16 (-37.17dB)
[@    29m56s] Timestep:        69498 || Speed:  245.1 MC/s (1.895e-02 s/TS) || Energy: ~4.87e-16 (-36.92dB)
[@    30m07s] Timestep:        70092 || Speed:  245.9 MC/s (1.889e-02 s/TS) || Energy: ~4.83e-16 (-36.94dB)
[@    30m23s] Timestep:        70686 || Speed:  172.9 MC/s (2.685e-02 s/TS) || Energy: ~4.02e-16 (-37.74dB)
[@    30m39s] Timestep:        71280 || Speed:  174.5 MC/s (2.661e-02 s/TS) || Energy: ~2.89e-16 (-39.18dB)
[@    30m51s] Timestep:        71874 || Speed:  222.5 MC/s (2.087e-02 s/TS) || Energy: ~2.16e-16 (-40.44dB)
RunFDTD: end-criteria of -40.00dB reached after 71874 timesteps (-40.44dB)
Time for 71874 iterations with 4643056.00 cells : 1851.50 sec
Speed: 180.24 MCells/s 
env_v2_trim6.64_res0.07 cells: [248, 253, 74] 4.643056 M; nf2ff box [[-53.0, 53.0], [-30.0, 29.8], [-24.9, 24.2]]
env_v2_trim6.64_res0.07 rad. efficiency @2.40/2.44/2.48 GHz: [0.802 0.811 0.824] fmin: 2.5
