openEMS - fixed number of threads: 10
 ---------------------------------------------------------------------- 
 | openEMS 64bit -- version v0.37.0-rc3-31-g6761a36
 | (C) 2010-2026 Thorsten Liebig <thorsten.liebig@gmx.de>  GPL license
 ---------------------------------------------------------------------- 
	Used external libraries:
		CSXCAD -- Version: v0.7.0-rc3-7-g65e7591
		hdf5   -- Version: 1.10.10
		          compiled against: HDF5 library version: 1.10.10
		tinyxml -- compiled against: 2.6.2
		fparser
		boost  -- compiled against: 1_83
		vtk -- Version: 9.1.0
		       compiled against: 9.1.0

Create FDTD operator (compressed SSE + multi-threading)
openEMS::SetupFDTD: Warning, the timestep seems to be very small --> long simulation. Check your mesh!?
FDTD simulation size: 196x235x58 --> 2.67148e+06 FDTD cells 
FDTD timestep is: 5.74471e-14 s; Nyquist rate: 2486 timesteps @3.50107e+09 Hz
Excitation signal length is: 49869 timesteps (2.86483e-09s)
Max. number of timesteps: 400000 ( --> 8.02102 * Excitation signal length)
Create FDTD engine (compressed SSE + multi-threading)
Running FDTD engine... this may take a while... grab a cup of coffee?!?
Warning: Unused primitive (type: Box) detected in property: antenna!
Warning: Unused primitive (type: Box) detected in property: antenna!
Warning: Unused primitive (type: Box) detected in property: antenna!
[@        7s] Timestep:          621 || Speed:  212.8 MC/s (1.256e-02 s/TS) || Energy: ~5.55e-21 (- 0.00dB)
[@       15s] Timestep:         1242 || Speed:  212.8 MC/s (1.256e-02 s/TS) || Energy: ~2.58e-20 (- 0.00dB)
[@       23s] Timestep:         1863 || Speed:  212.9 MC/s (1.255e-02 s/TS) || Energy: ~5.53e-20 (- 0.00dB)
[@       31s] Timestep:         2484 || Speed:  213.5 MC/s (1.251e-02 s/TS) || Energy: ~5.81e-20 (- 0.00dB)
[@       38s] Timestep:         3105 || Speed:  212.9 MC/s (1.255e-02 s/TS) || Energy: ~6.27e-20 (- 0.00dB)
[@       46s] Timestep:         3726 || Speed:  212.7 MC/s (1.256e-02 s/TS) || Energy: ~3.86e-19 (- 0.00dB)
[@       54s] Timestep:         4347 || Speed:  216.3 MC/s (1.235e-02 s/TS) || Energy: ~1.66e-18 (- 0.00dB)
[@     1m02s] Timestep:         4968 || Speed:  208.4 MC/s (1.282e-02 s/TS) || Energy: ~3.98e-18 (- 0.00dB)
[@     1m10s] Timestep:         5589 || Speed:  215.0 MC/s (1.243e-02 s/TS) || Energy: ~5.62e-18 (- 0.00dB)
[@     1m17s] Timestep:         6210 || Speed:  212.7 MC/s (1.256e-02 s/TS) || Energy: ~4.89e-18 (- 0.60dB)
[@     1m25s] Timestep:         6831 || Speed:  214.7 MC/s (1.245e-02 s/TS) || Energy: ~8.90e-18 (- 0.00dB)
[@     1m33s] Timestep:         7452 || Speed:  213.4 MC/s (1.252e-02 s/TS) || Energy: ~4.09e-17 (- 0.00dB)
[@     1m41s] Timestep:         8073 || Speed:  213.7 MC/s (1.250e-02 s/TS) || Energy: ~1.21e-16 (- 0.00dB)
[@     1m48s] Timestep:         8694 || Speed:  214.0 MC/s (1.248e-02 s/TS) || Energy: ~2.16e-16 (- 0.00dB)
[@     1m56s] Timestep:         9315 || Speed:  215.5 MC/s (1.240e-02 s/TS) || Energy: ~2.38e-16 (- 0.00dB)
[@     2m04s] Timestep:         9936 || Speed:  209.0 MC/s (1.278e-02 s/TS) || Energy: ~2.15e-16 (- 0.43dB)
[@     2m12s] Timestep:        10557 || Speed:  214.9 MC/s (1.243e-02 s/TS) || Energy: ~5.33e-16 (- 0.00dB)
[@     2m20s] Timestep:        11178 || Speed:  213.1 MC/s (1.254e-02 s/TS) || Energy: ~1.75e-15 (- 0.00dB)
[@     2m27s] Timestep:        11799 || Speed:  213.9 MC/s (1.249e-02 s/TS) || Energy: ~3.76e-15 (- 0.00dB)
[@     2m35s] Timestep:        12420 || Speed:  213.6 MC/s (1.251e-02 s/TS) || Energy: ~5.15e-15 (- 0.00dB)
[@     2m43s] Timestep:        13041 || Speed:  212.9 MC/s (1.255e-02 s/TS) || Energy: ~4.88e-15 (- 0.23dB)
[@     2m51s] Timestep:        13662 || Speed:  208.9 MC/s (1.279e-02 s/TS) || Energy: ~5.61e-15 (- 0.00dB)
[@     2m59s] Timestep:        14283 || Speed:  208.3 MC/s (1.282e-02 s/TS) || Energy: ~1.37e-14 (- 0.00dB)
[@     3m07s] Timestep:        14904 || Speed:  208.6 MC/s (1.281e-02 s/TS) || Energy: ~3.18e-14 (- 0.00dB)
[@     3m14s] Timestep:        15525 || Speed:  218.0 MC/s (1.225e-02 s/TS) || Energy: ~5.06e-14 (- 0.00dB)
[@     3m22s] Timestep:        16146 || Speed:  219.4 MC/s (1.218e-02 s/TS) || Energy: ~5.66e-14 (- 0.00dB)
[@     3m29s] Timestep:        16767 || Speed:  231.8 MC/s (1.152e-02 s/TS) || Energy: ~5.51e-14 (- 0.12dB)
[@     3m36s] Timestep:        17388 || Speed:  229.3 MC/s (1.165e-02 s/TS) || Energy: ~7.85e-14 (- 0.00dB)
[@     3m43s] Timestep:        18009 || Speed:  237.7 MC/s (1.124e-02 s/TS) || Energy: ~1.52e-13 (- 0.00dB)
[@     3m50s] Timestep:        18630 || Speed:  243.4 MC/s (1.097e-02 s/TS) || Energy: ~2.48e-13 (- 0.00dB)
[@     3m57s] Timestep:        19251 || Speed:  255.4 MC/s (1.046e-02 s/TS) || Energy: ~3.06e-13 (- 0.00dB)
[@     4m03s] Timestep:        19872 || Speed:  253.3 MC/s (1.055e-02 s/TS) || Energy: ~3.21e-13 (- 0.00dB)
[@     4m10s] Timestep:        20493 || Speed:  257.6 MC/s (1.037e-02 s/TS) || Energy: ~3.73e-13 (- 0.00dB)
[@     4m16s] Timestep:        21114 || Speed:  256.4 MC/s (1.042e-02 s/TS) || Energy: ~5.33e-13 (- 0.00dB)
[@     4m22s] Timestep:        21735 || Speed:  257.6 MC/s (1.037e-02 s/TS) || Energy: ~7.38e-13 (- 0.00dB)
[@     4m29s] Timestep:        22356 || Speed:  260.3 MC/s (1.026e-02 s/TS) || Energy: ~8.65e-13 (- 0.00dB)
[@     4m35s] Timestep:        22977 || Speed:  253.5 MC/s (1.054e-02 s/TS) || Energy: ~9.28e-13 (- 0.00dB)
[@     4m42s] Timestep:        23598 || Speed:  254.1 MC/s (1.051e-02 s/TS) || Energy: ~1.11e-12 (- 0.00dB)
[@     4m48s] Timestep:        24219 || Speed:  259.4 MC/s (1.030e-02 s/TS) || Energy: ~1.46e-12 (- 0.00dB)
[@     4m55s] Timestep:        24840 || Speed:  252.7 MC/s (1.057e-02 s/TS) || Energy: ~1.73e-12 (- 0.00dB)
[@     5m01s] Timestep:        25461 || Speed:  253.6 MC/s (1.053e-02 s/TS) || Energy: ~1.68e-12 (- 0.16dB)
[@     5m08s] Timestep:        26082 || Speed:  242.2 MC/s (1.103e-02 s/TS) || Energy: ~1.53e-12 (- 0.58dB)
[@     5m15s] Timestep:        26703 || Speed:  252.9 MC/s (1.057e-02 s/TS) || Energy: ~1.78e-12 (- 0.00dB)
[@     5m21s] Timestep:        27324 || Speed:  259.1 MC/s (1.031e-02 s/TS) || Energy: ~2.53e-12 (- 0.00dB)
[@     5m28s] Timestep:        27945 || Speed:  262.0 MC/s (1.020e-02 s/TS) || Energy: ~3.10e-12 (- 0.00dB)
[@     5m34s] Timestep:        28566 || Speed:  255.5 MC/s (1.046e-02 s/TS) || Energy: ~2.85e-12 (- 0.37dB)
[@     5m40s] Timestep:        29187 || Speed:  261.1 MC/s (1.023e-02 s/TS) || Energy: ~2.07e-12 (- 1.75dB)
[@     5m47s] Timestep:        29808 || Speed:  256.3 MC/s (1.042e-02 s/TS) || Energy: ~1.83e-12 (- 2.29dB)
[@     5m53s] Timestep:        30429 || Speed:  261.2 MC/s (1.023e-02 s/TS) || Energy: ~2.62e-12 (- 0.73dB)
[@     6m00s] Timestep:        31050 || Speed:  257.5 MC/s (1.038e-02 s/TS) || Energy: ~3.63e-12 (- 0.00dB)
[@     6m06s] Timestep:        31671 || Speed:  254.2 MC/s (1.051e-02 s/TS) || Energy: ~3.68e-12 (- 0.00dB)
[@     6m13s] Timestep:        32292 || Speed:  259.7 MC/s (1.029e-02 s/TS) || Energy: ~2.67e-12 (- 1.38dB)
[@     6m19s] Timestep:        32913 || Speed:  260.8 MC/s (1.024e-02 s/TS) || Energy: ~1.76e-12 (- 3.20dB)
[@     6m25s] Timestep:        33534 || Speed:  258.9 MC/s (1.032e-02 s/TS) || Energy: ~1.92e-12 (- 2.83dB)
[@     6m32s] Timestep:        34155 || Speed:  254.3 MC/s (1.051e-02 s/TS) || Energy: ~2.80e-12 (- 1.19dB)
[@     6m38s] Timestep:        34776 || Speed:  254.9 MC/s (1.048e-02 s/TS) || Energy: ~3.24e-12 (- 0.55dB)
[@     6m45s] Timestep:        35397 || Speed:  255.5 MC/s (1.046e-02 s/TS) || Energy: ~2.67e-12 (- 1.40dB)
[@     6m51s] Timestep:        36018 || Speed:  260.6 MC/s (1.025e-02 s/TS) || Energy: ~1.69e-12 (- 3.38dB)
[@     6m58s] Timestep:        36639 || Speed:  251.1 MC/s (1.064e-02 s/TS) || Energy: ~1.26e-12 (- 4.64dB)
[@     7m04s] Timestep:        37260 || Speed:  253.7 MC/s (1.053e-02 s/TS) || Energy: ~1.59e-12 (- 3.63dB)
[@     7m11s] Timestep:        37881 || Speed:  258.9 MC/s (1.032e-02 s/TS) || Energy: ~2.03e-12 (- 2.57dB)
[@     7m17s] Timestep:        38502 || Speed:  260.3 MC/s (1.026e-02 s/TS) || Energy: ~1.94e-12 (- 2.78dB)
[@     7m24s] Timestep:        39123 || Speed:  260.2 MC/s (1.027e-02 s/TS) || Energy: ~1.37e-12 (- 4.30dB)
[@     7m30s] Timestep:        39744 || Speed:  257.3 MC/s (1.038e-02 s/TS) || Energy: ~8.55e-13 (- 6.34dB)
[@     7m36s] Timestep:        40365 || Speed:  258.3 MC/s (1.034e-02 s/TS) || Energy: ~7.75e-13 (- 6.76dB)
[@     7m43s] Timestep:        40986 || Speed:  256.5 MC/s (1.041e-02 s/TS) || Energy: ~9.81e-13 (- 5.74dB)
[@     7m49s] Timestep:        41607 || Speed:  258.8 MC/s (1.032e-02 s/TS) || Energy: ~1.08e-12 (- 5.32dB)
[@     7m56s] Timestep:        42228 || Speed:  259.7 MC/s (1.029e-02 s/TS) || Energy: ~8.96e-13 (- 6.13dB)
[@     8m02s] Timestep:        42849 || Speed:  255.1 MC/s (1.047e-02 s/TS) || Energy: ~5.84e-13 (- 8.00dB)
[@     8m09s] Timestep:        43470 || Speed:  254.3 MC/s (1.051e-02 s/TS) || Energy: ~3.94e-13 (- 9.71dB)
[@     8m15s] Timestep:        44091 || Speed:  257.5 MC/s (1.037e-02 s/TS) || Energy: ~4.01e-13 (- 9.62dB)
[@     8m22s] Timestep:        44712 || Speed:  260.6 MC/s (1.025e-02 s/TS) || Energy: ~4.79e-13 (- 8.85dB)
[@     8m28s] Timestep:        45333 || Speed:  258.4 MC/s (1.034e-02 s/TS) || Energy: ~4.77e-13 (- 8.87dB)
[@     8m34s] Timestep:        45954 || Speed:  261.5 MC/s (1.022e-02 s/TS) || Energy: ~3.67e-13 (-10.01dB)
[@     8m41s] Timestep:        46575 || Speed:  255.5 MC/s (1.045e-02 s/TS) || Energy: ~2.37e-13 (-11.90dB)
[@     8m47s] Timestep:        47196 || Speed:  257.0 MC/s (1.039e-02 s/TS) || Energy: ~1.74e-13 (-13.24dB)
[@     8m54s] Timestep:        47817 || Speed:  256.7 MC/s (1.041e-02 s/TS) || Energy: ~1.83e-13 (-13.03dB)
[@     9m00s] Timestep:        48438 || Speed:  255.3 MC/s (1.047e-02 s/TS) || Energy: ~2.07e-13 (-12.50dB)
[@     9m07s] Timestep:        49059 || Speed:  247.6 MC/s (1.079e-02 s/TS) || Energy: ~1.95e-13 (-12.75dB)
[@     9m13s] Timestep:        49680 || Speed:  259.0 MC/s (1.032e-02 s/TS) || Energy: ~1.48e-13 (-13.96dB)
[@     9m20s] Timestep:        50301 || Speed:  260.7 MC/s (1.025e-02 s/TS) || Energy: ~9.82e-14 (-15.74dB)
[@     9m26s] Timestep:        50922 || Speed:  259.3 MC/s (1.030e-02 s/TS) || Energy: ~7.54e-14 (-16.88dB)
[@     9m32s] Timestep:        51543 || Speed:  259.8 MC/s (1.028e-02 s/TS) || Energy: ~7.83e-14 (-16.72dB)
[@     9m39s] Timestep:        52164 || Speed:  257.3 MC/s (1.038e-02 s/TS) || Energy: ~8.58e-14 (-16.32dB)
[@     9m45s] Timestep:        52785 || Speed:  257.6 MC/s (1.037e-02 s/TS) || Energy: ~8.00e-14 (-16.62dB)
[@     9m52s] Timestep:        53406 || Speed:  255.3 MC/s (1.046e-02 s/TS) || Energy: ~6.11e-14 (-17.79dB)
[@     9m58s] Timestep:        54027 || Speed:  260.7 MC/s (1.025e-02 s/TS) || Energy: ~4.16e-14 (-19.47dB)
[@    10m05s] Timestep:        54648 || Speed:  256.6 MC/s (1.041e-02 s/TS) || Energy: ~3.22e-14 (-20.58dB)
[@    10m11s] Timestep:        55269 || Speed:  257.9 MC/s (1.036e-02 s/TS) || Energy: ~3.29e-14 (-20.48dB)
[@    10m18s] Timestep:        55890 || Speed:  259.2 MC/s (1.031e-02 s/TS) || Energy: ~3.59e-14 (-20.11dB)
[@    10m24s] Timestep:        56511 || Speed:  255.4 MC/s (1.046e-02 s/TS) || Energy: ~3.37e-14 (-20.38dB)
[@    10m31s] Timestep:        57132 || Speed:  241.7 MC/s (1.106e-02 s/TS) || Energy: ~2.60e-14 (-21.50dB)
[@    10m38s] Timestep:        57753 || Speed:  228.3 MC/s (1.170e-02 s/TS) || Energy: ~1.78e-14 (-23.15dB)
[@    10m46s] Timestep:        58374 || Speed:  217.3 MC/s (1.229e-02 s/TS) || Energy: ~1.37e-14 (-24.28dB)
