openEMS - fixed number of threads: 3
 ---------------------------------------------------------------------- 
 | openEMS 64bit -- version v0.37.0-rc3-31-g6761a36
 | (C) 2010-2026 Thorsten Liebig <thorsten.liebig@gmx.de>  GPL license
 ---------------------------------------------------------------------- 
	Used external libraries:
		CSXCAD -- Version: v0.7.0-rc3-7-g65e7591
		hdf5   -- Version: 1.10.10
		          compiled against: HDF5 library version: 1.10.10
		tinyxml -- compiled against: 2.6.2
		fparser
		boost  -- compiled against: 1_83
		vtk -- Version: 9.1.0
		       compiled against: 9.1.0

Create FDTD operator (compressed SSE + multi-threading)
openEMS::SetupFDTD: Warning, the timestep seems to be very small --> long simulation. Check your mesh!?
FDTD simulation size: 213x197x74 --> 3.10511e+06 FDTD cells 
FDTD timestep is: 9.67577e-14 s; Nyquist rate: 1476 timesteps @3.50105e+09 Hz
Excitation signal length is: 29608 timesteps (2.8648e-09s)
Max. number of timesteps: 600000 ( --> 20.2648 * Excitation signal length)
Create FDTD engine (compressed SSE + multi-threading)
Running FDTD engine... this may take a while... grab a cup of coffee?!?
Warning: Unused primitive (type: Box) detected in property: antenna!
Warning: Unused primitive (type: Box) detected in property: antenna!
[@        9s] Timestep:          369 || Speed:  118.7 MC/s (2.616e-02 s/TS) || Energy: ~9.62e-22 (- 0.00dB)
[@       21s] Timestep:          738 || Speed:   97.8 MC/s (3.174e-02 s/TS) || Energy: ~4.41e-21 (- 0.00dB)
[@       32s] Timestep:         1107 || Speed:  102.1 MC/s (3.041e-02 s/TS) || Energy: ~9.32e-21 (- 0.00dB)
[@       44s] Timestep:         1476 || Speed:   95.4 MC/s (3.256e-02 s/TS) || Energy: ~9.95e-21 (- 0.00dB)
[@       55s] Timestep:         1845 || Speed:  102.8 MC/s (3.020e-02 s/TS) || Energy: ~1.12e-20 (- 0.00dB)
[@     1m07s] Timestep:         2214 || Speed:   99.9 MC/s (3.108e-02 s/TS) || Energy: ~6.60e-20 (- 0.00dB)
[@     1m18s] Timestep:         2583 || Speed:   98.8 MC/s (3.144e-02 s/TS) || Energy: ~2.81e-19 (- 0.00dB)
[@     1m30s] Timestep:         2952 || Speed:   99.1 MC/s (3.134e-02 s/TS) || Energy: ~6.78e-19 (- 0.00dB)
[@     1m42s] Timestep:         3321 || Speed:   91.8 MC/s (3.384e-02 s/TS) || Energy: ~9.66e-19 (- 0.00dB)
[@     1m54s] Timestep:         3690 || Speed:   99.5 MC/s (3.121e-02 s/TS) || Energy: ~8.55e-19 (- 0.53dB)
[@     2m05s] Timestep:         4059 || Speed:  100.5 MC/s (3.091e-02 s/TS) || Energy: ~1.53e-18 (- 0.00dB)
[@     2m16s] Timestep:         4428 || Speed:  103.1 MC/s (3.012e-02 s/TS) || Energy: ~6.90e-18 (- 0.00dB)
[@     2m27s] Timestep:         4797 || Speed:  103.8 MC/s (2.991e-02 s/TS) || Energy: ~2.05e-17 (- 0.00dB)
[@     2m39s] Timestep:         5166 || Speed:   98.4 MC/s (3.156e-02 s/TS) || Energy: ~3.69e-17 (- 0.00dB)
[@     2m50s] Timestep:         5535 || Speed:  100.7 MC/s (3.083e-02 s/TS) || Energy: ~4.14e-17 (- 0.00dB)
[@     3m02s] Timestep:         5904 || Speed:  103.5 MC/s (3.001e-02 s/TS) || Energy: ~3.77e-17 (- 0.40dB)
[@     3m13s] Timestep:         6273 || Speed:   98.6 MC/s (3.149e-02 s/TS) || Energy: ~8.96e-17 (- 0.00dB)
[@     3m24s] Timestep:         6642 || Speed:  101.7 MC/s (3.054e-02 s/TS) || Energy: ~2.95e-16 (- 0.00dB)
[@     3m36s] Timestep:         7011 || Speed:   96.2 MC/s (3.227e-02 s/TS) || Energy: ~6.40e-16 (- 0.00dB)
[@     3m48s] Timestep:         7380 || Speed:   95.3 MC/s (3.259e-02 s/TS) || Energy: ~8.92e-16 (- 0.00dB)
[@     4m00s] Timestep:         7749 || Speed:  102.3 MC/s (3.036e-02 s/TS) || Energy: ~8.60e-16 (- 0.16dB)
[@     4m11s] Timestep:         8118 || Speed:   98.0 MC/s (3.168e-02 s/TS) || Energy: ~9.59e-16 (- 0.00dB)
[@     4m22s] Timestep:         8487 || Speed:  104.4 MC/s (2.974e-02 s/TS) || Energy: ~2.27e-15 (- 0.00dB)
[@     4m34s] Timestep:         8856 || Speed:   99.1 MC/s (3.133e-02 s/TS) || Energy: ~5.33e-15 (- 0.00dB)
[@     4m45s] Timestep:         9225 || Speed:  103.7 MC/s (2.994e-02 s/TS) || Energy: ~8.71e-15 (- 0.00dB)
[@     4m57s] Timestep:         9594 || Speed:   97.3 MC/s (3.192e-02 s/TS) || Energy: ~1.00e-14 (- 0.00dB)
[@     5m08s] Timestep:         9963 || Speed:   98.6 MC/s (3.150e-02 s/TS) || Energy: ~9.67e-15 (- 0.14dB)
[@     5m19s] Timestep:        10332 || Speed:  102.5 MC/s (3.030e-02 s/TS) || Energy: ~1.29e-14 (- 0.00dB)
[@     5m30s] Timestep:        10701 || Speed:  104.5 MC/s (2.972e-02 s/TS) || Energy: ~2.47e-14 (- 0.00dB)
[@     5m42s] Timestep:        11070 || Speed:   94.6 MC/s (3.282e-02 s/TS) || Energy: ~4.18e-14 (- 0.00dB)
[@     6m02s] Timestep:        11439 || Speed:   59.8 MC/s (5.189e-02 s/TS) || Energy: ~5.40e-14 (- 0.00dB)
[@     6m28s] Timestep:        11808 || Speed:   43.0 MC/s (7.224e-02 s/TS) || Energy: ~5.77e-14 (- 0.00dB)
[@     6m58s] Timestep:        12177 || Speed:   39.2 MC/s (7.927e-02 s/TS) || Energy: ~6.34e-14 (- 0.00dB)
[@     7m12s] Timestep:        12546 || Speed:   81.8 MC/s (3.795e-02 s/TS) || Energy: ~8.49e-14 (- 0.00dB)
[@     7m24s] Timestep:        12915 || Speed:   92.1 MC/s (3.372e-02 s/TS) || Energy: ~1.19e-13 (- 0.00dB)
[@     7m35s] Timestep:        13284 || Speed:  102.8 MC/s (3.021e-02 s/TS) || Energy: ~1.50e-13 (- 0.00dB)
[@     7m46s] Timestep:        13653 || Speed:  101.7 MC/s (3.053e-02 s/TS) || Energy: ~1.71e-13 (- 0.00dB)
[@     7m58s] Timestep:        14022 || Speed:   99.8 MC/s (3.112e-02 s/TS) || Energy: ~1.98e-13 (- 0.00dB)
[@     8m10s] Timestep:        14391 || Speed:   97.3 MC/s (3.192e-02 s/TS) || Energy: ~2.37e-13 (- 0.00dB)
[@     8m21s] Timestep:        14760 || Speed:   99.3 MC/s (3.128e-02 s/TS) || Energy: ~2.68e-13 (- 0.00dB)
[@     8m33s] Timestep:        15129 || Speed:  101.4 MC/s (3.061e-02 s/TS) || Energy: ~2.74e-13 (- 0.00dB)
[@     8m44s] Timestep:        15498 || Speed:   96.6 MC/s (3.215e-02 s/TS) || Energy: ~2.83e-13 (- 0.00dB)
[@     8m57s] Timestep:        15867 || Speed:   92.4 MC/s (3.361e-02 s/TS) || Energy: ~3.40e-13 (- 0.00dB)
[@     9m10s] Timestep:        16236 || Speed:   86.9 MC/s (3.573e-02 s/TS) || Energy: ~4.34e-13 (- 0.00dB)
[@     9m22s] Timestep:        16605 || Speed:   91.4 MC/s (3.398e-02 s/TS) || Energy: ~4.81e-13 (- 0.00dB)
[@     9m36s] Timestep:        16974 || Speed:   87.9 MC/s (3.531e-02 s/TS) || Energy: ~4.30e-13 (- 0.48dB)
[@     9m50s] Timestep:        17343 || Speed:   81.0 MC/s (3.835e-02 s/TS) || Energy: ~3.54e-13 (- 1.33dB)
[@    10m04s] Timestep:        17712 || Speed:   81.7 MC/s (3.800e-02 s/TS) || Energy: ~3.71e-13 (- 1.12dB)
[@    10m17s] Timestep:        18081 || Speed:   84.1 MC/s (3.691e-02 s/TS) || Energy: ~4.94e-13 (- 0.00dB)
[@    10m30s] Timestep:        18450 || Speed:   94.0 MC/s (3.303e-02 s/TS) || Energy: ~5.90e-13 (- 0.00dB)
[@    10m44s] Timestep:        18819 || Speed:   81.0 MC/s (3.834e-02 s/TS) || Energy: ~5.43e-13 (- 0.36dB)
[@    10m56s] Timestep:        19188 || Speed:   89.6 MC/s (3.464e-02 s/TS) || Energy: ~4.04e-13 (- 1.64dB)
[@    11m09s] Timestep:        19557 || Speed:   88.5 MC/s (3.508e-02 s/TS) || Energy: ~3.34e-13 (- 2.48dB)
[@    11m22s] Timestep:        19926 || Speed:   93.4 MC/s (3.324e-02 s/TS) || Energy: ~3.99e-13 (- 1.70dB)
[@    11m34s] Timestep:        20295 || Speed:   89.3 MC/s (3.478e-02 s/TS) || Energy: ~4.98e-13 (- 0.73dB)
[@    11m48s] Timestep:        20664 || Speed:   85.0 MC/s (3.654e-02 s/TS) || Energy: ~4.94e-13 (- 0.77dB)
[@    12m01s] Timestep:        21033 || Speed:   85.2 MC/s (3.643e-02 s/TS) || Energy: ~3.78e-13 (- 1.93dB)
[@    12m14s] Timestep:        21402 || Speed:   89.6 MC/s (3.465e-02 s/TS) || Energy: ~2.71e-13 (- 3.38dB)
[@    12m26s] Timestep:        21771 || Speed:   99.2 MC/s (3.130e-02 s/TS) || Energy: ~2.63e-13 (- 3.50dB)
[@    12m37s] Timestep:        22140 || Speed:  105.1 MC/s (2.954e-02 s/TS) || Energy: ~3.20e-13 (- 2.66dB)
[@    12m46s] Timestep:        22509 || Speed:  126.2 MC/s (2.461e-02 s/TS) || Energy: ~3.38e-13 (- 2.41dB)
[@    12m54s] Timestep:        22878 || Speed:  131.7 MC/s (2.358e-02 s/TS) || Energy: ~2.78e-13 (- 3.26dB)
[@    13m04s] Timestep:        23247 || Speed:  121.8 MC/s (2.550e-02 s/TS) || Energy: ~1.93e-13 (- 4.85dB)
[@    13m13s] Timestep:        23616 || Speed:  131.6 MC/s (2.359e-02 s/TS) || Energy: ~1.53e-13 (- 5.85dB)
[@    13m26s] Timestep:        23985 || Speed:   88.3 MC/s (3.518e-02 s/TS) || Energy: ~1.67e-13 (- 5.47dB)
[@    14m43s] Timestep:        24354 || Speed:   14.8 MC/s (2.104e-01 s/TS) || Energy: ~1.86e-13 (- 5.01dB)
[@    15m27s] Timestep:        24723 || Speed:   26.0 MC/s (1.195e-01 s/TS) || Energy: ~1.69e-13 (- 5.43dB)
[@    15m40s] Timestep:        25092 || Speed:   88.1 MC/s (3.526e-02 s/TS) || Energy: ~1.24e-13 (- 6.79dB)
[@    15m53s] Timestep:        25461 || Speed:   92.3 MC/s (3.364e-02 s/TS) || Energy: ~8.66e-14 (- 8.33dB)
[@    16m06s] Timestep:        25830 || Speed:   87.9 MC/s (3.532e-02 s/TS) || Energy: ~7.82e-14 (- 8.78dB)
[@    16m18s] Timestep:        26199 || Speed:   91.8 MC/s (3.382e-02 s/TS) || Energy: ~8.62e-14 (- 8.35dB)
[@    16m30s] Timestep:        26568 || Speed:   99.2 MC/s (3.130e-02 s/TS) || Energy: ~8.71e-14 (- 8.31dB)
[@    16m43s] Timestep:        26937 || Speed:   87.4 MC/s (3.553e-02 s/TS) || Energy: ~7.18e-14 (- 9.14dB)
[@    16m56s] Timestep:        27306 || Speed:   89.0 MC/s (3.491e-02 s/TS) || Energy: ~5.08e-14 (-10.65dB)
[@    17m10s] Timestep:        27675 || Speed:   81.9 MC/s (3.792e-02 s/TS) || Energy: ~3.79e-14 (-11.92dB)
[@    17m23s] Timestep:        28044 || Speed:   86.6 MC/s (3.584e-02 s/TS) || Energy: ~3.65e-14 (-12.08dB)
[@    17m36s] Timestep:        28413 || Speed:   84.8 MC/s (3.660e-02 s/TS) || Energy: ~3.91e-14 (-11.78dB)
[@    17m50s] Timestep:        28782 || Speed:   84.2 MC/s (3.689e-02 s/TS) || Energy: ~3.72e-14 (-12.00dB)
[@    18m03s] Timestep:        29151 || Speed:   87.0 MC/s (3.570e-02 s/TS) || Energy: ~2.95e-14 (-13.01dB)
[@    18m18s] Timestep:        29520 || Speed:   75.9 MC/s (4.089e-02 s/TS) || Energy: ~2.09e-14 (-14.50dB)
[@    18m32s] Timestep:        29889 || Speed:   86.8 MC/s (3.577e-02 s/TS) || Energy: ~1.65e-14 (-15.54dB)
[@    18m43s] Timestep:        30258 || Speed:   97.2 MC/s (3.194e-02 s/TS) || Energy: ~1.63e-14 (-15.58dB)
[@    18m58s] Timestep:        30627 || Speed:   79.9 MC/s (3.884e-02 s/TS) || Energy: ~1.71e-14 (-15.38dB)
[@    19m10s] Timestep:        30996 || Speed:   90.4 MC/s (3.434e-02 s/TS) || Energy: ~1.58e-14 (-15.73dB)
[@    19m22s] Timestep:        31365 || Speed:   95.8 MC/s (3.243e-02 s/TS) || Energy: ~1.23e-14 (-16.82dB)
[@    19m37s] Timestep:        31734 || Speed:   77.0 MC/s (4.030e-02 s/TS) || Energy: ~8.79e-15 (-18.27dB)
[@    19m51s] Timestep:        32103 || Speed:   82.4 MC/s (3.769e-02 s/TS) || Energy: ~7.16e-15 (-19.16dB)
[@    20m07s] Timestep:        32472 || Speed:   73.6 MC/s (4.220e-02 s/TS) || Energy: ~7.25e-15 (-19.10dB)
[@    20m22s] Timestep:        32841 || Speed:   73.8 MC/s (4.210e-02 s/TS) || Energy: ~7.53e-15 (-18.94dB)
[@    20m41s] Timestep:        33210 || Speed:   62.1 MC/s (4.998e-02 s/TS) || Energy: ~6.79e-15 (-19.39dB)
[@    21m08s] Timestep:        33579 || Speed:   41.1 MC/s (7.555e-02 s/TS) || Energy: ~5.18e-15 (-20.56dB)
[@    21m25s] Timestep:        33948 || Speed:   69.8 MC/s (4.451e-02 s/TS) || Energy: ~3.72e-15 (-22.00dB)
[@    21m37s] Timestep:        34317 || Speed:   98.6 MC/s (3.148e-02 s/TS) || Energy: ~3.15e-15 (-22.73dB)
[@    21m48s] Timestep:        34686 || Speed:   97.0 MC/s (3.202e-02 s/TS) || Energy: ~3.27e-15 (-22.56dB)
[@    22m02s] Timestep:        35055 || Speed:   84.2 MC/s (3.689e-02 s/TS) || Energy: ~3.35e-15 (-22.45dB)
[@    22m14s] Timestep:        35424 || Speed:   93.9 MC/s (3.307e-02 s/TS) || Energy: ~2.94e-15 (-23.03dB)
[@    22m26s] Timestep:        35793 || Speed:   93.8 MC/s (3.312e-02 s/TS) || Energy: ~2.19e-15 (-24.31dB)
[@    22m38s] Timestep:        36162 || Speed:   95.7 MC/s (3.246e-02 s/TS) || Energy: ~1.59e-15 (-25.71dB)
[@    22m50s] Timestep:        36531 || Speed:   99.1 MC/s (3.133e-02 s/TS) || Energy: ~1.40e-15 (-26.24dB)
[@    23m02s] Timestep:        36900 || Speed:   94.2 MC/s (3.297e-02 s/TS) || Energy: ~1.48e-15 (-25.99dB)
[@    23m13s] Timestep:        37269 || Speed:  101.8 MC/s (3.051e-02 s/TS) || Energy: ~1.49e-15 (-25.97dB)
[@    23m25s] Timestep:        37638 || Speed:  101.7 MC/s (3.054e-02 s/TS) || Energy: ~1.26e-15 (-26.70dB)
[@    23m38s] Timestep:        38007 || Speed:   84.7 MC/s (3.665e-02 s/TS) || Energy: ~9.18e-16 (-28.08dB)
[@    23m52s] Timestep:        38376 || Speed:   85.4 MC/s (3.638e-02 s/TS) || Energy: ~6.80e-16 (-29.38dB)
[@    24m04s] Timestep:        38745 || Speed:   92.1 MC/s (3.371e-02 s/TS) || Energy: ~6.31e-16 (-29.70dB)
[@    24m16s] Timestep:        39114 || Speed:   95.6 MC/s (3.249e-02 s/TS) || Energy: ~6.73e-16 (-29.43dB)
[@    24m28s] Timestep:        39483 || Speed:   91.5 MC/s (3.393e-02 s/TS) || Energy: ~6.57e-16 (-29.53dB)
[@    24m40s] Timestep:        39852 || Speed:   98.8 MC/s (3.142e-02 s/TS) || Energy: ~5.37e-16 (-30.41dB)
[@    24m52s] Timestep:        40221 || Speed:   94.6 MC/s (3.283e-02 s/TS) || Energy: ~3.85e-16 (-31.86dB)
[@    25m07s] Timestep:        40590 || Speed:   79.5 MC/s (3.906e-02 s/TS) || Energy: ~2.94e-16 (-33.02dB)
[@    25m20s] Timestep:        40959 || Speed:   84.4 MC/s (3.677e-02 s/TS) || Energy: ~2.85e-16 (-33.15dB)
[@    25m34s] Timestep:        41328 || Speed:   85.0 MC/s (3.651e-02 s/TS) || Energy: ~3.03e-16 (-32.89dB)
[@    25m46s] Timestep:        41697 || Speed:   89.5 MC/s (3.468e-02 s/TS) || Energy: ~2.87e-16 (-33.13dB)
[@    25m58s] Timestep:        42066 || Speed:   96.9 MC/s (3.204e-02 s/TS) || Energy: ~2.27e-16 (-34.15dB)
[@    26m09s] Timestep:        42435 || Speed:  106.6 MC/s (2.914e-02 s/TS) || Energy: ~1.62e-16 (-35.62dB)
[@    26m20s] Timestep:        42804 || Speed:  105.8 MC/s (2.935e-02 s/TS) || Energy: ~1.29e-16 (-36.62dB)
[@    26m31s] Timestep:        43173 || Speed:   98.6 MC/s (3.149e-02 s/TS) || Energy: ~1.29e-16 (-36.59dB)
[@    26m43s] Timestep:        43542 || Speed:  102.2 MC/s (3.038e-02 s/TS) || Energy: ~1.36e-16 (-36.38dB)
[@    26m54s] Timestep:        43911 || Speed:   98.9 MC/s (3.138e-02 s/TS) || Energy: ~1.24e-16 (-36.76dB)
[@    27m05s] Timestep:        44280 || Speed:  105.1 MC/s (2.955e-02 s/TS) || Energy: ~9.55e-17 (-37.91dB)
[@    27m17s] Timestep:        44649 || Speed:   97.0 MC/s (3.200e-02 s/TS) || Energy: ~6.81e-17 (-39.37dB)
[@    27m28s] Timestep:        45018 || Speed:  100.1 MC/s (3.102e-02 s/TS) || Energy: ~5.67e-17 (-40.17dB)
RunFDTD: end-criteria of -40.00dB reached after 45018 timesteps (-40.17dB)
Time for 45018 iterations with 3105114.00 cells : 1648.92 sec
Speed: 84.77 MCells/s 
env_v2_trim6.14 cells: [213, 197, 74] 3.105114 M; nf2ff box [[-53.0, 53.0], [-30.0, 29.8], [-24.9, 24.2]]
env_v2_trim6.14 rad. efficiency @2.40/2.44/2.48 GHz: [0.806 0.817 0.832] fmin: 2.4725
