openEMS - fixed number of threads: 2
 ---------------------------------------------------------------------- 
 | openEMS 64bit -- version v0.37.0-rc3-31-g6761a36
 | (C) 2010-2026 Thorsten Liebig <thorsten.liebig@gmx.de>  GPL license
 ---------------------------------------------------------------------- 
	Used external libraries:
		CSXCAD -- Version: v0.7.0-rc3-7-g65e7591
		hdf5   -- Version: 1.10.10
		          compiled against: HDF5 library version: 1.10.10
		tinyxml -- compiled against: 2.6.2
		fparser
		boost  -- compiled against: 1_83
		vtk -- Version: 9.1.0
		       compiled against: 9.1.0

Create FDTD operator (compressed SSE + multi-threading)
openEMS::SetupFDTD: Warning, the timestep seems to be very small --> long simulation. Check your mesh!?
FDTD simulation size: 209x197x74 --> 3.0468e+06 FDTD cells 
FDTD timestep is: 9.67577e-14 s; Nyquist rate: 1476 timesteps @3.50105e+09 Hz
Excitation signal length is: 29608 timesteps (2.8648e-09s)
Max. number of timesteps: 600000 ( --> 20.2648 * Excitation signal length)
Create FDTD engine (compressed SSE + multi-threading)
Warning: Unused primitive (type: Box) detected in property: antenna!
Warning: Unused primitive (type: Box) detected in property: antenna!
Running FDTD engine... this may take a while... grab a cup of coffee?!?
[@       13s] Timestep:          369 || Speed:   85.7 MC/s (3.555e-02 s/TS) || Energy: ~9.62e-22 (- 0.00dB)
[@       25s] Timestep:          738 || Speed:   90.6 MC/s (3.363e-02 s/TS) || Energy: ~4.41e-21 (- 0.00dB)
[@       39s] Timestep:         1107 || Speed:   82.9 MC/s (3.675e-02 s/TS) || Energy: ~9.31e-21 (- 0.00dB)
[@       51s] Timestep:         1476 || Speed:   88.0 MC/s (3.462e-02 s/TS) || Energy: ~9.95e-21 (- 0.00dB)
[@     1m04s] Timestep:         1845 || Speed:   86.8 MC/s (3.511e-02 s/TS) || Energy: ~1.14e-20 (- 0.00dB)
[@     1m18s] Timestep:         2214 || Speed:   84.2 MC/s (3.619e-02 s/TS) || Energy: ~6.62e-20 (- 0.00dB)
[@     1m31s] Timestep:         2583 || Speed:   84.0 MC/s (3.628e-02 s/TS) || Energy: ~2.81e-19 (- 0.00dB)
[@     1m45s] Timestep:         2952 || Speed:   83.5 MC/s (3.650e-02 s/TS) || Energy: ~6.78e-19 (- 0.00dB)
[@     1m57s] Timestep:         3321 || Speed:   89.1 MC/s (3.419e-02 s/TS) || Energy: ~9.66e-19 (- 0.00dB)
[@     2m10s] Timestep:         3690 || Speed:   87.5 MC/s (3.480e-02 s/TS) || Energy: ~8.58e-19 (- 0.52dB)
[@     2m23s] Timestep:         4059 || Speed:   88.0 MC/s (3.463e-02 s/TS) || Energy: ~1.53e-18 (- 0.00dB)
[@     2m36s] Timestep:         4428 || Speed:   86.7 MC/s (3.514e-02 s/TS) || Energy: ~6.91e-18 (- 0.00dB)
[@     2m49s] Timestep:         4797 || Speed:   87.2 MC/s (3.495e-02 s/TS) || Energy: ~2.05e-17 (- 0.00dB)
[@     3m01s] Timestep:         5166 || Speed:   87.5 MC/s (3.482e-02 s/TS) || Energy: ~3.69e-17 (- 0.00dB)
[@     3m14s] Timestep:         5535 || Speed:   87.7 MC/s (3.474e-02 s/TS) || Energy: ~4.14e-17 (- 0.00dB)
[@     3m27s] Timestep:         5904 || Speed:   86.5 MC/s (3.522e-02 s/TS) || Energy: ~3.78e-17 (- 0.40dB)
[@     3m41s] Timestep:         6273 || Speed:   82.4 MC/s (3.697e-02 s/TS) || Energy: ~8.97e-17 (- 0.00dB)
[@     3m54s] Timestep:         6642 || Speed:   87.2 MC/s (3.493e-02 s/TS) || Energy: ~2.95e-16 (- 0.00dB)
[@     4m07s] Timestep:         7011 || Speed:   86.7 MC/s (3.512e-02 s/TS) || Energy: ~6.40e-16 (- 0.00dB)
[@     4m19s] Timestep:         7380 || Speed:   88.9 MC/s (3.428e-02 s/TS) || Energy: ~8.92e-16 (- 0.00dB)
[@     4m32s] Timestep:         7749 || Speed:   86.1 MC/s (3.539e-02 s/TS) || Energy: ~8.61e-16 (- 0.16dB)
[@     4m45s] Timestep:         8118 || Speed:   87.4 MC/s (3.485e-02 s/TS) || Energy: ~9.58e-16 (- 0.00dB)
[@     4m58s] Timestep:         8487 || Speed:   86.1 MC/s (3.539e-02 s/TS) || Energy: ~2.27e-15 (- 0.00dB)
[@     5m12s] Timestep:         8856 || Speed:   85.8 MC/s (3.553e-02 s/TS) || Energy: ~5.33e-15 (- 0.00dB)
[@     5m24s] Timestep:         9225 || Speed:   88.7 MC/s (3.434e-02 s/TS) || Energy: ~8.70e-15 (- 0.00dB)
[@     5m37s] Timestep:         9594 || Speed:   85.8 MC/s (3.550e-02 s/TS) || Energy: ~9.99e-15 (- 0.00dB)
[@     5m55s] Timestep:         9963 || Speed:   64.9 MC/s (4.693e-02 s/TS) || Energy: ~9.65e-15 (- 0.15dB)
[@     6m20s] Timestep:        10332 || Speed:   44.7 MC/s (6.811e-02 s/TS) || Energy: ~1.29e-14 (- 0.00dB)
[@     6m48s] Timestep:        10701 || Speed:   39.9 MC/s (7.636e-02 s/TS) || Energy: ~2.47e-14 (- 0.00dB)
[@     7m02s] Timestep:        11070 || Speed:   77.8 MC/s (3.915e-02 s/TS) || Energy: ~4.17e-14 (- 0.00dB)
[@     7m16s] Timestep:        11439 || Speed:   85.4 MC/s (3.566e-02 s/TS) || Energy: ~5.40e-14 (- 0.00dB)
[@     7m27s] Timestep:        11808 || Speed:   99.9 MC/s (3.050e-02 s/TS) || Energy: ~5.74e-14 (- 0.00dB)
[@     7m38s] Timestep:        12177 || Speed:   99.2 MC/s (3.071e-02 s/TS) || Energy: ~6.30e-14 (- 0.00dB)
[@     7m50s] Timestep:        12546 || Speed:   96.0 MC/s (3.173e-02 s/TS) || Energy: ~8.44e-14 (- 0.00dB)
[@     8m01s] Timestep:        12915 || Speed:   97.5 MC/s (3.124e-02 s/TS) || Energy: ~1.19e-13 (- 0.00dB)
[@     8m12s] Timestep:        13284 || Speed:  101.1 MC/s (3.013e-02 s/TS) || Energy: ~1.49e-13 (- 0.00dB)
[@     8m23s] Timestep:        13653 || Speed:  103.0 MC/s (2.958e-02 s/TS) || Energy: ~1.70e-13 (- 0.00dB)
[@     8m34s] Timestep:        14022 || Speed:  101.7 MC/s (2.996e-02 s/TS) || Energy: ~1.96e-13 (- 0.00dB)
[@     8m46s] Timestep:        14391 || Speed:  101.4 MC/s (3.006e-02 s/TS) || Energy: ~2.34e-13 (- 0.00dB)
[@     8m57s] Timestep:        14760 || Speed:   95.5 MC/s (3.189e-02 s/TS) || Energy: ~2.66e-13 (- 0.00dB)
[@     9m09s] Timestep:        15129 || Speed:   93.4 MC/s (3.262e-02 s/TS) || Energy: ~2.73e-13 (- 0.00dB)
[@     9m21s] Timestep:        15498 || Speed:   95.0 MC/s (3.208e-02 s/TS) || Energy: ~2.80e-13 (- 0.00dB)
[@     9m33s] Timestep:        15867 || Speed:   92.0 MC/s (3.311e-02 s/TS) || Energy: ~3.35e-13 (- 0.00dB)
[@     9m47s] Timestep:        16236 || Speed:   85.0 MC/s (3.586e-02 s/TS) || Energy: ~4.28e-13 (- 0.00dB)
[@    10m00s] Timestep:        16605 || Speed:   86.6 MC/s (3.518e-02 s/TS) || Energy: ~4.77e-13 (- 0.00dB)
[@    10m12s] Timestep:        16974 || Speed:   89.8 MC/s (3.393e-02 s/TS) || Energy: ~4.29e-13 (- 0.46dB)
[@    10m24s] Timestep:        17343 || Speed:   97.3 MC/s (3.133e-02 s/TS) || Energy: ~3.50e-13 (- 1.34dB)
[@    10m36s] Timestep:        17712 || Speed:   91.7 MC/s (3.321e-02 s/TS) || Energy: ~3.63e-13 (- 1.18dB)
[@    10m48s] Timestep:        18081 || Speed:   92.8 MC/s (3.282e-02 s/TS) || Energy: ~4.84e-13 (- 0.00dB)
[@    11m00s] Timestep:        18450 || Speed:   91.5 MC/s (3.330e-02 s/TS) || Energy: ~5.83e-13 (- 0.00dB)
[@    11m12s] Timestep:        18819 || Speed:   96.3 MC/s (3.162e-02 s/TS) || Energy: ~5.42e-13 (- 0.32dB)
[@    11m23s] Timestep:        19188 || Speed:   97.8 MC/s (3.116e-02 s/TS) || Energy: ~4.02e-13 (- 1.61dB)
[@    11m36s] Timestep:        19557 || Speed:   90.5 MC/s (3.367e-02 s/TS) || Energy: ~3.25e-13 (- 2.54dB)
[@    11m48s] Timestep:        19926 || Speed:   91.8 MC/s (3.318e-02 s/TS) || Energy: ~3.87e-13 (- 1.78dB)
[@    12m01s] Timestep:        20295 || Speed:   88.3 MC/s (3.452e-02 s/TS) || Energy: ~4.90e-13 (- 0.76dB)
[@    12m13s] Timestep:        20664 || Speed:   95.4 MC/s (3.194e-02 s/TS) || Energy: ~4.93e-13 (- 0.74dB)
[@    12m24s] Timestep:        21033 || Speed:   96.5 MC/s (3.157e-02 s/TS) || Energy: ~3.79e-13 (- 1.88dB)
[@    12m35s] Timestep:        21402 || Speed:  103.1 MC/s (2.954e-02 s/TS) || Energy: ~2.66e-13 (- 3.41dB)
[@    12m45s] Timestep:        21771 || Speed:  112.1 MC/s (2.718e-02 s/TS) || Energy: ~2.53e-13 (- 3.63dB)
[@    12m55s] Timestep:        22140 || Speed:  114.1 MC/s (2.671e-02 s/TS) || Energy: ~3.10e-13 (- 2.74dB)
[@    13m05s] Timestep:        22509 || Speed:  110.8 MC/s (2.750e-02 s/TS) || Energy: ~3.35e-13 (- 2.41dB)
[@    13m16s] Timestep:        22878 || Speed:  105.2 MC/s (2.897e-02 s/TS) || Energy: ~2.79e-13 (- 3.20dB)
[@    13m51s] Timestep:        23247 || Speed:   32.1 MC/s (9.479e-02 s/TS) || Energy: ~1.92e-13 (- 4.82dB)
[@    15m05s] Timestep:        23616 || Speed:   15.2 MC/s (1.999e-01 s/TS) || Energy: ~1.48e-13 (- 5.97dB)
[@    15m28s] Timestep:        23985 || Speed:   49.0 MC/s (6.215e-02 s/TS) || Energy: ~1.60e-13 (- 5.63dB)
[@    15m40s] Timestep:        24354 || Speed:   89.2 MC/s (3.415e-02 s/TS) || Energy: ~1.81e-13 (- 5.08dB)
[@    15m54s] Timestep:        24723 || Speed:   84.6 MC/s (3.602e-02 s/TS) || Energy: ~1.68e-13 (- 5.40dB)
[@    16m07s] Timestep:        25092 || Speed:   83.7 MC/s (3.640e-02 s/TS) || Energy: ~1.24e-13 (- 6.72dB)
[@    16m19s] Timestep:        25461 || Speed:   90.2 MC/s (3.379e-02 s/TS) || Energy: ~8.50e-14 (- 8.37dB)
[@    16m32s] Timestep:        25830 || Speed:   86.9 MC/s (3.504e-02 s/TS) || Energy: ~7.38e-14 (- 8.98dB)
[@    16m46s] Timestep:        26199 || Speed:   85.0 MC/s (3.583e-02 s/TS) || Energy: ~8.15e-14 (- 8.55dB)
[@    17m00s] Timestep:        26568 || Speed:   80.2 MC/s (3.798e-02 s/TS) || Energy: ~8.45e-14 (- 8.39dB)
[@    17m13s] Timestep:        26937 || Speed:   83.9 MC/s (3.631e-02 s/TS) || Energy: ~7.15e-14 (- 9.12dB)
[@    17m26s] Timestep:        27306 || Speed:   85.4 MC/s (3.567e-02 s/TS) || Energy: ~5.07e-14 (-10.61dB)
[@    17m40s] Timestep:        27675 || Speed:   81.5 MC/s (3.739e-02 s/TS) || Energy: ~3.65e-14 (-12.04dB)
[@    17m53s] Timestep:        28044 || Speed:   87.1 MC/s (3.498e-02 s/TS) || Energy: ~3.39e-14 (-12.35dB)
[@    18m06s] Timestep:        28413 || Speed:   82.4 MC/s (3.699e-02 s/TS) || Energy: ~3.66e-14 (-12.02dB)
[@    18m21s] Timestep:        28782 || Speed:   77.6 MC/s (3.925e-02 s/TS) || Energy: ~3.59e-14 (-12.11dB)
[@    18m34s] Timestep:        29151 || Speed:   87.9 MC/s (3.466e-02 s/TS) || Energy: ~2.93e-14 (-12.99dB)
[@    18m47s] Timestep:        29520 || Speed:   82.5 MC/s (3.693e-02 s/TS) || Energy: ~2.08e-14 (-14.47dB)
[@    19m02s] Timestep:        29889 || Speed:   79.1 MC/s (3.854e-02 s/TS) || Energy: ~1.57e-14 (-15.71dB)
[@    19m14s] Timestep:        30258 || Speed:   91.8 MC/s (3.321e-02 s/TS) || Energy: ~1.49e-14 (-15.93dB)
[@    19m28s] Timestep:        30627 || Speed:   77.4 MC/s (3.934e-02 s/TS) || Energy: ~1.58e-14 (-15.67dB)
[@    19m42s] Timestep:        30996 || Speed:   81.1 MC/s (3.757e-02 s/TS) || Energy: ~1.52e-14 (-15.85dB)
[@    19m57s] Timestep:        31365 || Speed:   74.6 MC/s (4.087e-02 s/TS) || Energy: ~1.22e-14 (-16.78dB)
[@    20m13s] Timestep:        31734 || Speed:   73.4 MC/s (4.150e-02 s/TS) || Energy: ~8.76e-15 (-18.23dB)
[@    20m28s] Timestep:        32103 || Speed:   74.2 MC/s (4.105e-02 s/TS) || Energy: ~6.73e-15 (-19.38dB)
[@    20m50s] Timestep:        32472 || Speed:   49.9 MC/s (6.107e-02 s/TS) || Energy: ~6.52e-15 (-19.52dB)
[@    21m15s] Timestep:        32841 || Speed:   45.6 MC/s (6.682e-02 s/TS) || Energy: ~6.91e-15 (-19.27dB)
[@    21m27s] Timestep:        33210 || Speed:   90.8 MC/s (3.354e-02 s/TS) || Energy: ~6.55e-15 (-19.50dB)
[@    21m40s] Timestep:        33579 || Speed:   90.5 MC/s (3.365e-02 s/TS) || Energy: ~5.22e-15 (-20.48dB)
[@    21m54s] Timestep:        33948 || Speed:   80.2 MC/s (3.798e-02 s/TS) || Energy: ~3.72e-15 (-21.95dB)
[@    22m07s] Timestep:        34317 || Speed:   83.5 MC/s (3.649e-02 s/TS) || Energy: ~2.91e-15 (-23.02dB)
[@    22m20s] Timestep:        34686 || Speed:   90.9 MC/s (3.352e-02 s/TS) || Energy: ~2.89e-15 (-23.05dB)
[@    22m32s] Timestep:        35055 || Speed:   89.7 MC/s (3.398e-02 s/TS) || Energy: ~3.07e-15 (-22.79dB)
[@    22m45s] Timestep:        35424 || Speed:   90.8 MC/s (3.354e-02 s/TS) || Energy: ~2.86e-15 (-23.10dB)
[@    22m57s] Timestep:        35793 || Speed:   88.4 MC/s (3.447e-02 s/TS) || Energy: ~2.23e-15 (-24.17dB)
[@    23m09s] Timestep:        36162 || Speed:   92.1 MC/s (3.306e-02 s/TS) || Energy: ~1.58e-15 (-25.67dB)
[@    23m21s] Timestep:        36531 || Speed:   93.6 MC/s (3.256e-02 s/TS) || Energy: ~1.27e-15 (-26.61dB)
[@    23m35s] Timestep:        36900 || Speed:   80.9 MC/s (3.765e-02 s/TS) || Energy: ~1.30e-15 (-26.53dB)
[@    23m49s] Timestep:        37269 || Speed:   81.5 MC/s (3.738e-02 s/TS) || Energy: ~1.37e-15 (-26.30dB)
[@    24m02s] Timestep:        37638 || Speed:   88.2 MC/s (3.453e-02 s/TS) || Energy: ~1.24e-15 (-26.71dB)
[@    24m15s] Timestep:        38007 || Speed:   87.1 MC/s (3.499e-02 s/TS) || Energy: ~9.47e-16 (-27.89dB)
[@    24m28s] Timestep:        38376 || Speed:   87.8 MC/s (3.471e-02 s/TS) || Energy: ~6.71e-16 (-29.39dB)
[@    24m40s] Timestep:        38745 || Speed:   92.9 MC/s (3.279e-02 s/TS) || Energy: ~5.60e-16 (-30.18dB)
[@    24m53s] Timestep:        39114 || Speed:   85.7 MC/s (3.557e-02 s/TS) || Energy: ~5.83e-16 (-30.00dB)
[@    25m07s] Timestep:        39483 || Speed:   81.2 MC/s (3.753e-02 s/TS) || Energy: ~6.06e-16 (-29.83dB)
[@    25m21s] Timestep:        39852 || Speed:   80.3 MC/s (3.796e-02 s/TS) || Energy: ~5.37e-16 (-30.36dB)
[@    25m34s] Timestep:        40221 || Speed:   84.1 MC/s (3.624e-02 s/TS) || Energy: ~4.00e-16 (-31.64dB)
[@    25m47s] Timestep:        40590 || Speed:   88.0 MC/s (3.464e-02 s/TS) || Energy: ~2.86e-16 (-33.10dB)
[@    25m59s] Timestep:        40959 || Speed:   90.6 MC/s (3.361e-02 s/TS) || Energy: ~2.47e-16 (-33.73dB)
[@    26m11s] Timestep:        41328 || Speed:   93.9 MC/s (3.244e-02 s/TS) || Energy: ~2.62e-16 (-33.48dB)
[@    26m24s] Timestep:        41697 || Speed:   89.2 MC/s (3.414e-02 s/TS) || Energy: ~2.67e-16 (-33.39dB)
[@    26m36s] Timestep:        42066 || Speed:   90.2 MC/s (3.377e-02 s/TS) || Energy: ~2.30e-16 (-34.04dB)
[@    26m49s] Timestep:        42435 || Speed:   89.0 MC/s (3.425e-02 s/TS) || Energy: ~1.69e-16 (-35.39dB)
[@    27m01s] Timestep:        42804 || Speed:   92.1 MC/s (3.308e-02 s/TS) || Energy: ~1.22e-16 (-36.79dB)
[@    27m14s] Timestep:        43173 || Speed:   88.3 MC/s (3.452e-02 s/TS) || Energy: ~1.10e-16 (-37.26dB)
[@    27m26s] Timestep:        43542 || Speed:   91.7 MC/s (3.322e-02 s/TS) || Energy: ~1.17e-16 (-36.98dB)
[@    27m36s] Timestep:        43911 || Speed:  112.3 MC/s (2.714e-02 s/TS) || Energy: ~1.17e-16 (-36.98dB)
[@    27m46s] Timestep:        44280 || Speed:  112.5 MC/s (2.707e-02 s/TS) || Energy: ~9.84e-17 (-37.73dB)
[@    27m56s] Timestep:        44649 || Speed:  112.7 MC/s (2.702e-02 s/TS) || Energy: ~7.11e-17 (-39.14dB)
[@    28m06s] Timestep:        45018 || Speed:  114.3 MC/s (2.666e-02 s/TS) || Energy: ~5.24e-17 (-40.46dB)
RunFDTD: end-criteria of -40.00dB reached after 45018 timesteps (-40.46dB)
Time for 45018 iterations with 3046802.00 cells : 1686.44 sec
Speed: 81.33 MCells/s 
env_v2_trim6.14_bar1.15 cells: [209, 197, 74] 3.046802 M; nf2ff box [[-52.0, 52.0], [-30.0, 29.8], [-24.9, 24.2]]
env_v2_trim6.14_bar1.15 rad. efficiency @2.40/2.44/2.48 GHz: [0.814 0.827 0.843] fmin: 2.455
