openEMS - fixed number of threads: 10
 ---------------------------------------------------------------------- 
 | openEMS 64bit -- version v0.37.0-rc3-31-g6761a36
 | (C) 2010-2026 Thorsten Liebig <thorsten.liebig@gmx.de>  GPL license
 ---------------------------------------------------------------------- 
	Used external libraries:
		CSXCAD -- Version: v0.7.0-rc3-7-g65e7591
		hdf5   -- Version: 1.10.10
		          compiled against: HDF5 library version: 1.10.10
		tinyxml -- compiled against: 2.6.2
		fparser
		boost  -- compiled against: 1_83
		vtk -- Version: 9.1.0
		       compiled against: 9.1.0

Create FDTD operator (compressed SSE + multi-threading)
openEMS::SetupFDTD: Warning, the timestep seems to be very small --> long simulation. Check your mesh!?
FDTD simulation size: 166x179x58 --> 1.72341e+06 FDTD cells 
FDTD timestep is: 1.3482e-13 s; Nyquist rate: 1059 timesteps @3.50202e+09 Hz
Excitation signal length is: 21249 timesteps (2.8648e-09s)
Max. number of timesteps: 400000 ( --> 18.8244 * Excitation signal length)
Create FDTD engine (compressed SSE + multi-threading)
Running FDTD engine... this may take a while... grab a cup of coffee?!?
Warning: Unused primitive (type: Box) detected in property: antenna!
Warning: Unused primitive (type: Box) detected in property: antenna!
Warning: Unused primitive (type: Box) detected in property: antenna!
[@        4s] Timestep:          528 || Speed:  186.5 MC/s (9.239e-03 s/TS) || Energy: ~3.29e-21 (- 0.00dB)
[@        9s] Timestep:         1056 || Speed:  187.8 MC/s (9.177e-03 s/TS) || Energy: ~7.54e-21 (- 0.00dB)
[@       14s] Timestep:         1584 || Speed:  187.7 MC/s (9.181e-03 s/TS) || Energy: ~4.79e-20 (- 0.00dB)
[@       19s] Timestep:         2112 || Speed:  186.6 MC/s (9.234e-03 s/TS) || Energy: ~5.06e-19 (- 0.00dB)
[@       24s] Timestep:         2640 || Speed:  188.1 MC/s (9.161e-03 s/TS) || Energy: ~6.31e-19 (- 0.00dB)
[@       29s] Timestep:         3168 || Speed:  186.1 MC/s (9.262e-03 s/TS) || Energy: ~5.02e-18 (- 0.00dB)
[@       34s] Timestep:         3696 || Speed:  185.3 MC/s (9.302e-03 s/TS) || Energy: ~2.75e-17 (- 0.00dB)
[@       38s] Timestep:         4224 || Speed:  187.1 MC/s (9.210e-03 s/TS) || Energy: ~2.72e-17 (- 0.05dB)
[@       43s] Timestep:         4752 || Speed:  184.0 MC/s (9.367e-03 s/TS) || Energy: ~2.16e-16 (- 0.00dB)
[@       48s] Timestep:         5280 || Speed:  187.2 MC/s (9.206e-03 s/TS) || Energy: ~6.61e-16 (- 0.00dB)
[@       53s] Timestep:         5808 || Speed:  187.3 MC/s (9.202e-03 s/TS) || Energy: ~6.89e-16 (- 0.00dB)
[@       58s] Timestep:         6336 || Speed:  187.6 MC/s (9.189e-03 s/TS) || Energy: ~3.95e-15 (- 0.00dB)
[@     1m03s] Timestep:         6864 || Speed:  186.9 MC/s (9.219e-03 s/TS) || Energy: ~7.30e-15 (- 0.00dB)
[@     1m08s] Timestep:         7392 || Speed:  188.1 MC/s (9.164e-03 s/TS) || Energy: ~9.55e-15 (- 0.00dB)
[@     1m13s] Timestep:         7920 || Speed:  182.3 MC/s (9.453e-03 s/TS) || Energy: ~3.14e-14 (- 0.00dB)
[@     1m18s] Timestep:         8448 || Speed:  188.1 MC/s (9.164e-03 s/TS) || Energy: ~4.08e-14 (- 0.00dB)
[@     1m22s] Timestep:         8976 || Speed:  186.7 MC/s (9.231e-03 s/TS) || Energy: ~6.59e-14 (- 0.00dB)
[@     1m27s] Timestep:         9504 || Speed:  187.7 MC/s (9.182e-03 s/TS) || Energy: ~1.13e-13 (- 0.00dB)
[@     1m32s] Timestep:        10032 || Speed:  187.2 MC/s (9.208e-03 s/TS) || Energy: ~1.37e-13 (- 0.00dB)
[@     1m37s] Timestep:        10560 || Speed:  178.4 MC/s (9.661e-03 s/TS) || Energy: ~2.22e-13 (- 0.00dB)
[@     1m43s] Timestep:        11088 || Speed:  170.3 MC/s (1.012e-02 s/TS) || Energy: ~2.02e-13 (- 0.49dB)
[@     1m48s] Timestep:        11616 || Speed:  176.2 MC/s (9.779e-03 s/TS) || Energy: ~3.08e-13 (- 0.00dB)
[@     1m53s] Timestep:        12144 || Speed:  183.2 MC/s (9.406e-03 s/TS) || Energy: ~3.82e-13 (- 0.00dB)
[@     1m58s] Timestep:        12672 || Speed:  182.3 MC/s (9.455e-03 s/TS) || Energy: ~2.37e-13 (- 2.06dB)
[@     2m03s] Timestep:        13200 || Speed:  184.9 MC/s (9.320e-03 s/TS) || Energy: ~4.51e-13 (- 0.00dB)
[@     2m07s] Timestep:        13728 || Speed:  187.2 MC/s (9.205e-03 s/TS) || Energy: ~3.74e-13 (- 0.81dB)
[@     2m12s] Timestep:        14256 || Speed:  190.2 MC/s (9.063e-03 s/TS) || Energy: ~2.38e-13 (- 2.78dB)
[@     2m17s] Timestep:        14784 || Speed:  190.5 MC/s (9.046e-03 s/TS) || Energy: ~4.18e-13 (- 0.33dB)
[@     2m22s] Timestep:        15312 || Speed:  193.8 MC/s (8.894e-03 s/TS) || Energy: ~2.43e-13 (- 2.69dB)
[@     2m26s] Timestep:        15840 || Speed:  197.0 MC/s (8.747e-03 s/TS) || Energy: ~1.95e-13 (- 3.64dB)
[@     2m31s] Timestep:        16368 || Speed:  200.7 MC/s (8.587e-03 s/TS) || Energy: ~2.61e-13 (- 2.38dB)
[@     2m35s] Timestep:        16896 || Speed:  205.5 MC/s (8.385e-03 s/TS) || Energy: ~1.22e-13 (- 5.68dB)
[@     2m40s] Timestep:        17424 || Speed:  208.4 MC/s (8.268e-03 s/TS) || Energy: ~1.20e-13 (- 5.74dB)
[@     2m44s] Timestep:        17952 || Speed:  204.1 MC/s (8.445e-03 s/TS) || Energy: ~1.25e-13 (- 5.59dB)
[@     2m49s] Timestep:        18480 || Speed:  206.3 MC/s (8.356e-03 s/TS) || Energy: ~5.45e-14 (- 9.18dB)
[@     2m53s] Timestep:        19008 || Speed:  208.4 MC/s (8.268e-03 s/TS) || Energy: ~5.92e-14 (- 8.82dB)
[@     2m57s] Timestep:        19536 || Speed:  207.5 MC/s (8.308e-03 s/TS) || Energy: ~5.19e-14 (- 9.39dB)
[@     3m02s] Timestep:        20064 || Speed:  209.1 MC/s (8.244e-03 s/TS) || Energy: ~2.34e-14 (-12.85dB)
[@     3m06s] Timestep:        20592 || Speed:  208.7 MC/s (8.258e-03 s/TS) || Energy: ~2.55e-14 (-12.48dB)
[@     3m10s] Timestep:        21120 || Speed:  208.6 MC/s (8.262e-03 s/TS) || Energy: ~2.09e-14 (-13.34dB)
[@     3m15s] Timestep:        21648 || Speed:  209.4 MC/s (8.230e-03 s/TS) || Energy: ~9.94e-15 (-16.57dB)
[@     3m19s] Timestep:        22176 || Speed:  208.5 MC/s (8.267e-03 s/TS) || Energy: ~1.05e-14 (-16.35dB)
[@     3m23s] Timestep:        22704 || Speed:  208.7 MC/s (8.256e-03 s/TS) || Energy: ~8.57e-15 (-17.21dB)
[@     3m28s] Timestep:        23232 || Speed:  207.9 MC/s (8.288e-03 s/TS) || Energy: ~4.21e-15 (-20.29dB)
[@     3m32s] Timestep:        23760 || Speed:  208.1 MC/s (8.280e-03 s/TS) || Energy: ~4.29e-15 (-20.22dB)
[@     3m36s] Timestep:        24288 || Speed:  209.8 MC/s (8.216e-03 s/TS) || Energy: ~3.62e-15 (-20.95dB)
[@     3m41s] Timestep:        24816 || Speed:  201.9 MC/s (8.535e-03 s/TS) || Energy: ~1.79e-15 (-24.01dB)
[@     3m45s] Timestep:        25344 || Speed:  204.0 MC/s (8.447e-03 s/TS) || Energy: ~1.79e-15 (-24.01dB)
[@     3m50s] Timestep:        25872 || Speed:  207.3 MC/s (8.316e-03 s/TS) || Energy: ~1.56e-15 (-24.62dB)
[@     3m54s] Timestep:        26400 || Speed:  209.7 MC/s (8.219e-03 s/TS) || Energy: ~7.66e-16 (-27.70dB)
[@     3m59s] Timestep:        26928 || Speed:  207.9 MC/s (8.288e-03 s/TS) || Energy: ~7.62e-16 (-27.72dB)
[@     4m03s] Timestep:        27456 || Speed:  209.1 MC/s (8.242e-03 s/TS) || Energy: ~6.71e-16 (-28.27dB)
[@     4m07s] Timestep:        27984 || Speed:  206.8 MC/s (8.334e-03 s/TS) || Energy: ~3.27e-16 (-31.39dB)
[@     4m12s] Timestep:        28512 || Speed:  207.5 MC/s (8.307e-03 s/TS) || Energy: ~3.26e-16 (-31.41dB)
[@     4m16s] Timestep:        29040 || Speed:  209.6 MC/s (8.221e-03 s/TS) || Energy: ~2.88e-16 (-31.95dB)
[@     4m20s] Timestep:        29568 || Speed:  208.3 MC/s (8.272e-03 s/TS) || Energy: ~1.40e-16 (-35.09dB)
[@     4m25s] Timestep:        30096 || Speed:  210.2 MC/s (8.200e-03 s/TS) || Energy: ~1.39e-16 (-35.10dB)
[@     4m29s] Timestep:        30624 || Speed:  207.4 MC/s (8.311e-03 s/TS) || Energy: ~1.23e-16 (-35.64dB)
[@     4m33s] Timestep:        31152 || Speed:  209.7 MC/s (8.219e-03 s/TS) || Energy: ~5.96e-17 (-38.79dB)
[@     4m38s] Timestep:        31680 || Speed:  212.2 MC/s (8.123e-03 s/TS) || Energy: ~5.93e-17 (-38.81dB)
[@     4m42s] Timestep:        32208 || Speed:  208.0 MC/s (8.285e-03 s/TS) || Energy: ~5.25e-17 (-39.34dB)
[@     4m47s] Timestep:        32736 || Speed:  203.6 MC/s (8.464e-03 s/TS) || Energy: ~2.55e-17 (-42.48dB)
RunFDTD: end-criteria of -40.00dB reached after 32736 timesteps (-42.48dB)
Time for 32736 iterations with 1723412.00 cells : 287.10 sec
Speed: 196.51 MCells/s 
env_trim6.64 cells: [166, 179, 58] 1.723412 M
env_trim6.64 rad. efficiency @2.44 GHz: 0.783 fmin: 2.4025
