openEMS - fixed number of threads: 2
 ---------------------------------------------------------------------- 
 | openEMS 64bit -- version v0.37.0-rc3-31-g6761a36
 | (C) 2010-2026 Thorsten Liebig <thorsten.liebig@gmx.de>  GPL license
 ---------------------------------------------------------------------- 
	Used external libraries:
		CSXCAD -- Version: v0.7.0-rc3-7-g65e7591
		hdf5   -- Version: 1.10.10
		          compiled against: HDF5 library version: 1.10.10
		tinyxml -- compiled against: 2.6.2
		fparser
		boost  -- compiled against: 1_83
		vtk -- Version: 9.1.0
		       compiled against: 9.1.0

Create FDTD operator (compressed SSE + multi-threading)
FDTD simulation size: 184x195x74 --> 2.65512e+06 FDTD cells 
FDTD timestep is: 9.67577e-14 s; Nyquist rate: 1476 timesteps @3.50105e+09 Hz
Excitation signal length is: 29608 timesteps (2.8648e-09s)
Max. number of timesteps: 600000 ( --> 20.2648 * Excitation signal length)
Create FDTD engine (compressed SSE + multi-threading)
openEMS::SetupFDTD: Warning, the timestep seems to be very small --> long simulation. Check your mesh!?
Warning: Unused primitive (type: Box) detected in property: antenna!
Warning: Unused primitive (type: Box) detected in property: antenna!
Running FDTD engine... this may take a while... grab a cup of coffee?!?
[@     1m06s] Timestep:          369 || Speed:   14.7 MC/s (1.810e-01 s/TS) || Energy: ~9.59e-22 (- 0.00dB)
[@     1m25s] Timestep:          738 || Speed:   51.8 MC/s (5.126e-02 s/TS) || Energy: ~4.41e-21 (- 0.00dB)
[@     1m38s] Timestep:         1107 || Speed:   78.8 MC/s (3.369e-02 s/TS) || Energy: ~9.34e-21 (- 0.00dB)
[@     1m51s] Timestep:         1476 || Speed:   73.1 MC/s (3.634e-02 s/TS) || Energy: ~1.00e-20 (- 0.00dB)
[@     2m05s] Timestep:         1845 || Speed:   71.7 MC/s (3.704e-02 s/TS) || Energy: ~1.11e-20 (- 0.00dB)
[@     2m17s] Timestep:         2214 || Speed:   81.9 MC/s (3.242e-02 s/TS) || Energy: ~6.55e-20 (- 0.00dB)
[@     2m30s] Timestep:         2583 || Speed:   74.0 MC/s (3.590e-02 s/TS) || Energy: ~2.81e-19 (- 0.00dB)
[@     2m43s] Timestep:         2952 || Speed:   72.1 MC/s (3.681e-02 s/TS) || Energy: ~6.79e-19 (- 0.00dB)
[@     2m58s] Timestep:         3321 || Speed:   68.1 MC/s (3.897e-02 s/TS) || Energy: ~9.73e-19 (- 0.00dB)
[@     3m11s] Timestep:         3690 || Speed:   74.5 MC/s (3.564e-02 s/TS) || Energy: ~8.68e-19 (- 0.49dB)
[@     3m24s] Timestep:         4059 || Speed:   74.6 MC/s (3.559e-02 s/TS) || Energy: ~1.53e-18 (- 0.00dB)
[@     3m37s] Timestep:         4428 || Speed:   75.1 MC/s (3.534e-02 s/TS) || Energy: ~6.89e-18 (- 0.00dB)
[@     3m49s] Timestep:         4797 || Speed:   82.1 MC/s (3.232e-02 s/TS) || Energy: ~2.05e-17 (- 0.00dB)
[@     4m02s] Timestep:         5166 || Speed:   76.7 MC/s (3.460e-02 s/TS) || Energy: ~3.72e-17 (- 0.00dB)
[@     4m15s] Timestep:         5535 || Speed:   73.3 MC/s (3.624e-02 s/TS) || Energy: ~4.19e-17 (- 0.00dB)
[@     4m27s] Timestep:         5904 || Speed:   82.8 MC/s (3.205e-02 s/TS) || Energy: ~3.83e-17 (- 0.39dB)
[@     4m39s] Timestep:         6273 || Speed:   82.6 MC/s (3.213e-02 s/TS) || Energy: ~8.98e-17 (- 0.00dB)
[@     4m52s] Timestep:         6642 || Speed:   75.5 MC/s (3.518e-02 s/TS) || Energy: ~2.95e-16 (- 0.00dB)
[@     5m04s] Timestep:         7011 || Speed:   84.1 MC/s (3.159e-02 s/TS) || Energy: ~6.43e-16 (- 0.00dB)
[@     5m15s] Timestep:         7380 || Speed:   83.8 MC/s (3.167e-02 s/TS) || Energy: ~9.03e-16 (- 0.00dB)
[@     5m29s] Timestep:         7749 || Speed:   71.6 MC/s (3.709e-02 s/TS) || Energy: ~8.78e-16 (- 0.12dB)
[@     5m41s] Timestep:         8118 || Speed:   78.1 MC/s (3.398e-02 s/TS) || Energy: ~9.74e-16 (- 0.00dB)
[@     5m56s] Timestep:         8487 || Speed:   69.2 MC/s (3.835e-02 s/TS) || Energy: ~2.28e-15 (- 0.00dB)
[@     6m10s] Timestep:         8856 || Speed:   69.5 MC/s (3.818e-02 s/TS) || Energy: ~5.35e-15 (- 0.00dB)
[@     6m24s] Timestep:         9225 || Speed:   68.9 MC/s (3.852e-02 s/TS) || Energy: ~8.81e-15 (- 0.00dB)
[@     6m44s] Timestep:         9594 || Speed:   47.7 MC/s (5.567e-02 s/TS) || Energy: ~1.02e-14 (- 0.00dB)
[@     7m09s] Timestep:         9963 || Speed:   40.2 MC/s (6.601e-02 s/TS) || Energy: ~9.97e-15 (- 0.11dB)
[@     7m20s] Timestep:        10332 || Speed:   87.8 MC/s (3.025e-02 s/TS) || Energy: ~1.32e-14 (- 0.00dB)
[@     7m31s] Timestep:        10701 || Speed:   88.6 MC/s (2.997e-02 s/TS) || Energy: ~2.49e-14 (- 0.00dB)
[@     7m43s] Timestep:        11070 || Speed:   83.8 MC/s (3.169e-02 s/TS) || Energy: ~4.23e-14 (- 0.00dB)
[@     7m56s] Timestep:        11439 || Speed:   75.9 MC/s (3.499e-02 s/TS) || Energy: ~5.55e-14 (- 0.00dB)
[@     8m07s] Timestep:        11808 || Speed:   86.0 MC/s (3.089e-02 s/TS) || Energy: ~6.01e-14 (- 0.00dB)
[@     8m18s] Timestep:        12177 || Speed:   87.3 MC/s (3.043e-02 s/TS) || Energy: ~6.58e-14 (- 0.00dB)
[@     8m30s] Timestep:        12546 || Speed:   87.0 MC/s (3.052e-02 s/TS) || Energy: ~8.63e-14 (- 0.00dB)
[@     8m41s] Timestep:        12915 || Speed:   86.8 MC/s (3.058e-02 s/TS) || Energy: ~1.21e-13 (- 0.00dB)
[@     8m52s] Timestep:        13284 || Speed:   85.7 MC/s (3.096e-02 s/TS) || Energy: ~1.55e-13 (- 0.00dB)
[@     9m03s] Timestep:        13653 || Speed:   88.3 MC/s (3.007e-02 s/TS) || Energy: ~1.81e-13 (- 0.00dB)
[@     9m14s] Timestep:        14022 || Speed:   91.1 MC/s (2.914e-02 s/TS) || Energy: ~2.10e-13 (- 0.00dB)
[@     9m26s] Timestep:        14391 || Speed:   84.1 MC/s (3.157e-02 s/TS) || Energy: ~2.46e-13 (- 0.00dB)
[@     9m39s] Timestep:        14760 || Speed:   72.7 MC/s (3.652e-02 s/TS) || Energy: ~2.72e-13 (- 0.00dB)
[@     9m51s] Timestep:        15129 || Speed:   82.4 MC/s (3.223e-02 s/TS) || Energy: ~2.82e-13 (- 0.00dB)
[@    10m02s] Timestep:        15498 || Speed:   87.2 MC/s (3.044e-02 s/TS) || Energy: ~3.05e-13 (- 0.00dB)
[@    10m14s] Timestep:        15867 || Speed:   83.1 MC/s (3.195e-02 s/TS) || Energy: ~3.74e-13 (- 0.00dB)
[@    10m26s] Timestep:        16236 || Speed:   84.7 MC/s (3.134e-02 s/TS) || Energy: ~4.64e-13 (- 0.00dB)
[@    10m37s] Timestep:        16605 || Speed:   90.1 MC/s (2.946e-02 s/TS) || Energy: ~4.97e-13 (- 0.00dB)
[@    10m49s] Timestep:        16974 || Speed:   81.7 MC/s (3.249e-02 s/TS) || Energy: ~4.41e-13 (- 0.51dB)
[@    11m01s] Timestep:        17343 || Speed:   76.4 MC/s (3.475e-02 s/TS) || Energy: ~3.81e-13 (- 1.15dB)
[@    11m14s] Timestep:        17712 || Speed:   77.8 MC/s (3.413e-02 s/TS) || Energy: ~4.23e-13 (- 0.69dB)
[@    11m26s] Timestep:        18081 || Speed:   78.5 MC/s (3.384e-02 s/TS) || Energy: ~5.52e-13 (- 0.00dB)
[@    11m38s] Timestep:        18450 || Speed:   82.9 MC/s (3.204e-02 s/TS) || Energy: ~6.28e-13 (- 0.00dB)
[@    11m50s] Timestep:        18819 || Speed:   85.5 MC/s (3.104e-02 s/TS) || Energy: ~5.59e-13 (- 0.50dB)
[@    12m00s] Timestep:        19188 || Speed:   91.8 MC/s (2.892e-02 s/TS) || Energy: ~4.26e-13 (- 1.68dB)
[@    12m11s] Timestep:        19557 || Speed:   91.9 MC/s (2.889e-02 s/TS) || Energy: ~3.84e-13 (- 2.14dB)
[@    12m23s] Timestep:        19926 || Speed:   84.7 MC/s (3.133e-02 s/TS) || Energy: ~4.68e-13 (- 1.27dB)
[@    12m34s] Timestep:        20295 || Speed:   87.9 MC/s (3.022e-02 s/TS) || Energy: ~5.55e-13 (- 0.53dB)
[@    12m45s] Timestep:        20664 || Speed:   86.0 MC/s (3.086e-02 s/TS) || Energy: ~5.22e-13 (- 0.80dB)
[@    12m56s] Timestep:        21033 || Speed:   89.4 MC/s (2.970e-02 s/TS) || Energy: ~3.94e-13 (- 2.02dB)
[@    13m08s] Timestep:        21402 || Speed:   86.0 MC/s (3.086e-02 s/TS) || Energy: ~3.03e-13 (- 3.16dB)
[@    13m19s] Timestep:        21771 || Speed:   88.6 MC/s (2.996e-02 s/TS) || Energy: ~3.19e-13 (- 2.93dB)
[@    13m28s] Timestep:        22140 || Speed:  104.4 MC/s (2.543e-02 s/TS) || Energy: ~3.78e-13 (- 2.20dB)
[@    13m37s] Timestep:        22509 || Speed:  113.8 MC/s (2.334e-02 s/TS) || Energy: ~3.76e-13 (- 2.23dB)
[@    13m45s] Timestep:        22878 || Speed:  110.3 MC/s (2.407e-02 s/TS) || Energy: ~2.95e-13 (- 3.28dB)
[@    13m54s] Timestep:        23247 || Speed:  112.3 MC/s (2.364e-02 s/TS) || Energy: ~2.10e-13 (- 4.76dB)
[@    14m03s] Timestep:        23616 || Speed:  114.7 MC/s (2.315e-02 s/TS) || Energy: ~1.86e-13 (- 5.29dB)
[@    14m10s] Timestep:        23985 || Speed:  131.3 MC/s (2.022e-02 s/TS) || Energy: ~2.10e-13 (- 4.75dB)
[@    14m18s] Timestep:        24354 || Speed:  134.1 MC/s (1.980e-02 s/TS) || Energy: ~2.22e-13 (- 4.50dB)
[@    14m25s] Timestep:        24723 || Speed:  136.3 MC/s (1.948e-02 s/TS) || Energy: ~1.89e-13 (- 5.20dB)
[@    14m32s] Timestep:        25092 || Speed:  136.2 MC/s (1.950e-02 s/TS) || Energy: ~1.35e-13 (- 6.67dB)
[@    14m39s] Timestep:        25461 || Speed:  135.8 MC/s (1.955e-02 s/TS) || Energy: ~1.02e-13 (- 7.90dB)
[@    14m46s] Timestep:        25830 || Speed:  134.6 MC/s (1.973e-02 s/TS) || Energy: ~1.02e-13 (- 7.89dB)
[@    14m54s] Timestep:        26199 || Speed:  128.3 MC/s (2.069e-02 s/TS) || Energy: ~1.13e-13 (- 7.46dB)
[@    15m02s] Timestep:        26568 || Speed:  123.2 MC/s (2.155e-02 s/TS) || Energy: ~1.07e-13 (- 7.68dB)
[@    15m11s] Timestep:        26937 || Speed:  114.4 MC/s (2.320e-02 s/TS) || Energy: ~8.29e-14 (- 8.79dB)
[@    15m18s] Timestep:        27306 || Speed:  125.4 MC/s (2.117e-02 s/TS) || Energy: ~5.83e-14 (-10.32dB)
[@    15m25s] Timestep:        27675 || Speed:  140.2 MC/s (1.893e-02 s/TS) || Energy: ~4.85e-14 (-11.12dB)
[@    15m32s] Timestep:        28044 || Speed:  153.2 MC/s (1.733e-02 s/TS) || Energy: ~5.13e-14 (-10.87dB)
[@    15m38s] Timestep:        28413 || Speed:  156.2 MC/s (1.699e-02 s/TS) || Energy: ~5.39e-14 (-10.66dB)
[@    15m44s] Timestep:        28782 || Speed:  161.0 MC/s (1.649e-02 s/TS) || Energy: ~4.75e-14 (-11.21dB)
[@    15m50s] Timestep:        29151 || Speed:  162.4 MC/s (1.635e-02 s/TS) || Energy: ~3.52e-14 (-12.51dB)
[@    15m56s] Timestep:        29520 || Speed:  160.3 MC/s (1.656e-02 s/TS) || Energy: ~2.55e-14 (-13.91dB)
[@    16m02s] Timestep:        29889 || Speed:  160.6 MC/s (1.653e-02 s/TS) || Energy: ~2.30e-14 (-14.35dB)
[@    16m08s] Timestep:        30258 || Speed:  163.5 MC/s (1.624e-02 s/TS) || Energy: ~2.48e-14 (-14.03dB)
[@    16m14s] Timestep:        30627 || Speed:  164.7 MC/s (1.612e-02 s/TS) || Energy: ~2.49e-14 (-14.02dB)
[@    16m20s] Timestep:        30996 || Speed:  159.5 MC/s (1.664e-02 s/TS) || Energy: ~2.08e-14 (-14.79dB)
[@    16m28s] Timestep:        31365 || Speed:  137.8 MC/s (1.927e-02 s/TS) || Energy: ~1.50e-14 (-16.21dB)
[@    16m34s] Timestep:        31734 || Speed:  150.7 MC/s (1.762e-02 s/TS) || Energy: ~1.14e-14 (-17.41dB)
[@    16m40s] Timestep:        32103 || Speed:  152.2 MC/s (1.744e-02 s/TS) || Energy: ~1.10e-14 (-17.55dB)
[@    16m47s] Timestep:        32472 || Speed:  156.7 MC/s (1.694e-02 s/TS) || Energy: ~1.19e-14 (-17.22dB)
[@    16m53s] Timestep:        32841 || Speed:  162.9 MC/s (1.630e-02 s/TS) || Energy: ~1.14e-14 (-17.41dB)
[@    16m59s] Timestep:        33210 || Speed:  163.2 MC/s (1.627e-02 s/TS) || Energy: ~9.07e-15 (-18.40dB)
[@    17m05s] Timestep:        33579 || Speed:  163.4 MC/s (1.624e-02 s/TS) || Energy: ~6.46e-15 (-19.88dB)
[@    17m11s] Timestep:        33948 || Speed:  146.7 MC/s (1.811e-02 s/TS) || Energy: ~5.20e-15 (-20.81dB)
[@    17m21s] Timestep:        34317 || Speed:  105.5 MC/s (2.516e-02 s/TS) || Energy: ~5.35e-15 (-20.69dB)
[@    17m27s] Timestep:        34686 || Speed:  144.1 MC/s (1.843e-02 s/TS) || Energy: ~5.68e-15 (-20.43dB)
[@    17m35s] Timestep:        35055 || Speed:  134.5 MC/s (1.974e-02 s/TS) || Energy: ~5.17e-15 (-20.84dB)
[@    17m41s] Timestep:        35424 || Speed:  157.5 MC/s (1.685e-02 s/TS) || Energy: ~3.91e-15 (-22.05dB)
[@    17m47s] Timestep:        35793 || Speed:  155.0 MC/s (1.713e-02 s/TS) || Energy: ~2.80e-15 (-23.50dB)
[@    17m54s] Timestep:        36162 || Speed:  153.5 MC/s (1.730e-02 s/TS) || Energy: ~2.44e-15 (-24.10dB)
[@    18m00s] Timestep:        36531 || Speed:  155.5 MC/s (1.707e-02 s/TS) || Energy: ~2.61e-15 (-23.80dB)
[@    18m06s] Timestep:        36900 || Speed:  158.3 MC/s (1.678e-02 s/TS) || Energy: ~2.68e-15 (-23.69dB)
[@    18m12s] Timestep:        37269 || Speed:  160.7 MC/s (1.653e-02 s/TS) || Energy: ~2.30e-15 (-24.36dB)
[@    18m18s] Timestep:        37638 || Speed:  160.5 MC/s (1.654e-02 s/TS) || Energy: ~1.68e-15 (-25.74dB)
[@    18m25s] Timestep:        38007 || Speed:  153.3 MC/s (1.732e-02 s/TS) || Energy: ~1.24e-15 (-27.04dB)
[@    18m31s] Timestep:        38376 || Speed:  162.2 MC/s (1.637e-02 s/TS) || Energy: ~1.17e-15 (-27.29dB)
[@    18m37s] Timestep:        38745 || Speed:  163.6 MC/s (1.623e-02 s/TS) || Energy: ~1.27e-15 (-26.94dB)
[@    18m43s] Timestep:        39114 || Speed:  164.9 MC/s (1.610e-02 s/TS) || Energy: ~1.24e-15 (-27.03dB)
[@    18m49s] Timestep:        39483 || Speed:  154.7 MC/s (1.716e-02 s/TS) || Energy: ~1.01e-15 (-27.95dB)
[@    18m55s] Timestep:        39852 || Speed:  161.2 MC/s (1.647e-02 s/TS) || Energy: ~7.17e-16 (-29.42dB)
[@    19m01s] Timestep:        40221 || Speed:  164.7 MC/s (1.612e-02 s/TS) || Energy: ~5.63e-16 (-30.47dB)
[@    19m07s] Timestep:        40590 || Speed:  163.5 MC/s (1.623e-02 s/TS) || Energy: ~5.69e-16 (-30.43dB)
[@    19m13s] Timestep:        40959 || Speed:  161.7 MC/s (1.642e-02 s/TS) || Energy: ~6.10e-16 (-30.12dB)
[@    19m19s] Timestep:        41328 || Speed:  163.4 MC/s (1.625e-02 s/TS) || Energy: ~5.65e-16 (-30.46dB)
[@    19m25s] Timestep:        41697 || Speed:  163.4 MC/s (1.625e-02 s/TS) || Energy: ~4.34e-16 (-31.60dB)
[@    19m31s] Timestep:        42066 || Speed:  156.2 MC/s (1.699e-02 s/TS) || Energy: ~3.10e-16 (-33.07dB)
[@    19m38s] Timestep:        42435 || Speed:  159.8 MC/s (1.661e-02 s/TS) || Energy: ~2.62e-16 (-33.79dB)
[@    19m44s] Timestep:        42804 || Speed:  164.5 MC/s (1.614e-02 s/TS) || Energy: ~2.77e-16 (-33.54dB)
[@    19m49s] Timestep:        43173 || Speed:  164.3 MC/s (1.617e-02 s/TS) || Energy: ~2.89e-16 (-33.37dB)
[@    19m55s] Timestep:        43542 || Speed:  163.4 MC/s (1.625e-02 s/TS) || Energy: ~2.52e-16 (-33.95dB)
[@    20m02s] Timestep:        43911 || Speed:  155.5 MC/s (1.707e-02 s/TS) || Energy: ~1.86e-16 (-35.28dB)
[@    20m08s] Timestep:        44280 || Speed:  157.1 MC/s (1.690e-02 s/TS) || Energy: ~1.36e-16 (-36.64dB)
[@    20m14s] Timestep:        44649 || Speed:  163.7 MC/s (1.622e-02 s/TS) || Energy: ~1.25e-16 (-37.02dB)
[@    20m20s] Timestep:        45018 || Speed:  160.4 MC/s (1.656e-02 s/TS) || Energy: ~1.35e-16 (-36.68dB)
[@    20m26s] Timestep:        45387 || Speed:  160.2 MC/s (1.657e-02 s/TS) || Energy: ~1.34e-16 (-36.69dB)
[@    20m32s] Timestep:        45756 || Speed:  162.3 MC/s (1.636e-02 s/TS) || Energy: ~1.11e-16 (-37.52dB)
[@    20m38s] Timestep:        46125 || Speed:  158.0 MC/s (1.680e-02 s/TS) || Energy: ~7.96e-17 (-38.97dB)
[@    20m45s] Timestep:        46494 || Speed:  153.5 MC/s (1.730e-02 s/TS) || Energy: ~6.11e-17 (-40.12dB)
RunFDTD: end-criteria of -40.00dB reached after 46494 timesteps (-40.12dB)
Time for 46494 iterations with 2655120.00 cells : 1245.34 sec
Speed: 99.13 MCells/s 
env_v2_trim6.14_nobar cells: [184, 195, 74] 2.65512 M; nf2ff box [[-38.8, 39.1], [-30.0, 30.0], [-24.9, 24.2]]
env_v2_trim6.14_nobar rad. efficiency @2.40/2.44/2.48 GHz: [0.769 0.778 0.791] fmin: 2.5
