openEMS - fixed number of threads: 4
 ---------------------------------------------------------------------- 
 | openEMS 64bit -- version v0.37.0-rc3-31-g6761a36
 | (C) 2010-2026 Thorsten Liebig <thorsten.liebig@gmx.de>  GPL license
 ---------------------------------------------------------------------- 
	Used external libraries:
		CSXCAD -- Version: v0.7.0-rc3-7-g65e7591
		hdf5   -- Version: 1.10.10
		          compiled against: HDF5 library version: 1.10.10
		tinyxml -- compiled against: 2.6.2
		fparser
		boost  -- compiled against: 1_83
		vtk -- Version: 9.1.0
		       compiled against: 9.1.0

Create FDTD operator (compressed SSE + multi-threading)
FDTD simulation size: 219x191x81 --> 3.38815e+06 FDTD cells 
FDTD timestep is: 9.67577e-14 s; Nyquist rate: 1476 timesteps @3.50105e+09 Hz
Excitation signal length is: 29608 timesteps (2.8648e-09s)
Max. number of timesteps: 600000 ( --> 20.2648 * Excitation signal length)
Create FDTD engine (compressed SSE + multi-threading)
openEMS::SetupFDTD: Warning, the timestep seems to be very small --> long simulation. Check your mesh!?
Running FDTD engine... this may take a while... grab a cup of coffee?!?
Warning: Unused primitive (type: Box) detected in property: antenna!
Warning: Unused primitive (type: Box) detected in property: antenna!
Warning: Unused primitive (type: Polygon) detected in property: gnd!
[@        7s] Timestep:          369 || Speed:  162.1 MC/s (2.090e-02 s/TS) || Energy: ~9.52e-22 (- 0.00dB)
[@       17s] Timestep:          738 || Speed:  126.2 MC/s (2.685e-02 s/TS) || Energy: ~4.31e-21 (- 0.00dB)
[@       27s] Timestep:         1107 || Speed:  129.6 MC/s (2.615e-02 s/TS) || Energy: ~9.12e-21 (- 0.00dB)
[@       37s] Timestep:         1476 || Speed:  126.5 MC/s (2.678e-02 s/TS) || Energy: ~9.71e-21 (- 0.00dB)
[@       47s] Timestep:         1845 || Speed:  123.4 MC/s (2.746e-02 s/TS) || Energy: ~1.09e-20 (- 0.00dB)
[@       57s] Timestep:         2214 || Speed:  128.4 MC/s (2.638e-02 s/TS) || Energy: ~6.46e-20 (- 0.00dB)
[@     1m06s] Timestep:         2583 || Speed:  125.4 MC/s (2.701e-02 s/TS) || Energy: ~2.76e-19 (- 0.00dB)
[@     1m16s] Timestep:         2952 || Speed:  128.4 MC/s (2.638e-02 s/TS) || Energy: ~6.63e-19 (- 0.00dB)
[@     1m26s] Timestep:         3321 || Speed:  127.9 MC/s (2.649e-02 s/TS) || Energy: ~9.43e-19 (- 0.00dB)
[@     1m37s] Timestep:         3690 || Speed:  113.7 MC/s (2.980e-02 s/TS) || Energy: ~8.30e-19 (- 0.56dB)
[@     1m49s] Timestep:         4059 || Speed:  105.0 MC/s (3.228e-02 s/TS) || Energy: ~1.48e-18 (- 0.00dB)
[@     2m00s] Timestep:         4428 || Speed:  109.5 MC/s (3.095e-02 s/TS) || Energy: ~6.75e-18 (- 0.00dB)
[@     2m12s] Timestep:         4797 || Speed:  110.1 MC/s (3.076e-02 s/TS) || Energy: ~2.01e-17 (- 0.00dB)
[@     2m23s] Timestep:         5166 || Speed:  106.2 MC/s (3.192e-02 s/TS) || Energy: ~3.61e-17 (- 0.00dB)
[@     2m35s] Timestep:         5535 || Speed:  112.6 MC/s (3.008e-02 s/TS) || Energy: ~4.03e-17 (- 0.00dB)
[@     2m46s] Timestep:         5904 || Speed:  105.9 MC/s (3.198e-02 s/TS) || Energy: ~3.63e-17 (- 0.45dB)
[@     2m58s] Timestep:         6273 || Speed:  103.5 MC/s (3.275e-02 s/TS) || Energy: ~8.70e-17 (- 0.00dB)
[@     3m10s] Timestep:         6642 || Speed:  107.0 MC/s (3.165e-02 s/TS) || Energy: ~2.88e-16 (- 0.00dB)
[@     3m21s] Timestep:         7011 || Speed:  113.3 MC/s (2.992e-02 s/TS) || Energy: ~6.25e-16 (- 0.00dB)
[@     3m33s] Timestep:         7380 || Speed:  107.0 MC/s (3.167e-02 s/TS) || Energy: ~8.70e-16 (- 0.00dB)
[@     3m44s] Timestep:         7749 || Speed:  108.2 MC/s (3.131e-02 s/TS) || Energy: ~8.32e-16 (- 0.19dB)
[@     3m56s] Timestep:         8118 || Speed:  104.4 MC/s (3.246e-02 s/TS) || Energy: ~9.20e-16 (- 0.00dB)
[@     4m08s] Timestep:         8487 || Speed:  106.9 MC/s (3.169e-02 s/TS) || Energy: ~2.20e-15 (- 0.00dB)
[@     4m20s] Timestep:         8856 || Speed:  102.6 MC/s (3.303e-02 s/TS) || Energy: ~5.20e-15 (- 0.00dB)
[@     4m32s] Timestep:         9225 || Speed:  109.0 MC/s (3.108e-02 s/TS) || Energy: ~8.49e-15 (- 0.00dB)
[@     4m43s] Timestep:         9594 || Speed:  110.2 MC/s (3.073e-02 s/TS) || Energy: ~9.71e-15 (- 0.00dB)
[@     4m54s] Timestep:         9963 || Speed:  111.4 MC/s (3.042e-02 s/TS) || Energy: ~9.30e-15 (- 0.19dB)
[@     5m05s] Timestep:        10332 || Speed:  112.3 MC/s (3.018e-02 s/TS) || Energy: ~1.24e-14 (- 0.00dB)
[@     5m16s] Timestep:        10701 || Speed:  115.9 MC/s (2.924e-02 s/TS) || Energy: ~2.39e-14 (- 0.00dB)
[@     5m28s] Timestep:        11070 || Speed:  107.0 MC/s (3.165e-02 s/TS) || Energy: ~4.06e-14 (- 0.00dB)
[@     5m39s] Timestep:        11439 || Speed:  112.2 MC/s (3.020e-02 s/TS) || Energy: ~5.25e-14 (- 0.00dB)
[@     5m49s] Timestep:        11808 || Speed:  127.1 MC/s (2.665e-02 s/TS) || Energy: ~5.57e-14 (- 0.00dB)
[@     5m59s] Timestep:        12177 || Speed:  126.8 MC/s (2.671e-02 s/TS) || Energy: ~6.09e-14 (- 0.00dB)
[@     6m08s] Timestep:        12546 || Speed:  130.1 MC/s (2.603e-02 s/TS) || Energy: ~8.14e-14 (- 0.00dB)
[@     6m17s] Timestep:        12915 || Speed:  137.1 MC/s (2.472e-02 s/TS) || Energy: ~1.15e-13 (- 0.00dB)
[@     6m27s] Timestep:        13284 || Speed:  131.1 MC/s (2.585e-02 s/TS) || Energy: ~1.45e-13 (- 0.00dB)
[@     6m36s] Timestep:        13653 || Speed:  131.9 MC/s (2.568e-02 s/TS) || Energy: ~1.65e-13 (- 0.00dB)
[@     6m46s] Timestep:        14022 || Speed:  133.8 MC/s (2.532e-02 s/TS) || Energy: ~1.91e-13 (- 0.00dB)
[@     6m56s] Timestep:        14391 || Speed:  127.0 MC/s (2.667e-02 s/TS) || Energy: ~2.27e-13 (- 0.00dB)
[@     7m05s] Timestep:        14760 || Speed:  134.0 MC/s (2.528e-02 s/TS) || Energy: ~2.56e-13 (- 0.00dB)
[@     7m15s] Timestep:        15129 || Speed:  131.0 MC/s (2.587e-02 s/TS) || Energy: ~2.61e-13 (- 0.00dB)
[@     7m24s] Timestep:        15498 || Speed:  132.8 MC/s (2.551e-02 s/TS) || Energy: ~2.71e-13 (- 0.00dB)
[@     7m33s] Timestep:        15867 || Speed:  132.1 MC/s (2.564e-02 s/TS) || Energy: ~3.29e-13 (- 0.00dB)
[@     7m42s] Timestep:        16236 || Speed:  143.5 MC/s (2.361e-02 s/TS) || Energy: ~4.20e-13 (- 0.00dB)
[@     7m50s] Timestep:        16605 || Speed:  168.8 MC/s (2.007e-02 s/TS) || Energy: ~4.62e-13 (- 0.00dB)
[@     7m57s] Timestep:        16974 || Speed:  162.9 MC/s (2.080e-02 s/TS) || Energy: ~4.10e-13 (- 0.52dB)
[@     8m05s] Timestep:        17343 || Speed:  163.0 MC/s (2.079e-02 s/TS) || Energy: ~3.36e-13 (- 1.39dB)
[@     8m13s] Timestep:        17712 || Speed:  155.7 MC/s (2.177e-02 s/TS) || Energy: ~3.57e-13 (- 1.12dB)
[@     8m20s] Timestep:        18081 || Speed:  171.6 MC/s (1.975e-02 s/TS) || Energy: ~4.80e-13 (- 0.00dB)
[@     8m28s] Timestep:        18450 || Speed:  168.5 MC/s (2.011e-02 s/TS) || Energy: ~5.73e-13 (- 0.00dB)
[@     8m35s] Timestep:        18819 || Speed:  168.2 MC/s (2.015e-02 s/TS) || Energy: ~5.23e-13 (- 0.40dB)
[@     8m43s] Timestep:        19188 || Speed:  164.7 MC/s (2.057e-02 s/TS) || Energy: ~3.86e-13 (- 1.72dB)
[@     8m50s] Timestep:        19557 || Speed:  168.0 MC/s (2.016e-02 s/TS) || Energy: ~3.20e-13 (- 2.54dB)
[@     8m58s] Timestep:        19926 || Speed:  161.9 MC/s (2.092e-02 s/TS) || Energy: ~3.90e-13 (- 1.67dB)
[@     9m05s] Timestep:        20295 || Speed:  166.1 MC/s (2.040e-02 s/TS) || Energy: ~4.90e-13 (- 0.68dB)
[@     9m14s] Timestep:        20664 || Speed:  140.7 MC/s (2.407e-02 s/TS) || Energy: ~4.82e-13 (- 0.75dB)
[@     9m23s] Timestep:        21033 || Speed:  145.0 MC/s (2.336e-02 s/TS) || Energy: ~3.65e-13 (- 1.96dB)
[@     9m32s] Timestep:        21402 || Speed:  135.3 MC/s (2.504e-02 s/TS) || Energy: ~2.61e-13 (- 3.42dB)
[@     9m41s] Timestep:        21771 || Speed:  135.8 MC/s (2.495e-02 s/TS) || Energy: ~2.59e-13 (- 3.45dB)
[@     9m51s] Timestep:        22140 || Speed:  125.3 MC/s (2.704e-02 s/TS) || Energy: ~3.18e-13 (- 2.56dB)
[@    10m01s] Timestep:        22509 || Speed:  128.9 MC/s (2.628e-02 s/TS) || Energy: ~3.35e-13 (- 2.33dB)
[@    10m10s] Timestep:        22878 || Speed:  131.3 MC/s (2.581e-02 s/TS) || Energy: ~2.72e-13 (- 3.23dB)
[@    10m20s] Timestep:        23247 || Speed:  131.9 MC/s (2.569e-02 s/TS) || Energy: ~1.87e-13 (- 4.86dB)
[@    10m29s] Timestep:        23616 || Speed:  136.2 MC/s (2.488e-02 s/TS) || Energy: ~1.51e-13 (- 5.80dB)
[@    10m39s] Timestep:        23985 || Speed:  130.1 MC/s (2.604e-02 s/TS) || Energy: ~1.69e-13 (- 5.32dB)
[@    10m48s] Timestep:        24354 || Speed:  141.7 MC/s (2.391e-02 s/TS) || Energy: ~1.88e-13 (- 4.84dB)
[@    10m56s] Timestep:        24723 || Speed:  148.2 MC/s (2.286e-02 s/TS) || Energy: ~1.68e-13 (- 5.32dB)
[@    11m05s] Timestep:        25092 || Speed:  136.9 MC/s (2.475e-02 s/TS) || Energy: ~1.21e-13 (- 6.75dB)
[@    11m14s] Timestep:        25461 || Speed:  137.3 MC/s (2.467e-02 s/TS) || Energy: ~8.48e-14 (- 8.30dB)
[@    11m23s] Timestep:        25830 || Speed:  138.2 MC/s (2.452e-02 s/TS) || Energy: ~7.88e-14 (- 8.62dB)
[@    11m33s] Timestep:        26199 || Speed:  132.6 MC/s (2.556e-02 s/TS) || Energy: ~8.84e-14 (- 8.12dB)
[@    11m42s] Timestep:        26568 || Speed:  137.6 MC/s (2.462e-02 s/TS) || Energy: ~8.86e-14 (- 8.11dB)
[@    11m51s] Timestep:        26937 || Speed:  136.5 MC/s (2.482e-02 s/TS) || Energy: ~7.16e-14 (- 9.03dB)
[@    12m00s] Timestep:        27306 || Speed:  135.6 MC/s (2.499e-02 s/TS) || Energy: ~4.97e-14 (-10.62dB)
[@    12m09s] Timestep:        27675 || Speed:  135.6 MC/s (2.499e-02 s/TS) || Energy: ~3.76e-14 (-11.83dB)
[@    12m18s] Timestep:        28044 || Speed:  146.0 MC/s (2.321e-02 s/TS) || Energy: ~3.76e-14 (-11.84dB)
[@    12m27s] Timestep:        28413 || Speed:  140.9 MC/s (2.404e-02 s/TS) || Energy: ~4.06e-14 (-11.50dB)
[@    12m36s] Timestep:        28782 || Speed:  143.9 MC/s (2.354e-02 s/TS) || Energy: ~3.79e-14 (-11.80dB)
[@    12m44s] Timestep:        29151 || Speed:  141.4 MC/s (2.396e-02 s/TS) || Energy: ~2.93e-14 (-12.92dB)
[@    12m53s] Timestep:        29520 || Speed:  141.8 MC/s (2.389e-02 s/TS) || Energy: ~2.05e-14 (-14.46dB)
[@    13m02s] Timestep:        29889 || Speed:  136.6 MC/s (2.481e-02 s/TS) || Energy: ~1.66e-14 (-15.39dB)
[@    13m11s] Timestep:        30258 || Speed:  137.7 MC/s (2.461e-02 s/TS) || Energy: ~1.70e-14 (-15.28dB)
[@    13m20s] Timestep:        30627 || Speed:  150.6 MC/s (2.250e-02 s/TS) || Energy: ~1.78e-14 (-15.08dB)
[@    13m28s] Timestep:        30996 || Speed:  144.1 MC/s (2.351e-02 s/TS) || Energy: ~1.60e-14 (-15.54dB)
[@    13m37s] Timestep:        31365 || Speed:  147.4 MC/s (2.299e-02 s/TS) || Energy: ~1.21e-14 (-16.75dB)
[@    13m45s] Timestep:        31734 || Speed:  154.4 MC/s (2.195e-02 s/TS) || Energy: ~8.63e-15 (-18.23dB)
[@    13m53s] Timestep:        32103 || Speed:  162.3 MC/s (2.087e-02 s/TS) || Energy: ~7.30e-15 (-18.95dB)
[@    14m00s] Timestep:        32472 || Speed:  167.9 MC/s (2.017e-02 s/TS) || Energy: ~7.61e-15 (-18.77dB)
[@    14m07s] Timestep:        32841 || Speed:  176.5 MC/s (1.919e-02 s/TS) || Energy: ~7.83e-15 (-18.65dB)
[@    14m14s] Timestep:        33210 || Speed:  180.6 MC/s (1.876e-02 s/TS) || Energy: ~6.85e-15 (-19.23dB)
[@    14m21s] Timestep:        33579 || Speed:  182.5 MC/s (1.856e-02 s/TS) || Energy: ~5.08e-15 (-20.52dB)
[@    14m28s] Timestep:        33948 || Speed:  179.9 MC/s (1.883e-02 s/TS) || Energy: ~3.67e-15 (-21.94dB)
[@    14m35s] Timestep:        34317 || Speed:  172.8 MC/s (1.961e-02 s/TS) || Energy: ~3.25e-15 (-22.47dB)
[@    14m42s] Timestep:        34686 || Speed:  176.3 MC/s (1.922e-02 s/TS) || Energy: ~3.45e-15 (-22.20dB)
[@    14m49s] Timestep:        35055 || Speed:  179.3 MC/s (1.890e-02 s/TS) || Energy: ~3.48e-15 (-22.17dB)
[@    14m56s] Timestep:        35424 || Speed:  185.6 MC/s (1.825e-02 s/TS) || Energy: ~2.95e-15 (-22.89dB)
[@    15m03s] Timestep:        35793 || Speed:  169.5 MC/s (1.999e-02 s/TS) || Energy: ~2.14e-15 (-24.28dB)
[@    15m10s] Timestep:        36162 || Speed:  178.2 MC/s (1.901e-02 s/TS) || Energy: ~1.58e-15 (-25.61dB)
[@    15m18s] Timestep:        36531 || Speed:  174.0 MC/s (1.947e-02 s/TS) || Energy: ~1.47e-15 (-25.92dB)
[@    15m24s] Timestep:        36900 || Speed:  187.0 MC/s (1.812e-02 s/TS) || Energy: ~1.58e-15 (-25.61dB)
[@    15m31s] Timestep:        37269 || Speed:  177.1 MC/s (1.913e-02 s/TS) || Energy: ~1.55e-15 (-25.69dB)
[@    15m38s] Timestep:        37638 || Speed:  179.1 MC/s (1.891e-02 s/TS) || Energy: ~1.26e-15 (-26.58dB)
[@    15m45s] Timestep:        38007 || Speed:  176.4 MC/s (1.921e-02 s/TS) || Energy: ~8.97e-16 (-28.05dB)
[@    15m53s] Timestep:        38376 || Speed:  168.0 MC/s (2.017e-02 s/TS) || Energy: ~6.85e-16 (-29.23dB)
[@    16m00s] Timestep:        38745 || Speed:  186.1 MC/s (1.820e-02 s/TS) || Energy: ~6.71e-16 (-29.32dB)
[@    16m07s] Timestep:        39114 || Speed:  169.8 MC/s (1.995e-02 s/TS) || Energy: ~7.19e-16 (-29.02dB)
[@    16m14s] Timestep:        39483 || Speed:  178.4 MC/s (1.899e-02 s/TS) || Energy: ~6.80e-16 (-29.26dB)
[@    16m21s] Timestep:        39852 || Speed:  171.8 MC/s (1.972e-02 s/TS) || Energy: ~5.34e-16 (-30.31dB)
[@    16m28s] Timestep:        40221 || Speed:  179.3 MC/s (1.890e-02 s/TS) || Energy: ~3.77e-16 (-31.82dB)
[@    16m35s] Timestep:        40590 || Speed:  181.4 MC/s (1.868e-02 s/TS) || Energy: ~3.01e-16 (-32.79dB)
[@    16m42s] Timestep:        40959 || Speed:  173.5 MC/s (1.953e-02 s/TS) || Energy: ~3.07e-16 (-32.71dB)
[@    16m50s] Timestep:        41328 || Speed:  168.1 MC/s (2.016e-02 s/TS) || Energy: ~3.25e-16 (-32.47dB)
[@    16m57s] Timestep:        41697 || Speed:  179.3 MC/s (1.890e-02 s/TS) || Energy: ~2.96e-16 (-32.87dB)
[@    17m04s] Timestep:        42066 || Speed:  176.3 MC/s (1.922e-02 s/TS) || Energy: ~2.25e-16 (-34.07dB)
[@    17m10s] Timestep:        42435 || Speed:  188.9 MC/s (1.793e-02 s/TS) || Energy: ~1.59e-16 (-35.56dB)
[@    17m17s] Timestep:        42804 || Speed:  180.9 MC/s (1.873e-02 s/TS) || Energy: ~1.34e-16 (-36.31dB)
[@    17m24s] Timestep:        43173 || Speed:  182.9 MC/s (1.852e-02 s/TS) || Energy: ~1.41e-16 (-36.10dB)
[@    17m31s] Timestep:        43542 || Speed:  186.8 MC/s (1.814e-02 s/TS) || Energy: ~1.46e-16 (-35.95dB)
[@    17m38s] Timestep:        43911 || Speed:  183.6 MC/s (1.845e-02 s/TS) || Energy: ~1.27e-16 (-36.53dB)
[@    17m44s] Timestep:        44280 || Speed:  187.9 MC/s (1.803e-02 s/TS) || Energy: ~9.41e-17 (-37.85dB)
[@    17m51s] Timestep:        44649 || Speed:  187.3 MC/s (1.809e-02 s/TS) || Energy: ~6.77e-17 (-39.28dB)
[@    17m58s] Timestep:        45018 || Speed:  184.0 MC/s (1.841e-02 s/TS) || Energy: ~6.03e-17 (-39.78dB)
[@    18m05s] Timestep:        45387 || Speed:  179.0 MC/s (1.893e-02 s/TS) || Energy: ~6.43e-17 (-39.50dB)
[@    18m12s] Timestep:        45756 || Speed:  179.3 MC/s (1.890e-02 s/TS) || Energy: ~6.48e-17 (-39.47dB)
[@    18m18s] Timestep:        46125 || Speed:  184.4 MC/s (1.837e-02 s/TS) || Energy: ~5.46e-17 (-40.21dB)
RunFDTD: end-criteria of -40.00dB reached after 46125 timesteps (-40.21dB)
Time for 46125 iterations with 3388149.00 cells : 1098.98 sec
Speed: 142.20 MCells/s 
env_v3_trim6.64 cells: [219, 191, 81] 3.388149 M; nf2ff box [[-55.0, 55.0], [-29.4, 29.1], [-24.8, 24.0]]
env_v3_trim6.64 rad. efficiency @2.40/2.44/2.48 GHz: [0.786 0.797 0.812] fmin: 2.4775
