openEMS - fixed number of threads: 4
 ---------------------------------------------------------------------- 
 | openEMS 64bit -- version v0.37.0-rc3-31-g6761a36
 | (C) 2010-2026 Thorsten Liebig <thorsten.liebig@gmx.de>  GPL license
 ---------------------------------------------------------------------- 
	Used external libraries:
		CSXCAD -- Version: v0.7.0-rc3-7-g65e7591
		hdf5   -- Version: 1.10.10
		          compiled against: HDF5 library version: 1.10.10
		tinyxml -- compiled against: 2.6.2
		fparser
		boost  -- compiled against: 1_83
		vtk -- Version: 9.1.0
		       compiled against: 9.1.0

Create FDTD operator (compressed SSE + multi-threading)
FDTD simulation size: 213x197x74 --> 3.10511e+06 FDTD cells 
FDTD timestep is: 9.67577e-14 s; Nyquist rate: 1476 timesteps @3.50105e+09 Hz
Excitation signal length is: 29608 timesteps (2.8648e-09s)
Max. number of timesteps: 600000 ( --> 20.2648 * Excitation signal length)
Create FDTD engine (compressed SSE + multi-threading)
openEMS::SetupFDTD: Warning, the timestep seems to be very small --> long simulation. Check your mesh!?
Running FDTD engine... this may take a while... grab a cup of coffee?!?
Warning: Unused primitive (type: Box) detected in property: antenna!
Warning: Unused primitive (type: Box) detected in property: antenna!
[@        6s] Timestep:          369 || Speed:  168.1 MC/s (1.847e-02 s/TS) || Energy: ~9.62e-22 (- 0.00dB)
[@       14s] Timestep:          738 || Speed:  142.3 MC/s (2.182e-02 s/TS) || Energy: ~4.41e-21 (- 0.00dB)
[@       23s] Timestep:         1107 || Speed:  137.4 MC/s (2.260e-02 s/TS) || Energy: ~9.32e-21 (- 0.00dB)
[@       31s] Timestep:         1476 || Speed:  131.8 MC/s (2.356e-02 s/TS) || Energy: ~9.92e-21 (- 0.00dB)
[@       41s] Timestep:         1845 || Speed:  125.8 MC/s (2.469e-02 s/TS) || Energy: ~1.12e-20 (- 0.00dB)
[@       50s] Timestep:         2214 || Speed:  119.8 MC/s (2.591e-02 s/TS) || Energy: ~6.61e-20 (- 0.00dB)
[@       59s] Timestep:         2583 || Speed:  132.8 MC/s (2.338e-02 s/TS) || Energy: ~2.81e-19 (- 0.00dB)
[@     1m08s] Timestep:         2952 || Speed:  128.6 MC/s (2.415e-02 s/TS) || Energy: ~6.77e-19 (- 0.00dB)
[@     1m16s] Timestep:         3321 || Speed:  133.4 MC/s (2.327e-02 s/TS) || Energy: ~9.65e-19 (- 0.00dB)
[@     1m32s] Timestep:         3690 || Speed:   73.9 MC/s (4.200e-02 s/TS) || Energy: ~8.57e-19 (- 0.51dB)
[@     2m16s] Timestep:         4059 || Speed:   25.6 MC/s (1.213e-01 s/TS) || Energy: ~1.54e-18 (- 0.00dB)
[@     3m04s] Timestep:         4428 || Speed:   24.2 MC/s (1.281e-01 s/TS) || Energy: ~6.92e-18 (- 0.00dB)
[@     3m17s] Timestep:         4797 || Speed:   85.2 MC/s (3.643e-02 s/TS) || Energy: ~2.05e-17 (- 0.00dB)
[@     3m28s] Timestep:         5166 || Speed:  102.2 MC/s (3.039e-02 s/TS) || Energy: ~3.69e-17 (- 0.00dB)
[@     3m39s] Timestep:         5535 || Speed:  108.3 MC/s (2.867e-02 s/TS) || Energy: ~4.14e-17 (- 0.00dB)
[@     3m49s] Timestep:         5904 || Speed:  108.7 MC/s (2.857e-02 s/TS) || Energy: ~3.80e-17 (- 0.37dB)
[@     4m00s] Timestep:         6273 || Speed:  106.3 MC/s (2.920e-02 s/TS) || Energy: ~9.04e-17 (- 0.00dB)
[@     4m10s] Timestep:         6642 || Speed:  113.6 MC/s (2.734e-02 s/TS) || Energy: ~2.95e-16 (- 0.00dB)
[@     4m21s] Timestep:         7011 || Speed:  109.8 MC/s (2.828e-02 s/TS) || Energy: ~6.38e-16 (- 0.00dB)
[@     4m32s] Timestep:         7380 || Speed:  105.7 MC/s (2.938e-02 s/TS) || Energy: ~8.91e-16 (- 0.00dB)
[@     4m43s] Timestep:         7749 || Speed:   98.4 MC/s (3.155e-02 s/TS) || Energy: ~8.64e-16 (- 0.13dB)
[@     4m55s] Timestep:         8118 || Speed:   97.6 MC/s (3.181e-02 s/TS) || Energy: ~9.73e-16 (- 0.00dB)
[@     5m06s] Timestep:         8487 || Speed:  103.5 MC/s (2.999e-02 s/TS) || Energy: ~2.28e-15 (- 0.00dB)
[@     5m16s] Timestep:         8856 || Speed:  120.8 MC/s (2.571e-02 s/TS) || Energy: ~5.32e-15 (- 0.00dB)
[@     5m25s] Timestep:         9225 || Speed:  121.2 MC/s (2.563e-02 s/TS) || Energy: ~8.68e-15 (- 0.00dB)
[@     5m35s] Timestep:         9594 || Speed:  114.3 MC/s (2.717e-02 s/TS) || Energy: ~1.00e-14 (- 0.00dB)
[@     5m46s] Timestep:         9963 || Speed:  109.6 MC/s (2.834e-02 s/TS) || Energy: ~9.81e-15 (- 0.09dB)
[@     5m56s] Timestep:        10332 || Speed:  109.7 MC/s (2.830e-02 s/TS) || Energy: ~1.31e-14 (- 0.00dB)
[@     6m05s] Timestep:        10701 || Speed:  121.2 MC/s (2.561e-02 s/TS) || Energy: ~2.48e-14 (- 0.00dB)
[@     6m14s] Timestep:        11070 || Speed:  126.5 MC/s (2.455e-02 s/TS) || Energy: ~4.16e-14 (- 0.00dB)
[@     6m24s] Timestep:        11439 || Speed:  118.0 MC/s (2.631e-02 s/TS) || Energy: ~5.39e-14 (- 0.00dB)
[@     6m34s] Timestep:        11808 || Speed:  112.4 MC/s (2.762e-02 s/TS) || Energy: ~5.83e-14 (- 0.00dB)
[@     6m44s] Timestep:        12177 || Speed:  123.7 MC/s (2.511e-02 s/TS) || Energy: ~6.48e-14 (- 0.00dB)
[@     6m54s] Timestep:        12546 || Speed:  114.1 MC/s (2.721e-02 s/TS) || Energy: ~8.58e-14 (- 0.00dB)
[@     7m03s] Timestep:        12915 || Speed:  120.0 MC/s (2.587e-02 s/TS) || Energy: ~1.19e-13 (- 0.00dB)
[@     7m13s] Timestep:        13284 || Speed:  115.5 MC/s (2.689e-02 s/TS) || Energy: ~1.49e-13 (- 0.00dB)
[@     7m23s] Timestep:        13653 || Speed:  117.9 MC/s (2.633e-02 s/TS) || Energy: ~1.72e-13 (- 0.00dB)
[@     7m32s] Timestep:        14022 || Speed:  123.2 MC/s (2.519e-02 s/TS) || Energy: ~2.02e-13 (- 0.00dB)
[@     7m42s] Timestep:        14391 || Speed:  110.9 MC/s (2.801e-02 s/TS) || Energy: ~2.41e-13 (- 0.00dB)
[@     7m52s] Timestep:        14760 || Speed:  115.4 MC/s (2.690e-02 s/TS) || Energy: ~2.68e-13 (- 0.00dB)
[@     8m02s] Timestep:        15129 || Speed:  122.5 MC/s (2.535e-02 s/TS) || Energy: ~2.70e-13 (- 0.00dB)
[@     8m13s] Timestep:        15498 || Speed:   98.0 MC/s (3.169e-02 s/TS) || Energy: ~2.82e-13 (- 0.00dB)
[@     8m25s] Timestep:        15867 || Speed:   95.7 MC/s (3.243e-02 s/TS) || Energy: ~3.49e-13 (- 0.00dB)
[@     8m37s] Timestep:        16236 || Speed:   98.8 MC/s (3.142e-02 s/TS) || Energy: ~4.45e-13 (- 0.00dB)
[@     8m47s] Timestep:        16605 || Speed:  120.1 MC/s (2.585e-02 s/TS) || Energy: ~4.84e-13 (- 0.00dB)
[@     8m55s] Timestep:        16974 || Speed:  137.6 MC/s (2.257e-02 s/TS) || Energy: ~4.23e-13 (- 0.58dB)
[@     9m03s] Timestep:        17343 || Speed:  143.6 MC/s (2.162e-02 s/TS) || Energy: ~3.48e-13 (- 1.43dB)
[@     9m10s] Timestep:        17712 || Speed:  158.4 MC/s (1.961e-02 s/TS) || Energy: ~3.79e-13 (- 1.07dB)
[@     9m17s] Timestep:        18081 || Speed:  156.0 MC/s (1.990e-02 s/TS) || Energy: ~5.10e-13 (- 0.00dB)
[@     9m25s] Timestep:        18450 || Speed:  143.2 MC/s (2.168e-02 s/TS) || Energy: ~5.98e-13 (- 0.00dB)
[@     9m34s] Timestep:        18819 || Speed:  141.3 MC/s (2.198e-02 s/TS) || Energy: ~5.34e-13 (- 0.49dB)
[@     9m41s] Timestep:        19188 || Speed:  144.8 MC/s (2.144e-02 s/TS) || Energy: ~3.91e-13 (- 1.84dB)
[@     9m50s] Timestep:        19557 || Speed:  135.7 MC/s (2.288e-02 s/TS) || Energy: ~3.34e-13 (- 2.53dB)
[@     9m58s] Timestep:        19926 || Speed:  140.1 MC/s (2.217e-02 s/TS) || Energy: ~4.13e-13 (- 1.61dB)
[@    10m06s] Timestep:        20295 || Speed:  147.8 MC/s (2.101e-02 s/TS) || Energy: ~5.09e-13 (- 0.70dB)
[@    10m14s] Timestep:        20664 || Speed:  136.5 MC/s (2.274e-02 s/TS) || Energy: ~4.87e-13 (- 0.89dB)
[@    10m22s] Timestep:        21033 || Speed:  145.1 MC/s (2.140e-02 s/TS) || Energy: ~3.61e-13 (- 2.18dB)
[@    10m30s] Timestep:        21402 || Speed:  139.4 MC/s (2.228e-02 s/TS) || Energy: ~2.62e-13 (- 3.58dB)
[@    10m38s] Timestep:        21771 || Speed:  144.3 MC/s (2.151e-02 s/TS) || Energy: ~2.70e-13 (- 3.46dB)
[@    10m47s] Timestep:        22140 || Speed:  130.7 MC/s (2.376e-02 s/TS) || Energy: ~3.29e-13 (- 2.59dB)
[@    10m56s] Timestep:        22509 || Speed:  131.4 MC/s (2.363e-02 s/TS) || Energy: ~3.36e-13 (- 2.50dB)
[@    11m03s] Timestep:        22878 || Speed:  148.6 MC/s (2.089e-02 s/TS) || Energy: ~2.64e-13 (- 3.55dB)
[@    11m11s] Timestep:        23247 || Speed:  154.3 MC/s (2.013e-02 s/TS) || Energy: ~1.80e-13 (- 5.21dB)
[@    11m18s] Timestep:        23616 || Speed:  157.4 MC/s (1.972e-02 s/TS) || Energy: ~1.52e-13 (- 5.95dB)
[@    11m26s] Timestep:        23985 || Speed:  148.8 MC/s (2.087e-02 s/TS) || Energy: ~1.73e-13 (- 5.39dB)
[@    11m34s] Timestep:        24354 || Speed:  139.3 MC/s (2.229e-02 s/TS) || Energy: ~1.87e-13 (- 5.04dB)
[@    11m43s] Timestep:        24723 || Speed:  130.2 MC/s (2.385e-02 s/TS) || Energy: ~1.61e-13 (- 5.70dB)
[@    11m52s] Timestep:        25092 || Speed:  122.1 MC/s (2.544e-02 s/TS) || Energy: ~1.12e-13 (- 7.25dB)
[@    12m00s] Timestep:        25461 || Speed:  157.3 MC/s (1.974e-02 s/TS) || Energy: ~8.06e-14 (- 8.70dB)
[@    12m07s] Timestep:        25830 || Speed:  158.1 MC/s (1.964e-02 s/TS) || Energy: ~7.88e-14 (- 8.80dB)
[@    12m14s] Timestep:        26199 || Speed:  159.3 MC/s (1.949e-02 s/TS) || Energy: ~8.80e-14 (- 8.32dB)
[@    12m21s] Timestep:        26568 || Speed:  159.8 MC/s (1.944e-02 s/TS) || Energy: ~8.46e-14 (- 8.49dB)
[@    12m28s] Timestep:        26937 || Speed:  161.7 MC/s (1.920e-02 s/TS) || Energy: ~6.52e-14 (- 9.62dB)
[@    12m36s] Timestep:        27306 || Speed:  140.5 MC/s (2.210e-02 s/TS) || Energy: ~4.46e-14 (-11.27dB)
[@    12m45s] Timestep:        27675 || Speed:  128.4 MC/s (2.418e-02 s/TS) || Energy: ~3.55e-14 (-12.27dB)
[@    12m53s] Timestep:        28044 || Speed:  142.5 MC/s (2.180e-02 s/TS) || Energy: ~3.69e-14 (-12.09dB)
[@    13m02s] Timestep:        28413 || Speed:  140.1 MC/s (2.216e-02 s/TS) || Energy: ~3.89e-14 (-11.86dB)
[@    13m10s] Timestep:        28782 || Speed:  144.3 MC/s (2.151e-02 s/TS) || Energy: ~3.45e-14 (-12.38dB)
[@    13m18s] Timestep:        29151 || Speed:  139.5 MC/s (2.226e-02 s/TS) || Energy: ~2.54e-14 (-13.71dB)
[@    13m26s] Timestep:        29520 || Speed:  139.8 MC/s (2.221e-02 s/TS) || Energy: ~1.79e-14 (-15.24dB)
[@    13m34s] Timestep:        29889 || Speed:  149.2 MC/s (2.081e-02 s/TS) || Energy: ~1.54e-14 (-15.88dB)
[@    13m41s] Timestep:        30258 || Speed:  146.4 MC/s (2.121e-02 s/TS) || Energy: ~1.63e-14 (-15.64dB)
[@    13m51s] Timestep:        30627 || Speed:  126.3 MC/s (2.459e-02 s/TS) || Energy: ~1.65e-14 (-15.60dB)
[@    13m59s] Timestep:        30996 || Speed:  133.5 MC/s (2.326e-02 s/TS) || Energy: ~1.39e-14 (-16.32dB)
[@    14m07s] Timestep:        31365 || Speed:  146.6 MC/s (2.118e-02 s/TS) || Energy: ~1.01e-14 (-17.74dB)
[@    14m15s] Timestep:        31734 || Speed:  145.6 MC/s (2.132e-02 s/TS) || Energy: ~7.32e-15 (-19.12dB)
[@    14m23s] Timestep:        32103 || Speed:  143.9 MC/s (2.158e-02 s/TS) || Energy: ~6.70e-15 (-19.50dB)
[@    14m31s] Timestep:        32472 || Speed:  145.3 MC/s (2.138e-02 s/TS) || Energy: ~7.13e-15 (-19.24dB)
[@    14m39s] Timestep:        32841 || Speed:  144.4 MC/s (2.151e-02 s/TS) || Energy: ~6.97e-15 (-19.33dB)
[@    14m47s] Timestep:        33210 || Speed:  128.8 MC/s (2.411e-02 s/TS) || Energy: ~5.69e-15 (-20.22dB)
[@    14m55s] Timestep:        33579 || Speed:  145.2 MC/s (2.138e-02 s/TS) || Energy: ~4.04e-15 (-21.70dB)
[@    15m03s] Timestep:        33948 || Speed:  144.8 MC/s (2.144e-02 s/TS) || Energy: ~3.05e-15 (-22.92dB)
[@    15m11s] Timestep:        34317 || Speed:  141.7 MC/s (2.192e-02 s/TS) || Energy: ~2.95e-15 (-23.06dB)
[@    15m19s] Timestep:        34686 || Speed:  141.8 MC/s (2.189e-02 s/TS) || Energy: ~3.15e-15 (-22.79dB)
[@    15m29s] Timestep:        35055 || Speed:  117.3 MC/s (2.646e-02 s/TS) || Energy: ~2.97e-15 (-23.04dB)
[@    15m40s] Timestep:        35424 || Speed:  105.2 MC/s (2.951e-02 s/TS) || Energy: ~2.32e-15 (-24.10dB)
[@    15m53s] Timestep:        35793 || Speed:   90.4 MC/s (3.434e-02 s/TS) || Energy: ~1.63e-15 (-25.64dB)
[@    16m02s] Timestep:        36162 || Speed:  119.6 MC/s (2.596e-02 s/TS) || Energy: ~1.30e-15 (-26.63dB)
[@    16m11s] Timestep:        36531 || Speed:  139.8 MC/s (2.221e-02 s/TS) || Energy: ~1.32e-15 (-26.56dB)
[@    16m20s] Timestep:        36900 || Speed:  122.4 MC/s (2.536e-02 s/TS) || Energy: ~1.39e-15 (-26.33dB)
[@    16m28s] Timestep:        37269 || Speed:  141.7 MC/s (2.191e-02 s/TS) || Energy: ~1.25e-15 (-26.78dB)
[@    16m37s] Timestep:        37638 || Speed:  133.0 MC/s (2.334e-02 s/TS) || Energy: ~9.40e-16 (-28.03dB)
[@    16m45s] Timestep:        38007 || Speed:  132.4 MC/s (2.346e-02 s/TS) || Energy: ~6.62e-16 (-29.55dB)
[@    16m54s] Timestep:        38376 || Speed:  126.5 MC/s (2.454e-02 s/TS) || Energy: ~5.63e-16 (-30.26dB)
[@    17m03s] Timestep:        38745 || Speed:  133.7 MC/s (2.323e-02 s/TS) || Energy: ~5.94e-16 (-30.02dB)
[@    17m11s] Timestep:        39114 || Speed:  141.4 MC/s (2.196e-02 s/TS) || Energy: ~6.08e-16 (-29.92dB)
[@    17m19s] Timestep:        39483 || Speed:  145.1 MC/s (2.139e-02 s/TS) || Energy: ~5.21e-16 (-30.59dB)
[@    17m27s] Timestep:        39852 || Speed:  149.4 MC/s (2.079e-02 s/TS) || Energy: ~3.77e-16 (-32.00dB)
[@    17m35s] Timestep:        40221 || Speed:  138.8 MC/s (2.236e-02 s/TS) || Energy: ~2.72e-16 (-33.42dB)
[@    17m42s] Timestep:        40590 || Speed:  149.5 MC/s (2.077e-02 s/TS) || Energy: ~2.48e-16 (-33.81dB)
[@    17m51s] Timestep:        40959 || Speed:  127.6 MC/s (2.434e-02 s/TS) || Energy: ~2.66e-16 (-33.51dB)
[@    18m00s] Timestep:        41328 || Speed:  141.2 MC/s (2.199e-02 s/TS) || Energy: ~2.62e-16 (-33.58dB)
[@    18m07s] Timestep:        41697 || Speed:  148.7 MC/s (2.088e-02 s/TS) || Energy: ~2.14e-16 (-34.47dB)
[@    18m15s] Timestep:        42066 || Speed:  145.2 MC/s (2.139e-02 s/TS) || Energy: ~1.51e-16 (-35.97dB)
[@    18m23s] Timestep:        42435 || Speed:  144.7 MC/s (2.146e-02 s/TS) || Energy: ~1.14e-16 (-37.20dB)
[@    18m31s] Timestep:        42804 || Speed:  152.1 MC/s (2.042e-02 s/TS) || Energy: ~1.11e-16 (-37.32dB)
[@    18m38s] Timestep:        43173 || Speed:  151.1 MC/s (2.055e-02 s/TS) || Energy: ~1.18e-16 (-37.03dB)
[@    18m46s] Timestep:        43542 || Speed:  150.3 MC/s (2.066e-02 s/TS) || Energy: ~1.11e-16 (-37.30dB)
[@    18m54s] Timestep:        43911 || Speed:  140.6 MC/s (2.209e-02 s/TS) || Energy: ~8.67e-17 (-38.39dB)
[@    19m02s] Timestep:        44280 || Speed:  146.0 MC/s (2.127e-02 s/TS) || Energy: ~6.07e-17 (-39.93dB)
[@    19m09s] Timestep:        44649 || Speed:  149.3 MC/s (2.079e-02 s/TS) || Energy: ~4.85e-17 (-40.91dB)
RunFDTD: end-criteria of -40.00dB reached after 44649 timesteps (-40.91dB)
Time for 44649 iterations with 3105114.00 cells : 1149.97 sec
Speed: 120.56 MCells/s 
env_v2_trim6.64 cells: [213, 197, 74] 3.105114 M; nf2ff box [[-53.0, 53.0], [-30.0, 29.8], [-24.9, 24.2]]
env_v2_trim6.64 rad. efficiency @2.40/2.44/2.48 GHz: [0.805 0.814 0.826] fmin: 2.505
