openEMS - fixed number of threads: 4
 ---------------------------------------------------------------------- 
 | openEMS 64bit -- version v0.37.0-rc3-31-g6761a36
 | (C) 2010-2026 Thorsten Liebig <thorsten.liebig@gmx.de>  GPL license
 ---------------------------------------------------------------------- 
	Used external libraries:
		CSXCAD -- Version: v0.7.0-rc3-7-g65e7591
		hdf5   -- Version: 1.10.10
		          compiled against: HDF5 library version: 1.10.10
		tinyxml -- compiled against: 2.6.2
		fparser
		boost  -- compiled against: 1_83
		vtk -- Version: 9.1.0
		       compiled against: 9.1.0

Create FDTD operator (compressed SSE + multi-threading)
openEMS::SetupFDTD: Warning, the timestep seems to be very small --> long simulation. Check your mesh!?
FDTD simulation size: 213x211x79 --> 3.5505e+06 FDTD cells 
FDTD timestep is: 9.67577e-14 s; Nyquist rate: 1476 timesteps @3.50105e+09 Hz
Excitation signal length is: 29608 timesteps (2.8648e-09s)
Max. number of timesteps: 600000 ( --> 20.2648 * Excitation signal length)
Create FDTD engine (compressed SSE + multi-threading)
Running FDTD engine... this may take a while... grab a cup of coffee?!?
Warning: Unused primitive (type: Box) detected in property: antenna!
Warning: Unused primitive (type: Box) detected in property: antenna!
[@        8s] Timestep:          369 || Speed:  150.8 MC/s (2.354e-02 s/TS) || Energy: ~9.58e-22 (- 0.00dB)
[@       17s] Timestep:          738 || Speed:  148.1 MC/s (2.397e-02 s/TS) || Energy: ~4.37e-21 (- 0.00dB)
[@       27s] Timestep:         1107 || Speed:  136.9 MC/s (2.593e-02 s/TS) || Energy: ~9.28e-21 (- 0.00dB)
[@       36s] Timestep:         1476 || Speed:  133.4 MC/s (2.662e-02 s/TS) || Energy: ~9.88e-21 (- 0.00dB)
[@       47s] Timestep:         1845 || Speed:  129.6 MC/s (2.740e-02 s/TS) || Energy: ~1.04e-20 (- 0.00dB)
[@       56s] Timestep:         2214 || Speed:  142.8 MC/s (2.487e-02 s/TS) || Energy: ~6.41e-20 (- 0.00dB)
[@     1m05s] Timestep:         2583 || Speed:  144.6 MC/s (2.455e-02 s/TS) || Energy: ~2.81e-19 (- 0.00dB)
[@     1m14s] Timestep:         2952 || Speed:  142.3 MC/s (2.495e-02 s/TS) || Energy: ~6.82e-19 (- 0.00dB)
[@     1m30s] Timestep:         3321 || Speed:   82.8 MC/s (4.286e-02 s/TS) || Energy: ~9.63e-19 (- 0.00dB)
[@     2m30s] Timestep:         3690 || Speed:   21.6 MC/s (1.641e-01 s/TS) || Energy: ~8.07e-19 (- 0.77dB)
[@     3m04s] Timestep:         4059 || Speed:   38.7 MC/s (9.181e-02 s/TS) || Energy: ~1.40e-18 (- 0.00dB)
[@     3m16s] Timestep:         4428 || Speed:  110.1 MC/s (3.226e-02 s/TS) || Energy: ~6.81e-18 (- 0.00dB)
[@     3m27s] Timestep:         4797 || Speed:  118.7 MC/s (2.992e-02 s/TS) || Energy: ~2.07e-17 (- 0.00dB)
[@     3m38s] Timestep:         5166 || Speed:  125.1 MC/s (2.838e-02 s/TS) || Energy: ~3.72e-17 (- 0.00dB)
[@     3m48s] Timestep:         5535 || Speed:  124.4 MC/s (2.855e-02 s/TS) || Energy: ~4.04e-17 (- 0.00dB)
[@     3m59s] Timestep:         5904 || Speed:  125.5 MC/s (2.829e-02 s/TS) || Energy: ~3.36e-17 (- 0.81dB)
[@     4m09s] Timestep:         6273 || Speed:  130.8 MC/s (2.715e-02 s/TS) || Energy: ~8.39e-17 (- 0.00dB)
[@     4m19s] Timestep:         6642 || Speed:  127.0 MC/s (2.796e-02 s/TS) || Energy: ~2.95e-16 (- 0.00dB)
[@     4m30s] Timestep:         7011 || Speed:  117.1 MC/s (3.031e-02 s/TS) || Energy: ~6.50e-16 (- 0.00dB)
[@     4m41s] Timestep:         7380 || Speed:  120.7 MC/s (2.942e-02 s/TS) || Energy: ~8.92e-16 (- 0.00dB)
[@     4m53s] Timestep:         7749 || Speed:  113.5 MC/s (3.128e-02 s/TS) || Energy: ~8.00e-16 (- 0.47dB)
[@     5m03s] Timestep:         8118 || Speed:  127.9 MC/s (2.777e-02 s/TS) || Energy: ~8.28e-16 (- 0.32dB)
[@     5m12s] Timestep:         8487 || Speed:  146.1 MC/s (2.431e-02 s/TS) || Energy: ~2.18e-15 (- 0.00dB)
[@     5m21s] Timestep:         8856 || Speed:  144.6 MC/s (2.455e-02 s/TS) || Energy: ~5.44e-15 (- 0.00dB)
[@     5m30s] Timestep:         9225 || Speed:  137.3 MC/s (2.587e-02 s/TS) || Energy: ~8.89e-15 (- 0.00dB)
[@     5m40s] Timestep:         9594 || Speed:  134.2 MC/s (2.646e-02 s/TS) || Energy: ~9.69e-15 (- 0.00dB)
[@     5m50s] Timestep:         9963 || Speed:  129.9 MC/s (2.732e-02 s/TS) || Energy: ~8.37e-15 (- 0.64dB)
[@     5m59s] Timestep:        10332 || Speed:  145.3 MC/s (2.444e-02 s/TS) || Energy: ~1.13e-14 (- 0.00dB)
[@     6m08s] Timestep:        10701 || Speed:  153.6 MC/s (2.311e-02 s/TS) || Energy: ~2.45e-14 (- 0.00dB)
[@     6m16s] Timestep:        11070 || Speed:  151.5 MC/s (2.344e-02 s/TS) || Energy: ~4.36e-14 (- 0.00dB)
[@     6m26s] Timestep:        11439 || Speed:  138.7 MC/s (2.560e-02 s/TS) || Energy: ~5.46e-14 (- 0.00dB)
[@     6m35s] Timestep:        11808 || Speed:  142.2 MC/s (2.497e-02 s/TS) || Energy: ~5.19e-14 (- 0.22dB)
[@     6m44s] Timestep:        12177 || Speed:  145.1 MC/s (2.447e-02 s/TS) || Energy: ~5.18e-14 (- 0.23dB)
[@     6m53s] Timestep:        12546 || Speed:  142.3 MC/s (2.496e-02 s/TS) || Energy: ~7.68e-14 (- 0.00dB)
[@     7m03s] Timestep:        12915 || Speed:  142.0 MC/s (2.500e-02 s/TS) || Energy: ~1.24e-13 (- 0.00dB)
[@     7m12s] Timestep:        13284 || Speed:  137.3 MC/s (2.586e-02 s/TS) || Energy: ~1.59e-13 (- 0.00dB)
[@     7m21s] Timestep:        13653 || Speed:  143.9 MC/s (2.468e-02 s/TS) || Energy: ~1.63e-13 (- 0.00dB)
[@     7m30s] Timestep:        14022 || Speed:  146.0 MC/s (2.431e-02 s/TS) || Energy: ~1.60e-13 (- 0.09dB)
[@     7m40s] Timestep:        14391 || Speed:  136.3 MC/s (2.605e-02 s/TS) || Energy: ~1.91e-13 (- 0.00dB)
[@     7m49s] Timestep:        14760 || Speed:  142.2 MC/s (2.497e-02 s/TS) || Energy: ~2.55e-13 (- 0.00dB)
[@     7m58s] Timestep:        15129 || Speed:  149.2 MC/s (2.379e-02 s/TS) || Energy: ~3.00e-13 (- 0.00dB)
[@     8m09s] Timestep:        15498 || Speed:  120.4 MC/s (2.950e-02 s/TS) || Energy: ~2.95e-13 (- 0.07dB)
[@     8m20s] Timestep:        15867 || Speed:  114.2 MC/s (3.110e-02 s/TS) || Energy: ~2.82e-13 (- 0.26dB)
[@     8m31s] Timestep:        16236 || Speed:  124.6 MC/s (2.850e-02 s/TS) || Energy: ~3.21e-13 (- 0.00dB)
[@     8m40s] Timestep:        16605 || Speed:  133.6 MC/s (2.657e-02 s/TS) || Energy: ~4.00e-13 (- 0.00dB)
[@     8m48s] Timestep:        16974 || Speed:  164.4 MC/s (2.160e-02 s/TS) || Energy: ~4.41e-13 (- 0.00dB)
[@     8m56s] Timestep:        17343 || Speed:  167.6 MC/s (2.118e-02 s/TS) || Energy: ~4.02e-13 (- 0.40dB)
[@     9m03s] Timestep:        17712 || Speed:  198.9 MC/s (1.785e-02 s/TS) || Energy: ~3.42e-13 (- 1.10dB)
[@     9m09s] Timestep:        18081 || Speed:  195.9 MC/s (1.813e-02 s/TS) || Energy: ~3.50e-13 (- 1.01dB)
[@     9m16s] Timestep:        18450 || Speed:  194.8 MC/s (1.822e-02 s/TS) || Energy: ~4.27e-13 (- 0.14dB)
[@     9m24s] Timestep:        18819 || Speed:  167.9 MC/s (2.115e-02 s/TS) || Energy: ~4.83e-13 (- 0.00dB)
[@     9m31s] Timestep:        19188 || Speed:  188.0 MC/s (1.888e-02 s/TS) || Energy: ~4.48e-13 (- 0.32dB)
[@     9m38s] Timestep:        19557 || Speed:  176.5 MC/s (2.012e-02 s/TS) || Energy: ~3.58e-13 (- 1.30dB)
[@     9m46s] Timestep:        19926 || Speed:  167.7 MC/s (2.117e-02 s/TS) || Energy: ~3.03e-13 (- 2.02dB)
[@     9m54s] Timestep:        20295 || Speed:  173.5 MC/s (2.047e-02 s/TS) || Energy: ~3.23e-13 (- 1.74dB)
[@    10m01s] Timestep:        20664 || Speed:  186.0 MC/s (1.909e-02 s/TS) || Energy: ~3.69e-13 (- 1.17dB)
[@    10m09s] Timestep:        21033 || Speed:  164.5 MC/s (2.158e-02 s/TS) || Energy: ~3.71e-13 (- 1.15dB)
[@    10m16s] Timestep:        21402 || Speed:  189.7 MC/s (1.872e-02 s/TS) || Energy: ~3.13e-13 (- 1.88dB)
[@    10m23s] Timestep:        21771 || Speed:  174.0 MC/s (2.040e-02 s/TS) || Energy: ~2.43e-13 (- 2.97dB)
[@    10m31s] Timestep:        22140 || Speed:  174.2 MC/s (2.038e-02 s/TS) || Energy: ~2.10e-13 (- 3.62dB)
[@    10m39s] Timestep:        22509 || Speed:  165.7 MC/s (2.142e-02 s/TS) || Energy: ~2.15e-13 (- 3.51dB)
[@    10m47s] Timestep:        22878 || Speed:  165.6 MC/s (2.144e-02 s/TS) || Energy: ~2.26e-13 (- 3.30dB)
[@    10m54s] Timestep:        23247 || Speed:  175.9 MC/s (2.018e-02 s/TS) || Energy: ~2.11e-13 (- 3.59dB)
[@    11m01s] Timestep:        23616 || Speed:  184.2 MC/s (1.927e-02 s/TS) || Energy: ~1.72e-13 (- 4.47dB)
[@    11m08s] Timestep:        23985 || Speed:  198.8 MC/s (1.786e-02 s/TS) || Energy: ~1.33e-13 (- 5.60dB)
[@    11m14s] Timestep:        24354 || Speed:  196.4 MC/s (1.808e-02 s/TS) || Energy: ~1.13e-13 (- 6.32dB)
[@    11m21s] Timestep:        24723 || Speed:  188.3 MC/s (1.885e-02 s/TS) || Energy: ~1.12e-13 (- 6.36dB)
[@    11m29s] Timestep:        25092 || Speed:  172.2 MC/s (2.062e-02 s/TS) || Energy: ~1.14e-13 (- 6.28dB)
[@    11m37s] Timestep:        25461 || Speed:  172.1 MC/s (2.063e-02 s/TS) || Energy: ~1.04e-13 (- 6.65dB)
[@    11m45s] Timestep:        25830 || Speed:  151.2 MC/s (2.349e-02 s/TS) || Energy: ~8.29e-14 (- 7.65dB)
[@    11m52s] Timestep:        26199 || Speed:  180.1 MC/s (1.971e-02 s/TS) || Energy: ~6.17e-14 (- 8.94dB)
[@    11m59s] Timestep:        26568 || Speed:  201.5 MC/s (1.762e-02 s/TS) || Energy: ~5.14e-14 (- 9.73dB)
[@    12m06s] Timestep:        26937 || Speed:  200.2 MC/s (1.774e-02 s/TS) || Energy: ~5.20e-14 (- 9.68dB)
[@    12m12s] Timestep:        27306 || Speed:  203.6 MC/s (1.744e-02 s/TS) || Energy: ~5.39e-14 (- 9.52dB)
[@    12m18s] Timestep:        27675 || Speed:  202.7 MC/s (1.751e-02 s/TS) || Energy: ~4.87e-14 (- 9.96dB)
[@    12m25s] Timestep:        28044 || Speed:  205.3 MC/s (1.729e-02 s/TS) || Energy: ~3.70e-14 (-11.16dB)
[@    12m33s] Timestep:        28413 || Speed:  170.1 MC/s (2.087e-02 s/TS) || Energy: ~2.62e-14 (-12.65dB)
[@    12m41s] Timestep:        28782 || Speed:  149.6 MC/s (2.374e-02 s/TS) || Energy: ~2.24e-14 (-13.34dB)
[@    12m49s] Timestep:        29151 || Speed:  163.0 MC/s (2.178e-02 s/TS) || Energy: ~2.41e-14 (-13.02dB)
[@    12m58s] Timestep:        29520 || Speed:  157.4 MC/s (2.256e-02 s/TS) || Energy: ~2.53e-14 (-12.80dB)
[@    13m06s] Timestep:        29889 || Speed:  159.8 MC/s (2.221e-02 s/TS) || Energy: ~2.21e-14 (-13.40dB)
[@    13m14s] Timestep:        30258 || Speed:  151.4 MC/s (2.346e-02 s/TS) || Energy: ~1.58e-14 (-14.86dB)
[@    13m23s] Timestep:        30627 || Speed:  154.2 MC/s (2.303e-02 s/TS) || Energy: ~1.09e-14 (-16.47dB)
[@    13m31s] Timestep:        30996 || Speed:  161.6 MC/s (2.196e-02 s/TS) || Energy: ~9.94e-15 (-16.86dB)
[@    13m40s] Timestep:        31365 || Speed:  150.8 MC/s (2.354e-02 s/TS) || Energy: ~1.14e-14 (-16.29dB)
[@    13m49s] Timestep:        31734 || Speed:  143.0 MC/s (2.482e-02 s/TS) || Energy: ~1.18e-14 (-16.12dB)
[@    13m58s] Timestep:        32103 || Speed:  151.3 MC/s (2.347e-02 s/TS) || Energy: ~9.74e-15 (-16.95dB)
[@    14m06s] Timestep:        32472 || Speed:  159.5 MC/s (2.226e-02 s/TS) || Energy: ~6.59e-15 (-18.65dB)
[@    14m14s] Timestep:        32841 || Speed:  158.7 MC/s (2.238e-02 s/TS) || Energy: ~4.62e-15 (-20.19dB)
[@    14m22s] Timestep:        33210 || Speed:  155.9 MC/s (2.278e-02 s/TS) || Energy: ~4.60e-15 (-20.21dB)
[@    14m31s] Timestep:        33579 || Speed:  160.7 MC/s (2.210e-02 s/TS) || Energy: ~5.36e-15 (-19.55dB)
[@    14m39s] Timestep:        33948 || Speed:  148.5 MC/s (2.391e-02 s/TS) || Energy: ~5.35e-15 (-19.55dB)
[@    14m48s] Timestep:        34317 || Speed:  145.1 MC/s (2.446e-02 s/TS) || Energy: ~4.19e-15 (-20.62dB)
[@    14m57s] Timestep:        34686 || Speed:  161.2 MC/s (2.203e-02 s/TS) || Energy: ~2.77e-15 (-22.42dB)
[@    15m05s] Timestep:        35055 || Speed:  152.6 MC/s (2.327e-02 s/TS) || Energy: ~2.06e-15 (-23.70dB)
[@    15m13s] Timestep:        35424 || Speed:  161.3 MC/s (2.201e-02 s/TS) || Energy: ~2.19e-15 (-23.44dB)
[@    15m23s] Timestep:        35793 || Speed:  141.0 MC/s (2.519e-02 s/TS) || Energy: ~2.50e-15 (-22.87dB)
[@    15m34s] Timestep:        36162 || Speed:  110.7 MC/s (3.208e-02 s/TS) || Energy: ~2.36e-15 (-23.10dB)
[@    15m47s] Timestep:        36531 || Speed:  102.6 MC/s (3.459e-02 s/TS) || Energy: ~1.78e-15 (-24.34dB)
[@    15m58s] Timestep:        36900 || Speed:  125.3 MC/s (2.834e-02 s/TS) || Energy: ~1.19e-15 (-26.07dB)
[@    16m06s] Timestep:        37269 || Speed:  149.8 MC/s (2.370e-02 s/TS) || Energy: ~9.66e-16 (-26.99dB)
[@    16m16s] Timestep:        37638 || Speed:  135.6 MC/s (2.619e-02 s/TS) || Energy: ~1.05e-15 (-26.62dB)
[@    16m25s] Timestep:        38007 || Speed:  155.1 MC/s (2.289e-02 s/TS) || Energy: ~1.14e-15 (-26.27dB)
[@    16m34s] Timestep:        38376 || Speed:  143.4 MC/s (2.476e-02 s/TS) || Energy: ~1.03e-15 (-26.72dB)
[@    16m43s] Timestep:        38745 || Speed:  146.8 MC/s (2.418e-02 s/TS) || Energy: ~7.60e-16 (-28.03dB)
[@    16m52s] Timestep:        39114 || Speed:  139.0 MC/s (2.554e-02 s/TS) || Energy: ~5.35e-16 (-29.55dB)
[@    17m01s] Timestep:        39483 || Speed:  146.5 MC/s (2.423e-02 s/TS) || Energy: ~4.65e-16 (-30.17dB)
[@    17m09s] Timestep:        39852 || Speed:  155.4 MC/s (2.285e-02 s/TS) || Energy: ~4.99e-16 (-29.86dB)
[@    17m18s] Timestep:        40221 || Speed:  157.0 MC/s (2.261e-02 s/TS) || Energy: ~5.14e-16 (-29.72dB)
[@    17m26s] Timestep:        40590 || Speed:  157.0 MC/s (2.261e-02 s/TS) || Energy: ~4.47e-16 (-30.34dB)
[@    17m34s] Timestep:        40959 || Speed:  158.4 MC/s (2.242e-02 s/TS) || Energy: ~3.33e-16 (-31.61dB)
[@    17m43s] Timestep:        41328 || Speed:  150.1 MC/s (2.366e-02 s/TS) || Energy: ~2.47e-16 (-32.90dB)
[@    17m52s] Timestep:        41697 || Speed:  141.5 MC/s (2.510e-02 s/TS) || Energy: ~2.23e-16 (-33.35dB)
[@    18m00s] Timestep:        42066 || Speed:  162.7 MC/s (2.182e-02 s/TS) || Energy: ~2.33e-16 (-33.16dB)
[@    18m09s] Timestep:        42435 || Speed:  160.4 MC/s (2.213e-02 s/TS) || Energy: ~2.31e-16 (-33.21dB)
[@    18m17s] Timestep:        42804 || Speed:  156.5 MC/s (2.269e-02 s/TS) || Energy: ~1.97e-16 (-33.89dB)
[@    18m25s] Timestep:        43173 || Speed:  163.4 MC/s (2.173e-02 s/TS) || Energy: ~1.49e-16 (-35.09dB)
[@    18m33s] Timestep:        43542 || Speed:  165.8 MC/s (2.142e-02 s/TS) || Energy: ~1.16e-16 (-36.20dB)
[@    18m41s] Timestep:        43911 || Speed:  162.1 MC/s (2.191e-02 s/TS) || Energy: ~1.06e-16 (-36.60dB)
[@    18m49s] Timestep:        44280 || Speed:  155.7 MC/s (2.280e-02 s/TS) || Energy: ~1.07e-16 (-36.53dB)
[@    18m58s] Timestep:        44649 || Speed:  159.6 MC/s (2.224e-02 s/TS) || Energy: ~1.03e-16 (-36.69dB)
[@    19m06s] Timestep:        45018 || Speed:  163.3 MC/s (2.175e-02 s/TS) || Energy: ~8.79e-17 (-37.39dB)
[@    19m12s] Timestep:        45387 || Speed:  217.0 MC/s (1.636e-02 s/TS) || Energy: ~6.81e-17 (-38.51dB)
[@    19m18s] Timestep:        45756 || Speed:  208.7 MC/s (1.702e-02 s/TS) || Energy: ~5.40e-17 (-39.51dB)
[@    19m24s] Timestep:        46125 || Speed:  217.3 MC/s (1.634e-02 s/TS) || Energy: ~4.91e-17 (-39.93dB)
[@    19m30s] Timestep:        46494 || Speed:  227.1 MC/s (1.564e-02 s/TS) || Energy: ~4.86e-17 (-39.97dB)
[@    19m35s] Timestep:        46863 || Speed:  228.3 MC/s (1.555e-02 s/TS) || Energy: ~4.62e-17 (-40.19dB)
RunFDTD: end-criteria of -40.00dB reached after 46863 timesteps (-40.19dB)
Time for 46863 iterations with 3550497.00 cells : 1175.93 sec
Speed: 141.49 MCells/s 
wrist_v2_trim6.64 cells: [213, 211, 79] 3.550497 M; nf2ff box [[-53.0, 53.0], [-46.1, 46.1], [-36.9, 24.2]]
wrist_v2_trim6.64 rad. efficiency @2.40/2.44/2.48 GHz: [0.056 0.056 0.056] fmin: 2.4025
