openEMS - fixed number of threads: 4
 ---------------------------------------------------------------------- 
 | openEMS 64bit -- version v0.37.0-rc3-31-g6761a36
 | (C) 2010-2026 Thorsten Liebig <thorsten.liebig@gmx.de>  GPL license
 ---------------------------------------------------------------------- 
	Used external libraries:
		CSXCAD -- Version: v0.7.0-rc3-7-g65e7591
		hdf5   -- Version: 1.10.10
		          compiled against: HDF5 library version: 1.10.10
		tinyxml -- compiled against: 2.6.2
		fparser
		boost  -- compiled against: 1_83
		vtk -- Version: 9.1.0
		       compiled against: 9.1.0

Create FDTD operator (compressed SSE + multi-threading)
FDTD simulation size: 218x205x86 --> 3.84334e+06 FDTD cells 
FDTD timestep is: 1.44905e-13 s; Nyquist rate: 985 timesteps @3.50309e+09 Hz
Excitation signal length is: 19771 timesteps (2.86491e-09s)
Max. number of timesteps: 600000 ( --> 30.3475 * Excitation signal length)
Create FDTD engine (compressed SSE + multi-threading)
Warning: Unused primitive (type: Box) detected in property: antenna!
Warning: Unused primitive (type: Box) detected in property: antenna!
Warning: Unused primitive (type: Polygon) detected in property: gnd!
Warning: Unused primitive (type: Polygon) detected in property: gnd!
Warning: Unused primitive (type: Polygon) detected in property: gnd!
Warning: Unused primitive (type: Polygon) detected in property: gnd!
Warning: Unused primitive (type: Polygon) detected in property: gnd!
Running FDTD engine... this may take a while... grab a cup of coffee?!?
[@        7s] Timestep:          246 || Speed:  134.2 MC/s (2.865e-02 s/TS) || Energy: ~4.20e-22 (- 0.00dB)
[@       14s] Timestep:          492 || Speed:  128.7 MC/s (2.986e-02 s/TS) || Energy: ~1.90e-21 (- 0.00dB)
[@       21s] Timestep:          738 || Speed:  139.3 MC/s (2.760e-02 s/TS) || Energy: ~4.05e-21 (- 0.00dB)
[@       27s] Timestep:          984 || Speed:  139.4 MC/s (2.758e-02 s/TS) || Energy: ~4.28e-21 (- 0.00dB)
[@       34s] Timestep:         1230 || Speed:  134.5 MC/s (2.857e-02 s/TS) || Energy: ~4.45e-21 (- 0.00dB)
[@       41s] Timestep:         1476 || Speed:  140.0 MC/s (2.745e-02 s/TS) || Energy: ~2.75e-20 (- 0.00dB)
[@       48s] Timestep:         1722 || Speed:  137.4 MC/s (2.797e-02 s/TS) || Energy: ~1.21e-19 (- 0.00dB)
[@       56s] Timestep:         1968 || Speed:  127.0 MC/s (3.026e-02 s/TS) || Energy: ~2.95e-19 (- 0.00dB)
[@     1m02s] Timestep:         2214 || Speed:  137.4 MC/s (2.798e-02 s/TS) || Energy: ~4.18e-19 (- 0.00dB)
[@     1m09s] Timestep:         2460 || Speed:  135.8 MC/s (2.831e-02 s/TS) || Energy: ~3.48e-19 (- 0.81dB)
[@     1m17s] Timestep:         2706 || Speed:  128.0 MC/s (3.003e-02 s/TS) || Energy: ~5.83e-19 (- 0.00dB)
[@     1m24s] Timestep:         2952 || Speed:  135.5 MC/s (2.836e-02 s/TS) || Energy: ~2.88e-18 (- 0.00dB)
[@     1m31s] Timestep:         3198 || Speed:  139.2 MC/s (2.761e-02 s/TS) || Energy: ~8.87e-18 (- 0.00dB)
[@     1m38s] Timestep:         3444 || Speed:  128.9 MC/s (2.981e-02 s/TS) || Energy: ~1.61e-17 (- 0.00dB)
[@     1m45s] Timestep:         3690 || Speed:  134.8 MC/s (2.852e-02 s/TS) || Energy: ~1.75e-17 (- 0.00dB)
[@     1m52s] Timestep:         3936 || Speed:  135.5 MC/s (2.837e-02 s/TS) || Energy: ~1.41e-17 (- 0.95dB)
[@     1m59s] Timestep:         4182 || Speed:  125.9 MC/s (3.052e-02 s/TS) || Energy: ~3.44e-17 (- 0.00dB)
[@     2m07s] Timestep:         4428 || Speed:  129.5 MC/s (2.968e-02 s/TS) || Energy: ~1.24e-16 (- 0.00dB)
[@     2m14s] Timestep:         4674 || Speed:  132.8 MC/s (2.895e-02 s/TS) || Energy: ~2.79e-16 (- 0.00dB)
[@     2m21s] Timestep:         4920 || Speed:  136.8 MC/s (2.809e-02 s/TS) || Energy: ~3.87e-16 (- 0.00dB)
[@     2m28s] Timestep:         5166 || Speed:  138.1 MC/s (2.783e-02 s/TS) || Energy: ~3.44e-16 (- 0.51dB)
[@     2m35s] Timestep:         5412 || Speed:  128.4 MC/s (2.994e-02 s/TS) || Energy: ~3.36e-16 (- 0.61dB)
[@     2m42s] Timestep:         5658 || Speed:  138.1 MC/s (2.783e-02 s/TS) || Energy: ~8.90e-16 (- 0.00dB)
[@     2m49s] Timestep:         5904 || Speed:  137.7 MC/s (2.791e-02 s/TS) || Energy: ~2.29e-15 (- 0.00dB)
[@     2m56s] Timestep:         6150 || Speed:  125.6 MC/s (3.060e-02 s/TS) || Energy: ~3.83e-15 (- 0.00dB)
[@     3m03s] Timestep:         6396 || Speed:  138.1 MC/s (2.783e-02 s/TS) || Energy: ~4.19e-15 (- 0.00dB)
[@     3m10s] Timestep:         6642 || Speed:  131.9 MC/s (2.914e-02 s/TS) || Energy: ~3.50e-15 (- 0.79dB)
[@     3m17s] Timestep:         6888 || Speed:  132.6 MC/s (2.899e-02 s/TS) || Energy: ~4.49e-15 (- 0.00dB)
[@     3m24s] Timestep:         7134 || Speed:  136.3 MC/s (2.820e-02 s/TS) || Energy: ~1.01e-14 (- 0.00dB)
[@     3m31s] Timestep:         7380 || Speed:  133.1 MC/s (2.887e-02 s/TS) || Energy: ~1.85e-14 (- 0.00dB)
[@     3m38s] Timestep:         7626 || Speed:  135.0 MC/s (2.847e-02 s/TS) || Energy: ~2.36e-14 (- 0.00dB)
[@     3m45s] Timestep:         7872 || Speed:  136.9 MC/s (2.806e-02 s/TS) || Energy: ~2.21e-14 (- 0.29dB)
[@     3m52s] Timestep:         8118 || Speed:  131.2 MC/s (2.930e-02 s/TS) || Energy: ~2.08e-14 (- 0.55dB)
[@     4m00s] Timestep:         8364 || Speed:  122.6 MC/s (3.135e-02 s/TS) || Energy: ~3.06e-14 (- 0.00dB)
[@     4m08s] Timestep:         8610 || Speed:  123.6 MC/s (3.108e-02 s/TS) || Energy: ~5.12e-14 (- 0.00dB)
[@     4m15s] Timestep:         8856 || Speed:  124.8 MC/s (3.079e-02 s/TS) || Energy: ~6.82e-14 (- 0.00dB)
[@     4m23s] Timestep:         9102 || Speed:  122.5 MC/s (3.138e-02 s/TS) || Energy: ~6.97e-14 (- 0.00dB)
[@     4m30s] Timestep:         9348 || Speed:  133.4 MC/s (2.881e-02 s/TS) || Energy: ~6.51e-14 (- 0.30dB)
[@     4m37s] Timestep:         9594 || Speed:  137.0 MC/s (2.805e-02 s/TS) || Energy: ~7.52e-14 (- 0.00dB)
[@     4m44s] Timestep:         9840 || Speed:  141.6 MC/s (2.715e-02 s/TS) || Energy: ~1.03e-13 (- 0.00dB)
[@     4m50s] Timestep:        10086 || Speed:  142.7 MC/s (2.693e-02 s/TS) || Energy: ~1.26e-13 (- 0.00dB)
[@     4m57s] Timestep:        10332 || Speed:  146.3 MC/s (2.626e-02 s/TS) || Energy: ~1.26e-13 (- 0.00dB)
[@     5m03s] Timestep:        10578 || Speed:  143.4 MC/s (2.680e-02 s/TS) || Energy: ~1.16e-13 (- 0.36dB)
[@     5m10s] Timestep:        10824 || Speed:  153.1 MC/s (2.510e-02 s/TS) || Energy: ~1.26e-13 (- 0.01dB)
[@     5m16s] Timestep:        11070 || Speed:  140.3 MC/s (2.739e-02 s/TS) || Energy: ~1.59e-13 (- 0.00dB)
[@     5m23s] Timestep:        11316 || Speed:  146.6 MC/s (2.621e-02 s/TS) || Energy: ~1.83e-13 (- 0.00dB)
[@     5m30s] Timestep:        11562 || Speed:  123.7 MC/s (3.107e-02 s/TS) || Energy: ~1.73e-13 (- 0.25dB)
[@     5m38s] Timestep:        11808 || Speed:  120.0 MC/s (3.202e-02 s/TS) || Energy: ~1.44e-13 (- 1.03dB)
[@     5m46s] Timestep:        12054 || Speed:  122.6 MC/s (3.135e-02 s/TS) || Energy: ~1.38e-13 (- 1.21dB)
[@     5m54s] Timestep:        12300 || Speed:  119.7 MC/s (3.212e-02 s/TS) || Energy: ~1.67e-13 (- 0.40dB)
[@     6m02s] Timestep:        12546 || Speed:  117.2 MC/s (3.279e-02 s/TS) || Energy: ~1.97e-13 (- 0.00dB)
[@     6m10s] Timestep:        12792 || Speed:  121.3 MC/s (3.170e-02 s/TS) || Energy: ~1.92e-13 (- 0.10dB)
[@     6m17s] Timestep:        13038 || Speed:  124.3 MC/s (3.093e-02 s/TS) || Energy: ~1.57e-13 (- 0.99dB)
[@     6m24s] Timestep:        13284 || Speed:  140.6 MC/s (2.733e-02 s/TS) || Energy: ~1.26e-13 (- 1.93dB)
[@     6m30s] Timestep:        13530 || Speed:  160.1 MC/s (2.401e-02 s/TS) || Energy: ~1.27e-13 (- 1.90dB)
[@     6m35s] Timestep:        13776 || Speed:  204.3 MC/s (1.881e-02 s/TS) || Energy: ~1.48e-13 (- 1.24dB)
[@     6m39s] Timestep:        14022 || Speed:  201.3 MC/s (1.909e-02 s/TS) || Energy: ~1.57e-13 (- 0.98dB)
[@     6m44s] Timestep:        14268 || Speed:  205.2 MC/s (1.873e-02 s/TS) || Energy: ~1.40e-13 (- 1.49dB)
[@     6m49s] Timestep:        14514 || Speed:  194.6 MC/s (1.975e-02 s/TS) || Energy: ~1.09e-13 (- 2.57dB)
[@     6m55s] Timestep:        14760 || Speed:  158.3 MC/s (2.428e-02 s/TS) || Energy: ~8.86e-14 (- 3.47dB)
[@     7m01s] Timestep:        15006 || Speed:  153.1 MC/s (2.510e-02 s/TS) || Energy: ~8.69e-14 (- 3.55dB)
[@     7m07s] Timestep:        15252 || Speed:  148.4 MC/s (2.589e-02 s/TS) || Energy: ~9.36e-14 (- 3.23dB)
[@     7m13s] Timestep:        15498 || Speed:  158.0 MC/s (2.433e-02 s/TS) || Energy: ~9.32e-14 (- 3.25dB)
[@     7m19s] Timestep:        15744 || Speed:  162.5 MC/s (2.366e-02 s/TS) || Energy: ~8.03e-14 (- 3.89dB)
[@     7m25s] Timestep:        15990 || Speed:  158.3 MC/s (2.428e-02 s/TS) || Energy: ~6.22e-14 (- 5.01dB)
[@     7m31s] Timestep:        16236 || Speed:  162.7 MC/s (2.362e-02 s/TS) || Energy: ~4.94e-14 (- 6.01dB)
[@     7m37s] Timestep:        16482 || Speed:  158.9 MC/s (2.419e-02 s/TS) || Energy: ~4.62e-14 (- 6.29dB)
[@     7m43s] Timestep:        16728 || Speed:  158.9 MC/s (2.419e-02 s/TS) || Energy: ~4.83e-14 (- 6.11dB)
[@     7m49s] Timestep:        16974 || Speed:  154.6 MC/s (2.485e-02 s/TS) || Energy: ~4.77e-14 (- 6.16dB)
[@     7m55s] Timestep:        17220 || Speed:  156.2 MC/s (2.460e-02 s/TS) || Energy: ~4.09e-14 (- 6.83dB)
[@     8m01s] Timestep:        17466 || Speed:  161.3 MC/s (2.382e-02 s/TS) || Energy: ~3.08e-14 (- 8.05dB)
[@     8m07s] Timestep:        17712 || Speed:  153.8 MC/s (2.499e-02 s/TS) || Energy: ~2.35e-14 (- 9.24dB)
[@     8m13s] Timestep:        17958 || Speed:  162.5 MC/s (2.365e-02 s/TS) || Energy: ~2.16e-14 (- 9.59dB)
[@     8m19s] Timestep:        18204 || Speed:  145.6 MC/s (2.640e-02 s/TS) || Energy: ~2.31e-14 (- 9.30dB)
[@     8m25s] Timestep:        18450 || Speed:  159.3 MC/s (2.413e-02 s/TS) || Energy: ~2.32e-14 (- 9.28dB)
[@     8m32s] Timestep:        18696 || Speed:  151.1 MC/s (2.543e-02 s/TS) || Energy: ~1.97e-14 (-10.01dB)
[@     8m38s] Timestep:        18942 || Speed:  151.8 MC/s (2.532e-02 s/TS) || Energy: ~1.42e-14 (-11.42dB)
[@     8m44s] Timestep:        19188 || Speed:  152.1 MC/s (2.527e-02 s/TS) || Energy: ~1.04e-14 (-12.77dB)
[@     8m50s] Timestep:        19434 || Speed:  158.7 MC/s (2.422e-02 s/TS) || Energy: ~9.83e-15 (-13.02dB)
[@     8m55s] Timestep:        19680 || Speed:  195.3 MC/s (1.968e-02 s/TS) || Energy: ~1.10e-14 (-12.54dB)
[@     8m59s] Timestep:        19926 || Speed:  211.5 MC/s (1.817e-02 s/TS) || Energy: ~1.11e-14 (-12.47dB)
[@     9m04s] Timestep:        20172 || Speed:  217.4 MC/s (1.768e-02 s/TS) || Energy: ~9.19e-15 (-13.31dB)
[@     9m09s] Timestep:        20418 || Speed:  185.7 MC/s (2.070e-02 s/TS) || Energy: ~6.35e-15 (-14.91dB)
[@     9m14s] Timestep:        20664 || Speed:  170.8 MC/s (2.250e-02 s/TS) || Energy: ~4.57e-15 (-16.35dB)
[@     9m21s] Timestep:        20910 || Speed:  140.3 MC/s (2.739e-02 s/TS) || Energy: ~4.52e-15 (-16.39dB)
[@     9m27s] Timestep:        21156 || Speed:  145.9 MC/s (2.634e-02 s/TS) || Energy: ~5.23e-15 (-15.76dB)
[@     9m34s] Timestep:        21402 || Speed:  150.2 MC/s (2.559e-02 s/TS) || Energy: ~5.28e-15 (-15.72dB)
[@     9m40s] Timestep:        21648 || Speed:  157.4 MC/s (2.442e-02 s/TS) || Energy: ~4.23e-15 (-16.68dB)
[@     9m45s] Timestep:        21894 || Speed:  180.8 MC/s (2.125e-02 s/TS) || Energy: ~2.83e-15 (-18.42dB)
[@     9m49s] Timestep:        22140 || Speed:  216.6 MC/s (1.775e-02 s/TS) || Energy: ~2.05e-15 (-19.82dB)
[@     9m54s] Timestep:        22386 || Speed:  209.7 MC/s (1.833e-02 s/TS) || Energy: ~2.12e-15 (-19.67dB)
[@     9m58s] Timestep:        22632 || Speed:  222.3 MC/s (1.729e-02 s/TS) || Energy: ~2.48e-15 (-19.00dB)
[@    10m02s] Timestep:        22878 || Speed:  219.3 MC/s (1.753e-02 s/TS) || Energy: ~2.46e-15 (-19.03dB)
[@    10m07s] Timestep:        23124 || Speed:  222.9 MC/s (1.724e-02 s/TS) || Energy: ~1.93e-15 (-20.08dB)
[@    10m11s] Timestep:        23370 || Speed:  214.8 MC/s (1.790e-02 s/TS) || Energy: ~1.29e-15 (-21.85dB)
[@    10m16s] Timestep:        23616 || Speed:  210.8 MC/s (1.823e-02 s/TS) || Energy: ~9.58e-16 (-23.13dB)
[@    10m20s] Timestep:        23862 || Speed:  218.6 MC/s (1.758e-02 s/TS) || Energy: ~1.01e-15 (-22.90dB)
[@    10m24s] Timestep:        24108 || Speed:  219.4 MC/s (1.752e-02 s/TS) || Energy: ~1.16e-15 (-22.28dB)
[@    10m28s] Timestep:        24354 || Speed:  223.6 MC/s (1.719e-02 s/TS) || Energy: ~1.13e-15 (-22.40dB)
[@    10m33s] Timestep:        24600 || Speed:  221.2 MC/s (1.737e-02 s/TS) || Energy: ~8.81e-16 (-23.49dB)
[@    10m37s] Timestep:        24846 || Speed:  223.4 MC/s (1.721e-02 s/TS) || Energy: ~5.98e-16 (-25.18dB)
[@    10m41s] Timestep:        25092 || Speed:  222.6 MC/s (1.727e-02 s/TS) || Energy: ~4.61e-16 (-26.31dB)
[@    10m46s] Timestep:        25338 || Speed:  215.7 MC/s (1.782e-02 s/TS) || Energy: ~4.83e-16 (-26.11dB)
[@    10m50s] Timestep:        25584 || Speed:  222.8 MC/s (1.725e-02 s/TS) || Energy: ~5.40e-16 (-25.62dB)
[@    10m54s] Timestep:        25830 || Speed:  220.2 MC/s (1.745e-02 s/TS) || Energy: ~5.17e-16 (-25.81dB)
[@    10m58s] Timestep:        26076 || Speed:  223.8 MC/s (1.717e-02 s/TS) || Energy: ~4.06e-16 (-26.86dB)
[@    11m03s] Timestep:        26322 || Speed:  221.2 MC/s (1.737e-02 s/TS) || Energy: ~2.84e-16 (-28.41dB)
[@    11m07s] Timestep:        26568 || Speed:  232.7 MC/s (1.652e-02 s/TS) || Energy: ~2.24e-16 (-29.44dB)
[@    11m14s] Timestep:        27060 || Speed:  246.1 MC/s (1.562e-02 s/TS) || Energy: ~2.49e-16 (-28.98dB)
[@    11m22s] Timestep:        27552 || Speed:  244.0 MC/s (1.575e-02 s/TS) || Energy: ~1.90e-16 (-30.16dB)
[@    11m30s] Timestep:        28044 || Speed:  246.5 MC/s (1.559e-02 s/TS) || Energy: ~1.09e-16 (-32.59dB)
[@    11m37s] Timestep:        28536 || Speed:  246.7 MC/s (1.558e-02 s/TS) || Energy: ~1.15e-16 (-32.33dB)
[@    11m45s] Timestep:        29028 || Speed:  246.7 MC/s (1.558e-02 s/TS) || Energy: ~8.98e-17 (-33.41dB)
[@    11m53s] Timestep:        29520 || Speed:  241.8 MC/s (1.589e-02 s/TS) || Energy: ~5.23e-17 (-35.76dB)
[@    12m01s] Timestep:        30012 || Speed:  246.4 MC/s (1.560e-02 s/TS) || Energy: ~5.34e-17 (-35.66dB)
[@    12m08s] Timestep:        30504 || Speed:  244.0 MC/s (1.575e-02 s/TS) || Energy: ~4.25e-17 (-36.65dB)
[@    12m16s] Timestep:        30996 || Speed:  245.0 MC/s (1.569e-02 s/TS) || Energy: ~2.51e-17 (-38.95dB)
[@    12m24s] Timestep:        31488 || Speed:  244.7 MC/s (1.570e-02 s/TS) || Energy: ~2.48e-17 (-39.00dB)
[@    12m32s] Timestep:        31980 || Speed:  242.9 MC/s (1.582e-02 s/TS) || Energy: ~2.02e-17 (-39.89dB)
[@    12m39s] Timestep:        32472 || Speed:  245.5 MC/s (1.566e-02 s/TS) || Energy: ~1.20e-17 (-42.17dB)
RunFDTD: end-criteria of -40.00dB reached after 32472 timesteps (-42.17dB)
Time for 32472 iterations with 3843340.00 cells : 759.78 sec
Speed: 164.26 MCells/s 
feed: GCPW 0.15 [1.457 0.58  0.58  0.175]
wrist_v4_trim6.64 cells: [218, 205, 86] 3.84334 M; nf2ff box [[-55.1, 55.1], [-46.0, 46.0], [-36.7, 24.0]]
wrist_v4_trim6.64 rad. efficiency @2.40/2.44/2.48 GHz: [0.046 0.046 0.046] fmin: 2.3475
