openEMS - fixed number of threads: 3
 ---------------------------------------------------------------------- 
 | openEMS 64bit -- version v0.37.0-rc3-31-g6761a36
 | (C) 2010-2026 Thorsten Liebig <thorsten.liebig@gmx.de>  GPL license
 ---------------------------------------------------------------------- 
	Used external libraries:
		CSXCAD -- Version: v0.7.0-rc3-7-g65e7591
		hdf5   -- Version: 1.10.10
		          compiled against: HDF5 library version: 1.10.10
		tinyxml -- compiled against: 2.6.2
		fparser
		boost  -- compiled against: 1_83
		vtk -- Version: 9.1.0
		       compiled against: 9.1.0

Create FDTD operator (compressed SSE + multi-threading)
FDTD simulation size: 213x211x79 --> 3.5505e+06 FDTD cells 
FDTD timestep is: 9.67577e-14 s; Nyquist rate: 1476 timesteps @3.50105e+09 Hz
Excitation signal length is: 29608 timesteps (2.8648e-09s)
Max. number of timesteps: 600000 ( --> 20.2648 * Excitation signal length)
Create FDTD engine (compressed SSE + multi-threading)
openEMS::SetupFDTD: Warning, the timestep seems to be very small --> long simulation. Check your mesh!?
Warning: Unused primitive (type: Box) detected in property: antenna!
Warning: Unused primitive (type: Box) detected in property: antenna!
Running FDTD engine... this may take a while... grab a cup of coffee?!?
[@       12s] Timestep:          369 || Speed:  104.7 MC/s (3.392e-02 s/TS) || Energy: ~9.58e-22 (- 0.00dB)
[@       23s] Timestep:          738 || Speed:  115.1 MC/s (3.084e-02 s/TS) || Energy: ~4.37e-21 (- 0.00dB)
[@       36s] Timestep:         1107 || Speed:  100.4 MC/s (3.538e-02 s/TS) || Energy: ~9.28e-21 (- 0.00dB)
[@       48s] Timestep:         1476 || Speed:  114.1 MC/s (3.112e-02 s/TS) || Energy: ~9.90e-21 (- 0.00dB)
[@     1m00s] Timestep:         1845 || Speed:  110.3 MC/s (3.218e-02 s/TS) || Energy: ~1.04e-20 (- 0.00dB)
[@     1m12s] Timestep:         2214 || Speed:  104.5 MC/s (3.397e-02 s/TS) || Energy: ~6.39e-20 (- 0.00dB)
[@     1m25s] Timestep:         2583 || Speed:  107.6 MC/s (3.299e-02 s/TS) || Energy: ~2.81e-19 (- 0.00dB)
[@     1m38s] Timestep:         2952 || Speed:  100.6 MC/s (3.530e-02 s/TS) || Energy: ~6.82e-19 (- 0.00dB)
[@     1m50s] Timestep:         3321 || Speed:  108.2 MC/s (3.281e-02 s/TS) || Energy: ~9.65e-19 (- 0.00dB)
[@     2m02s] Timestep:         3690 || Speed:  109.0 MC/s (3.257e-02 s/TS) || Energy: ~8.05e-19 (- 0.78dB)
[@     2m13s] Timestep:         4059 || Speed:  111.0 MC/s (3.197e-02 s/TS) || Energy: ~1.39e-18 (- 0.00dB)
[@     2m25s] Timestep:         4428 || Speed:  112.3 MC/s (3.162e-02 s/TS) || Energy: ~6.79e-18 (- 0.00dB)
[@     2m37s] Timestep:         4797 || Speed:  107.5 MC/s (3.304e-02 s/TS) || Energy: ~2.07e-17 (- 0.00dB)
[@     2m49s] Timestep:         5166 || Speed:  109.0 MC/s (3.258e-02 s/TS) || Energy: ~3.73e-17 (- 0.00dB)
[@     3m01s] Timestep:         5535 || Speed:  109.3 MC/s (3.249e-02 s/TS) || Energy: ~4.04e-17 (- 0.00dB)
[@     3m13s] Timestep:         5904 || Speed:  110.8 MC/s (3.205e-02 s/TS) || Energy: ~3.33e-17 (- 0.85dB)
[@     3m25s] Timestep:         6273 || Speed:  107.0 MC/s (3.319e-02 s/TS) || Energy: ~8.31e-17 (- 0.00dB)
[@     3m38s] Timestep:         6642 || Speed:  100.9 MC/s (3.517e-02 s/TS) || Energy: ~2.95e-16 (- 0.00dB)
[@     3m50s] Timestep:         7011 || Speed:  108.3 MC/s (3.279e-02 s/TS) || Energy: ~6.51e-16 (- 0.00dB)
[@     4m03s] Timestep:         7380 || Speed:  107.1 MC/s (3.314e-02 s/TS) || Energy: ~8.94e-16 (- 0.00dB)
[@     4m15s] Timestep:         7749 || Speed:  110.7 MC/s (3.208e-02 s/TS) || Energy: ~7.97e-16 (- 0.50dB)
[@     4m26s] Timestep:         8118 || Speed:  111.2 MC/s (3.194e-02 s/TS) || Energy: ~8.15e-16 (- 0.40dB)
[@     4m38s] Timestep:         8487 || Speed:  108.5 MC/s (3.272e-02 s/TS) || Energy: ~2.16e-15 (- 0.00dB)
[@     4m51s] Timestep:         8856 || Speed:  104.4 MC/s (3.399e-02 s/TS) || Energy: ~5.44e-15 (- 0.00dB)
[@     5m03s] Timestep:         9225 || Speed:  106.6 MC/s (3.331e-02 s/TS) || Energy: ~8.92e-15 (- 0.00dB)
[@     5m15s] Timestep:         9594 || Speed:  110.6 MC/s (3.211e-02 s/TS) || Energy: ~9.69e-15 (- 0.00dB)
[@     5m27s] Timestep:         9963 || Speed:  113.1 MC/s (3.140e-02 s/TS) || Energy: ~8.26e-15 (- 0.69dB)
[@     5m40s] Timestep:        10332 || Speed:  100.8 MC/s (3.523e-02 s/TS) || Energy: ~1.11e-14 (- 0.00dB)
[@     6m01s] Timestep:        10701 || Speed:   61.8 MC/s (5.744e-02 s/TS) || Energy: ~2.44e-14 (- 0.00dB)
[@     6m31s] Timestep:        11070 || Speed:   44.1 MC/s (8.053e-02 s/TS) || Energy: ~4.37e-14 (- 0.00dB)
[@     6m56s] Timestep:        11439 || Speed:   51.2 MC/s (6.928e-02 s/TS) || Energy: ~5.48e-14 (- 0.00dB)
[@     7m11s] Timestep:        11808 || Speed:   88.9 MC/s (3.993e-02 s/TS) || Energy: ~5.15e-14 (- 0.27dB)
[@     7m23s] Timestep:        12177 || Speed:  107.0 MC/s (3.318e-02 s/TS) || Energy: ~5.05e-14 (- 0.35dB)
[@     7m35s] Timestep:        12546 || Speed:  111.0 MC/s (3.200e-02 s/TS) || Energy: ~7.55e-14 (- 0.00dB)
[@     7m47s] Timestep:        12915 || Speed:  107.1 MC/s (3.314e-02 s/TS) || Energy: ~1.24e-13 (- 0.00dB)
[@     8m00s] Timestep:        13284 || Speed:  105.6 MC/s (3.361e-02 s/TS) || Energy: ~1.60e-13 (- 0.00dB)
[@     8m12s] Timestep:        13653 || Speed:  108.0 MC/s (3.288e-02 s/TS) || Energy: ~1.63e-13 (- 0.00dB)
[@     8m24s] Timestep:        14022 || Speed:  109.7 MC/s (3.237e-02 s/TS) || Energy: ~1.56e-13 (- 0.19dB)
[@     8m36s] Timestep:        14391 || Speed:  105.6 MC/s (3.363e-02 s/TS) || Energy: ~1.85e-13 (- 0.00dB)
[@     8m49s] Timestep:        14760 || Speed:  103.2 MC/s (3.439e-02 s/TS) || Energy: ~2.52e-13 (- 0.00dB)
[@     9m02s] Timestep:        15129 || Speed:   95.3 MC/s (3.725e-02 s/TS) || Energy: ~3.01e-13 (- 0.00dB)
[@     9m16s] Timestep:        15498 || Speed:   97.9 MC/s (3.628e-02 s/TS) || Energy: ~2.97e-13 (- 0.06dB)
[@     9m29s] Timestep:        15867 || Speed:   98.4 MC/s (3.608e-02 s/TS) || Energy: ~2.78e-13 (- 0.35dB)
[@     9m44s] Timestep:        16236 || Speed:   86.9 MC/s (4.085e-02 s/TS) || Energy: ~3.10e-13 (- 0.00dB)
[@     9m59s] Timestep:        16605 || Speed:   89.3 MC/s (3.977e-02 s/TS) || Energy: ~3.89e-13 (- 0.00dB)
[@    10m13s] Timestep:        16974 || Speed:   91.1 MC/s (3.897e-02 s/TS) || Energy: ~4.38e-13 (- 0.00dB)
[@    10m26s] Timestep:        17343 || Speed:  101.6 MC/s (3.494e-02 s/TS) || Energy: ~4.05e-13 (- 0.34dB)
[@    10m41s] Timestep:        17712 || Speed:   89.1 MC/s (3.985e-02 s/TS) || Energy: ~3.41e-13 (- 1.08dB)
[@    10m54s] Timestep:        18081 || Speed:   98.0 MC/s (3.623e-02 s/TS) || Energy: ~3.39e-13 (- 1.12dB)
[@    11m08s] Timestep:        18450 || Speed:   96.4 MC/s (3.682e-02 s/TS) || Energy: ~4.10e-13 (- 0.29dB)
[@    11m21s] Timestep:        18819 || Speed:  100.1 MC/s (3.547e-02 s/TS) || Energy: ~4.73e-13 (- 0.00dB)
[@    11m35s] Timestep:        19188 || Speed:   91.4 MC/s (3.885e-02 s/TS) || Energy: ~4.49e-13 (- 0.23dB)
[@    11m49s] Timestep:        19557 || Speed:   93.8 MC/s (3.784e-02 s/TS) || Energy: ~3.61e-13 (- 1.17dB)
[@    12m04s] Timestep:        19926 || Speed:   88.1 MC/s (4.031e-02 s/TS) || Energy: ~2.99e-13 (- 1.99dB)
[@    12m17s] Timestep:        20295 || Speed:   99.7 MC/s (3.560e-02 s/TS) || Energy: ~3.11e-13 (- 1.82dB)
[@    12m30s] Timestep:        20664 || Speed:  100.1 MC/s (3.548e-02 s/TS) || Energy: ~3.56e-13 (- 1.23dB)
[@    12m41s] Timestep:        21033 || Speed:  119.0 MC/s (2.983e-02 s/TS) || Energy: ~3.66e-13 (- 1.11dB)
[@    12m52s] Timestep:        21402 || Speed:  124.0 MC/s (2.863e-02 s/TS) || Energy: ~3.16e-13 (- 1.75dB)
[@    13m03s] Timestep:        21771 || Speed:  117.5 MC/s (3.021e-02 s/TS) || Energy: ~2.46e-13 (- 2.84dB)
[@    13m15s] Timestep:        22140 || Speed:  114.6 MC/s (3.097e-02 s/TS) || Energy: ~2.06e-13 (- 3.60dB)
[@    14m07s] Timestep:        22509 || Speed:   24.8 MC/s (1.429e-01 s/TS) || Energy: ~2.07e-13 (- 3.58dB)
[@    15m19s] Timestep:        22878 || Speed:   18.3 MC/s (1.943e-01 s/TS) || Energy: ~2.20e-13 (- 3.33dB)
[@    15m34s] Timestep:        23247 || Speed:   84.4 MC/s (4.205e-02 s/TS) || Energy: ~2.11e-13 (- 3.51dB)
[@    15m48s] Timestep:        23616 || Speed:   97.6 MC/s (3.637e-02 s/TS) || Energy: ~1.76e-13 (- 4.30dB)
[@    16m02s] Timestep:        23985 || Speed:   91.8 MC/s (3.868e-02 s/TS) || Energy: ~1.35e-13 (- 5.44dB)
[@    16m16s] Timestep:        24354 || Speed:   96.9 MC/s (3.664e-02 s/TS) || Energy: ~1.11e-13 (- 6.28dB)
[@    16m29s] Timestep:        24723 || Speed:  100.7 MC/s (3.525e-02 s/TS) || Energy: ~1.08e-13 (- 6.42dB)
[@    16m42s] Timestep:        25092 || Speed:   95.0 MC/s (3.739e-02 s/TS) || Energy: ~1.11e-13 (- 6.29dB)
[@    16m58s] Timestep:        25461 || Speed:   86.5 MC/s (4.103e-02 s/TS) || Energy: ~1.05e-13 (- 6.54dB)
[@    17m12s] Timestep:        25830 || Speed:   91.9 MC/s (3.863e-02 s/TS) || Energy: ~8.59e-14 (- 7.40dB)
[@    17m26s] Timestep:        26199 || Speed:   95.3 MC/s (3.724e-02 s/TS) || Energy: ~6.41e-14 (- 8.68dB)
[@    17m40s] Timestep:        26568 || Speed:   88.8 MC/s (3.999e-02 s/TS) || Energy: ~5.12e-14 (- 9.65dB)
[@    17m54s] Timestep:        26937 || Speed:   96.1 MC/s (3.695e-02 s/TS) || Energy: ~5.01e-14 (- 9.75dB)
[@    18m10s] Timestep:        27306 || Speed:   84.1 MC/s (4.224e-02 s/TS) || Energy: ~5.27e-14 (- 9.52dB)
[@    18m25s] Timestep:        27675 || Speed:   85.8 MC/s (4.137e-02 s/TS) || Energy: ~4.98e-14 (- 9.77dB)
[@    18m37s] Timestep:        28044 || Speed:  107.7 MC/s (3.296e-02 s/TS) || Energy: ~3.95e-14 (-10.78dB)
[@    18m52s] Timestep:        28413 || Speed:   85.2 MC/s (4.166e-02 s/TS) || Energy: ~2.80e-14 (-12.27dB)
[@    19m06s] Timestep:        28782 || Speed:   96.5 MC/s (3.680e-02 s/TS) || Energy: ~2.23e-14 (-13.26dB)
[@    19m19s] Timestep:        29151 || Speed:  101.4 MC/s (3.502e-02 s/TS) || Energy: ~2.30e-14 (-13.13dB)
[@    19m34s] Timestep:        29520 || Speed:   84.3 MC/s (4.214e-02 s/TS) || Energy: ~2.50e-14 (-12.77dB)
[@    19m49s] Timestep:        29889 || Speed:   87.2 MC/s (4.072e-02 s/TS) || Energy: ~2.32e-14 (-13.10dB)
[@    20m06s] Timestep:        30258 || Speed:   77.7 MC/s (4.568e-02 s/TS) || Energy: ~1.75e-14 (-14.31dB)
[@    20m22s] Timestep:        30627 || Speed:   81.2 MC/s (4.373e-02 s/TS) || Energy: ~1.20e-14 (-15.96dB)
[@    20m45s] Timestep:        30996 || Speed:   57.9 MC/s (6.137e-02 s/TS) || Energy: ~9.85e-15 (-16.81dB)
[@    21m14s] Timestep:        31365 || Speed:   45.6 MC/s (7.781e-02 s/TS) || Energy: ~1.08e-14 (-16.42dB)
[@    21m26s] Timestep:        31734 || Speed:  106.1 MC/s (3.348e-02 s/TS) || Energy: ~1.18e-14 (-16.04dB)
[@    21m39s] Timestep:        32103 || Speed:  105.4 MC/s (3.370e-02 s/TS) || Energy: ~1.06e-14 (-16.50dB)
[@    21m53s] Timestep:        32472 || Speed:   89.9 MC/s (3.951e-02 s/TS) || Energy: ~7.67e-15 (-17.90dB)
[@    22m07s] Timestep:        32841 || Speed:   97.2 MC/s (3.655e-02 s/TS) || Energy: ~5.18e-15 (-19.60dB)
[@    22m19s] Timestep:        33210 || Speed:  103.0 MC/s (3.448e-02 s/TS) || Energy: ~4.49e-15 (-20.23dB)
[@    22m32s] Timestep:        33579 || Speed:  101.9 MC/s (3.486e-02 s/TS) || Energy: ~5.08e-15 (-19.69dB)
[@    22m45s] Timestep:        33948 || Speed:  104.1 MC/s (3.410e-02 s/TS) || Energy: ~5.45e-15 (-19.38dB)
[@    22m58s] Timestep:        34317 || Speed:  100.6 MC/s (3.530e-02 s/TS) || Energy: ~4.74e-15 (-19.99dB)
[@    23m10s] Timestep:        34686 || Speed:  107.7 MC/s (3.296e-02 s/TS) || Energy: ~3.35e-15 (-21.49dB)
[@    23m22s] Timestep:        35055 || Speed:  107.9 MC/s (3.291e-02 s/TS) || Energy: ~2.31e-15 (-23.11dB)
[@    23m37s] Timestep:        35424 || Speed:   88.2 MC/s (4.024e-02 s/TS) || Energy: ~2.11e-15 (-23.51dB)
[@    23m51s] Timestep:        35793 || Speed:   93.8 MC/s (3.784e-02 s/TS) || Energy: ~2.38e-15 (-22.97dB)
[@    24m04s] Timestep:        36162 || Speed:  100.7 MC/s (3.525e-02 s/TS) || Energy: ~2.48e-15 (-22.80dB)
[@    24m17s] Timestep:        36531 || Speed:   98.8 MC/s (3.592e-02 s/TS) || Energy: ~2.10e-15 (-23.53dB)
[@    24m30s] Timestep:        36900 || Speed:  100.3 MC/s (3.539e-02 s/TS) || Energy: ~1.49e-15 (-25.02dB)
[@    24m43s] Timestep:        37269 || Speed:  105.4 MC/s (3.367e-02 s/TS) || Energy: ~1.07e-15 (-26.45dB)
[@    24m58s] Timestep:        37638 || Speed:   88.4 MC/s (4.016e-02 s/TS) || Energy: ~1.01e-15 (-26.72dB)
[@    25m12s] Timestep:        38007 || Speed:   92.0 MC/s (3.860e-02 s/TS) || Energy: ~1.11e-15 (-26.29dB)
[@    25m27s] Timestep:        38376 || Speed:   89.1 MC/s (3.984e-02 s/TS) || Energy: ~1.12e-15 (-26.27dB)
[@    25m41s] Timestep:        38745 || Speed:   92.7 MC/s (3.830e-02 s/TS) || Energy: ~9.32e-16 (-27.05dB)
[@    25m53s] Timestep:        39114 || Speed:  103.2 MC/s (3.441e-02 s/TS) || Energy: ~6.75e-16 (-28.45dB)
[@    26m05s] Timestep:        39483 || Speed:  113.0 MC/s (3.143e-02 s/TS) || Energy: ~5.08e-16 (-29.68dB)
[@    26m17s] Timestep:        39852 || Speed:  109.4 MC/s (3.246e-02 s/TS) || Energy: ~4.81e-16 (-29.92dB)
[@    26m29s] Timestep:        40221 || Speed:  106.6 MC/s (3.331e-02 s/TS) || Energy: ~5.13e-16 (-29.64dB)
[@    26m42s] Timestep:        40590 || Speed:  106.1 MC/s (3.346e-02 s/TS) || Energy: ~5.03e-16 (-29.73dB)
[@    26m54s] Timestep:        40959 || Speed:  105.9 MC/s (3.352e-02 s/TS) || Energy: ~4.20e-16 (-30.51dB)
[@    27m05s] Timestep:        41328 || Speed:  113.7 MC/s (3.124e-02 s/TS) || Energy: ~3.13e-16 (-31.79dB)
[@    27m18s] Timestep:        41697 || Speed:  100.7 MC/s (3.524e-02 s/TS) || Energy: ~2.43e-16 (-32.88dB)
[@    27m29s] Timestep:        42066 || Speed:  120.4 MC/s (2.948e-02 s/TS) || Energy: ~2.28e-16 (-33.16dB)
[@    27m38s] Timestep:        42435 || Speed:  150.0 MC/s (2.368e-02 s/TS) || Energy: ~2.37e-16 (-33.00dB)
[@    27m47s] Timestep:        42804 || Speed:  147.8 MC/s (2.402e-02 s/TS) || Energy: ~2.29e-16 (-33.15dB)
[@    27m56s] Timestep:        43173 || Speed:  149.4 MC/s (2.376e-02 s/TS) || Energy: ~1.93e-16 (-33.89dB)
[@    28m05s] Timestep:        43542 || Speed:  147.6 MC/s (2.405e-02 s/TS) || Energy: ~1.47e-16 (-35.06dB)
[@    28m12s] Timestep:        43911 || Speed:  174.9 MC/s (2.030e-02 s/TS) || Energy: ~1.16e-16 (-36.09dB)
[@    28m19s] Timestep:        44280 || Speed:  187.9 MC/s (1.890e-02 s/TS) || Energy: ~1.08e-16 (-36.43dB)
[@    28m26s] Timestep:        44649 || Speed:  186.0 MC/s (1.909e-02 s/TS) || Energy: ~1.09e-16 (-36.36dB)
[@    28m33s] Timestep:        45018 || Speed:  183.3 MC/s (1.937e-02 s/TS) || Energy: ~1.05e-16 (-36.52dB)
[@    28m40s] Timestep:        45387 || Speed:  186.5 MC/s (1.904e-02 s/TS) || Energy: ~8.98e-17 (-37.21dB)
[@    28m47s] Timestep:        45756 || Speed:  184.2 MC/s (1.927e-02 s/TS) || Energy: ~6.96e-17 (-38.32dB)
[@    28m55s] Timestep:        46125 || Speed:  179.6 MC/s (1.977e-02 s/TS) || Energy: ~5.51e-17 (-39.33dB)
[@    29m03s] Timestep:        46494 || Speed:  161.0 MC/s (2.206e-02 s/TS) || Energy: ~5.02e-17 (-39.74dB)
[@    29m11s] Timestep:        46863 || Speed:  158.9 MC/s (2.234e-02 s/TS) || Energy: ~5.04e-17 (-39.72dB)
[@    29m19s] Timestep:        47232 || Speed:  166.3 MC/s (2.135e-02 s/TS) || Energy: ~4.87e-17 (-39.87dB)
[@    29m27s] Timestep:        47601 || Speed:  167.2 MC/s (2.123e-02 s/TS) || Energy: ~4.19e-17 (-40.52dB)
RunFDTD: end-criteria of -40.00dB reached after 47601 timesteps (-40.52dB)
Time for 47601 iterations with 3550497.00 cells : 1767.26 sec
Speed: 95.63 MCells/s 
wrist_v2_trim6.14 cells: [213, 211, 79] 3.550497 M; nf2ff box [[-53.0, 53.0], [-46.1, 46.1], [-36.9, 24.2]]
wrist_v2_trim6.14 rad. efficiency @2.40/2.44/2.48 GHz: [0.057 0.057 0.057] fmin: 2.37
