openEMS - fixed number of threads: 4
 ---------------------------------------------------------------------- 
 | openEMS 64bit -- version v0.37.0-rc3-31-g6761a36
 | (C) 2010-2026 Thorsten Liebig <thorsten.liebig@gmx.de>  GPL license
 ---------------------------------------------------------------------- 
	Used external libraries:
		CSXCAD -- Version: v0.7.0-rc3-7-g65e7591
		hdf5   -- Version: 1.10.10
		          compiled against: HDF5 library version: 1.10.10
		tinyxml -- compiled against: 2.6.2
		fparser
		boost  -- compiled against: 1_83
		vtk -- Version: 9.1.0
		       compiled against: 9.1.0

Create FDTD operator (compressed SSE + multi-threading)
openEMS::SetupFDTD: Warning, the timestep seems to be very small --> long simulation. Check your mesh!?
FDTD simulation size: 219x207x86 --> 3.89864e+06 FDTD cells 
FDTD timestep is: 9.67577e-14 s; Nyquist rate: 1476 timesteps @3.50105e+09 Hz
Excitation signal length is: 29608 timesteps (2.8648e-09s)
Max. number of timesteps: 600000 ( --> 20.2648 * Excitation signal length)
Create FDTD engine (compressed SSE + multi-threading)
Running FDTD engine... this may take a while... grab a cup of coffee?!?
Warning: Unused primitive (type: Box) detected in property: antenna!
Warning: Unused primitive (type: Box) detected in property: antenna!
Warning: Unused primitive (type: Polygon) detected in property: gnd!
[@       10s] Timestep:          369 || Speed:  135.4 MC/s (2.880e-02 s/TS) || Energy: ~9.51e-22 (- 0.00dB)
[@       21s] Timestep:          738 || Speed:  136.7 MC/s (2.852e-02 s/TS) || Energy: ~4.30e-21 (- 0.00dB)
[@       31s] Timestep:         1107 || Speed:  137.8 MC/s (2.830e-02 s/TS) || Energy: ~9.08e-21 (- 0.00dB)
[@       42s] Timestep:         1476 || Speed:  132.9 MC/s (2.933e-02 s/TS) || Energy: ~9.65e-21 (- 0.00dB)
[@       52s] Timestep:         1845 || Speed:  138.5 MC/s (2.816e-02 s/TS) || Energy: ~1.02e-20 (- 0.00dB)
[@     1m03s] Timestep:         2214 || Speed:  131.9 MC/s (2.957e-02 s/TS) || Energy: ~6.31e-20 (- 0.00dB)
[@     1m13s] Timestep:         2583 || Speed:  140.7 MC/s (2.771e-02 s/TS) || Energy: ~2.76e-19 (- 0.00dB)
[@     1m24s] Timestep:         2952 || Speed:  137.2 MC/s (2.841e-02 s/TS) || Energy: ~6.68e-19 (- 0.00dB)
[@     1m36s] Timestep:         3321 || Speed:  121.4 MC/s (3.211e-02 s/TS) || Energy: ~9.41e-19 (- 0.00dB)
[@     1m48s] Timestep:         3690 || Speed:  114.1 MC/s (3.416e-02 s/TS) || Energy: ~7.85e-19 (- 0.79dB)
[@     2m01s] Timestep:         4059 || Speed:  117.1 MC/s (3.331e-02 s/TS) || Energy: ~1.37e-18 (- 0.00dB)
[@     2m12s] Timestep:         4428 || Speed:  122.4 MC/s (3.185e-02 s/TS) || Energy: ~6.66e-18 (- 0.00dB)
[@     2m24s] Timestep:         4797 || Speed:  119.5 MC/s (3.262e-02 s/TS) || Energy: ~2.02e-17 (- 0.00dB)
[@     2m36s] Timestep:         5166 || Speed:  122.4 MC/s (3.185e-02 s/TS) || Energy: ~3.64e-17 (- 0.00dB)
[@     2m48s] Timestep:         5535 || Speed:  117.5 MC/s (3.318e-02 s/TS) || Energy: ~3.93e-17 (- 0.00dB)
[@     3m01s] Timestep:         5904 || Speed:  117.9 MC/s (3.307e-02 s/TS) || Energy: ~3.23e-17 (- 0.85dB)
[@     3m13s] Timestep:         6273 || Speed:  115.4 MC/s (3.379e-02 s/TS) || Energy: ~8.12e-17 (- 0.00dB)
[@     3m25s] Timestep:         6642 || Speed:  121.6 MC/s (3.205e-02 s/TS) || Energy: ~2.88e-16 (- 0.00dB)
[@     3m37s] Timestep:         7011 || Speed:  119.8 MC/s (3.256e-02 s/TS) || Energy: ~6.36e-16 (- 0.00dB)
[@     3m49s] Timestep:         7380 || Speed:  116.3 MC/s (3.354e-02 s/TS) || Energy: ~8.70e-16 (- 0.00dB)
[@     4m01s] Timestep:         7749 || Speed:  121.6 MC/s (3.206e-02 s/TS) || Energy: ~7.73e-16 (- 0.51dB)
[@     4m13s] Timestep:         8118 || Speed:  126.1 MC/s (3.091e-02 s/TS) || Energy: ~7.89e-16 (- 0.42dB)
[@     4m24s] Timestep:         8487 || Speed:  130.2 MC/s (2.995e-02 s/TS) || Energy: ~2.10e-15 (- 0.00dB)
[@     4m34s] Timestep:         8856 || Speed:  134.1 MC/s (2.908e-02 s/TS) || Energy: ~5.29e-15 (- 0.00dB)
[@     4m45s] Timestep:         9225 || Speed:  132.6 MC/s (2.940e-02 s/TS) || Energy: ~8.67e-15 (- 0.00dB)
[@     4m56s] Timestep:         9594 || Speed:  135.4 MC/s (2.879e-02 s/TS) || Energy: ~9.39e-15 (- 0.00dB)
[@     5m06s] Timestep:         9963 || Speed:  137.7 MC/s (2.831e-02 s/TS) || Energy: ~7.97e-15 (- 0.72dB)
[@     5m17s] Timestep:        10332 || Speed:  135.0 MC/s (2.889e-02 s/TS) || Energy: ~1.07e-14 (- 0.00dB)
[@     5m28s] Timestep:        10701 || Speed:  134.9 MC/s (2.890e-02 s/TS) || Energy: ~2.35e-14 (- 0.00dB)
[@     5m38s] Timestep:        11070 || Speed:  140.6 MC/s (2.773e-02 s/TS) || Energy: ~4.23e-14 (- 0.00dB)
[@     5m47s] Timestep:        11439 || Speed:  154.1 MC/s (2.531e-02 s/TS) || Energy: ~5.29e-14 (- 0.00dB)
[@     5m56s] Timestep:        11808 || Speed:  163.0 MC/s (2.391e-02 s/TS) || Energy: ~4.97e-14 (- 0.28dB)
[@     6m05s] Timestep:        12177 || Speed:  166.3 MC/s (2.345e-02 s/TS) || Energy: ~4.84e-14 (- 0.39dB)
[@     6m13s] Timestep:        12546 || Speed:  172.5 MC/s (2.260e-02 s/TS) || Energy: ~7.21e-14 (- 0.00dB)
[@     6m22s] Timestep:        12915 || Speed:  164.3 MC/s (2.372e-02 s/TS) || Energy: ~1.18e-13 (- 0.00dB)
[@     6m30s] Timestep:        13284 || Speed:  166.2 MC/s (2.346e-02 s/TS) || Energy: ~1.53e-13 (- 0.00dB)
[@     6m39s] Timestep:        13653 || Speed:  166.1 MC/s (2.348e-02 s/TS) || Energy: ~1.56e-13 (- 0.00dB)
[@     6m48s] Timestep:        14022 || Speed:  158.0 MC/s (2.468e-02 s/TS) || Energy: ~1.49e-13 (- 0.19dB)
[@     6m57s] Timestep:        14391 || Speed:  165.6 MC/s (2.354e-02 s/TS) || Energy: ~1.77e-13 (- 0.00dB)
[@     7m05s] Timestep:        14760 || Speed:  169.3 MC/s (2.302e-02 s/TS) || Energy: ~2.39e-13 (- 0.00dB)
[@     7m14s] Timestep:        15129 || Speed:  164.3 MC/s (2.373e-02 s/TS) || Energy: ~2.85e-13 (- 0.00dB)
[@     7m23s] Timestep:        15498 || Speed:  166.0 MC/s (2.348e-02 s/TS) || Energy: ~2.81e-13 (- 0.06dB)
[@     7m32s] Timestep:        15867 || Speed:  163.8 MC/s (2.380e-02 s/TS) || Energy: ~2.64e-13 (- 0.34dB)
[@     7m39s] Timestep:        16236 || Speed:  190.0 MC/s (2.052e-02 s/TS) || Energy: ~2.95e-13 (- 0.00dB)
[@     7m46s] Timestep:        16605 || Speed:  214.9 MC/s (1.815e-02 s/TS) || Energy: ~3.70e-13 (- 0.00dB)
[@     7m53s] Timestep:        16974 || Speed:  209.6 MC/s (1.860e-02 s/TS) || Energy: ~4.14e-13 (- 0.00dB)
[@     8m00s] Timestep:        17343 || Speed:  210.2 MC/s (1.854e-02 s/TS) || Energy: ~3.80e-13 (- 0.37dB)
[@     8m07s] Timestep:        17712 || Speed:  195.3 MC/s (1.996e-02 s/TS) || Energy: ~3.20e-13 (- 1.12dB)
[@     8m14s] Timestep:        18081 || Speed:  216.6 MC/s (1.800e-02 s/TS) || Energy: ~3.20e-13 (- 1.12dB)
[@     8m20s] Timestep:        18450 || Speed:  216.1 MC/s (1.804e-02 s/TS) || Energy: ~3.91e-13 (- 0.25dB)
[@     8m27s] Timestep:        18819 || Speed:  215.8 MC/s (1.806e-02 s/TS) || Energy: ~4.50e-13 (- 0.00dB)
[@     8m33s] Timestep:        19188 || Speed:  219.4 MC/s (1.777e-02 s/TS) || Energy: ~4.25e-13 (- 0.25dB)
[@     8m40s] Timestep:        19557 || Speed:  207.9 MC/s (1.876e-02 s/TS) || Energy: ~3.40e-13 (- 1.22dB)
[@     8m47s] Timestep:        19926 || Speed:  216.9 MC/s (1.798e-02 s/TS) || Energy: ~2.81e-13 (- 2.05dB)
[@     8m54s] Timestep:        20295 || Speed:  206.8 MC/s (1.885e-02 s/TS) || Energy: ~2.95e-13 (- 1.84dB)
[@     9m01s] Timestep:        20664 || Speed:  210.7 MC/s (1.850e-02 s/TS) || Energy: ~3.42e-13 (- 1.20dB)
[@     9m08s] Timestep:        21033 || Speed:  189.4 MC/s (2.059e-02 s/TS) || Energy: ~3.51e-13 (- 1.08dB)
[@     9m16s] Timestep:        21402 || Speed:  183.7 MC/s (2.122e-02 s/TS) || Energy: ~3.02e-13 (- 1.74dB)
[@     9m24s] Timestep:        21771 || Speed:  179.9 MC/s (2.167e-02 s/TS) || Energy: ~2.34e-13 (- 2.85dB)
[@     9m33s] Timestep:        22140 || Speed:  171.9 MC/s (2.268e-02 s/TS) || Energy: ~1.96e-13 (- 3.61dB)
[@     9m42s] Timestep:        22509 || Speed:  156.5 MC/s (2.491e-02 s/TS) || Energy: ~1.99e-13 (- 3.55dB)
[@     9m50s] Timestep:        22878 || Speed:  168.9 MC/s (2.308e-02 s/TS) || Energy: ~2.12e-13 (- 3.27dB)
[@     9m58s] Timestep:        23247 || Speed:  181.7 MC/s (2.146e-02 s/TS) || Energy: ~2.04e-13 (- 3.44dB)
[@    10m07s] Timestep:        23616 || Speed:  168.3 MC/s (2.317e-02 s/TS) || Energy: ~1.70e-13 (- 4.23dB)
[@    10m15s] Timestep:        23985 || Speed:  167.0 MC/s (2.335e-02 s/TS) || Energy: ~1.31e-13 (- 5.37dB)
[@    10m24s] Timestep:        24354 || Speed:  173.8 MC/s (2.243e-02 s/TS) || Energy: ~1.08e-13 (- 6.22dB)
[@    10m32s] Timestep:        24723 || Speed:  168.8 MC/s (2.309e-02 s/TS) || Energy: ~1.04e-13 (- 6.35dB)
[@    10m40s] Timestep:        25092 || Speed:  182.5 MC/s (2.136e-02 s/TS) || Energy: ~1.08e-13 (- 6.21dB)
[@    10m48s] Timestep:        25461 || Speed:  186.3 MC/s (2.093e-02 s/TS) || Energy: ~1.02e-13 (- 6.43dB)
[@    10m56s] Timestep:        25830 || Speed:  180.1 MC/s (2.165e-02 s/TS) || Energy: ~8.44e-14 (- 7.27dB)
[@    11m04s] Timestep:        26199 || Speed:  176.7 MC/s (2.206e-02 s/TS) || Energy: ~6.30e-14 (- 8.54dB)
[@    11m12s] Timestep:        26568 || Speed:  173.9 MC/s (2.242e-02 s/TS) || Energy: ~5.00e-14 (- 9.55dB)
[@    11m20s] Timestep:        26937 || Speed:  175.7 MC/s (2.218e-02 s/TS) || Energy: ~4.84e-14 (- 9.69dB)
[@    11m28s] Timestep:        27306 || Speed:  176.3 MC/s (2.212e-02 s/TS) || Energy: ~5.11e-14 (- 9.45dB)
[@    11m37s] Timestep:        27675 || Speed:  176.0 MC/s (2.215e-02 s/TS) || Energy: ~4.89e-14 (- 9.64dB)
[@    11m45s] Timestep:        28044 || Speed:  177.6 MC/s (2.195e-02 s/TS) || Energy: ~3.93e-14 (-10.59dB)
[@    11m53s] Timestep:        28413 || Speed:  176.0 MC/s (2.215e-02 s/TS) || Energy: ~2.79e-14 (-12.07dB)
[@    12m01s] Timestep:        28782 || Speed:  178.1 MC/s (2.190e-02 s/TS) || Energy: ~2.17e-14 (-13.17dB)
[@    12m09s] Timestep:        29151 || Speed:  183.3 MC/s (2.127e-02 s/TS) || Energy: ~2.19e-14 (-13.12dB)
[@    12m17s] Timestep:        29520 || Speed:  182.0 MC/s (2.142e-02 s/TS) || Energy: ~2.41e-14 (-12.72dB)
[@    12m25s] Timestep:        29889 || Speed:  183.8 MC/s (2.122e-02 s/TS) || Energy: ~2.29e-14 (-12.93dB)
[@    12m32s] Timestep:        30258 || Speed:  189.3 MC/s (2.059e-02 s/TS) || Energy: ~1.77e-14 (-14.06dB)
[@    12m40s] Timestep:        30627 || Speed:  184.0 MC/s (2.119e-02 s/TS) || Energy: ~1.20e-14 (-15.75dB)
[@    12m48s] Timestep:        30996 || Speed:  180.5 MC/s (2.160e-02 s/TS) || Energy: ~9.40e-15 (-16.80dB)
[@    12m56s] Timestep:        31365 || Speed:  183.6 MC/s (2.123e-02 s/TS) || Energy: ~1.01e-14 (-16.48dB)
[@    13m04s] Timestep:        31734 || Speed:  176.6 MC/s (2.207e-02 s/TS) || Energy: ~1.13e-14 (-15.98dB)
[@    13m12s] Timestep:        32103 || Speed:  186.1 MC/s (2.095e-02 s/TS) || Energy: ~1.06e-14 (-16.30dB)
[@    13m19s] Timestep:        32472 || Speed:  190.8 MC/s (2.043e-02 s/TS) || Energy: ~7.83e-15 (-17.60dB)
[@    13m27s] Timestep:        32841 || Speed:  182.7 MC/s (2.133e-02 s/TS) || Energy: ~5.16e-15 (-19.40dB)
[@    13m35s] Timestep:        33210 || Speed:  190.8 MC/s (2.043e-02 s/TS) || Energy: ~4.21e-15 (-20.29dB)
[@    13m43s] Timestep:        33579 || Speed:  180.2 MC/s (2.164e-02 s/TS) || Energy: ~4.75e-15 (-19.77dB)
[@    13m51s] Timestep:        33948 || Speed:  176.9 MC/s (2.203e-02 s/TS) || Energy: ~5.30e-15 (-19.29dB)
[@    13m59s] Timestep:        34317 || Speed:  184.4 MC/s (2.114e-02 s/TS) || Energy: ~4.79e-15 (-19.73dB)
[@    14m06s] Timestep:        34686 || Speed:  186.1 MC/s (2.095e-02 s/TS) || Energy: ~3.45e-15 (-21.16dB)
[@    14m14s] Timestep:        35055 || Speed:  186.5 MC/s (2.090e-02 s/TS) || Energy: ~2.29e-15 (-22.93dB)
[@    14m22s] Timestep:        35424 || Speed:  184.0 MC/s (2.119e-02 s/TS) || Energy: ~1.97e-15 (-23.59dB)
[@    14m30s] Timestep:        35793 || Speed:  177.3 MC/s (2.200e-02 s/TS) || Energy: ~2.25e-15 (-23.02dB)
[@    14m38s] Timestep:        36162 || Speed:  179.7 MC/s (2.170e-02 s/TS) || Energy: ~2.44e-15 (-22.67dB)
[@    14m46s] Timestep:        36531 || Speed:  184.3 MC/s (2.116e-02 s/TS) || Energy: ~2.14e-15 (-23.24dB)
[@    14m53s] Timestep:        36900 || Speed:  187.9 MC/s (2.075e-02 s/TS) || Energy: ~1.53e-15 (-24.70dB)
[@    15m02s] Timestep:        37269 || Speed:  173.2 MC/s (2.251e-02 s/TS) || Energy: ~1.05e-15 (-26.31dB)
[@    15m10s] Timestep:        37638 || Speed:  181.3 MC/s (2.150e-02 s/TS) || Energy: ~9.43e-16 (-26.79dB)
[@    15m18s] Timestep:        38007 || Speed:  182.7 MC/s (2.134e-02 s/TS) || Energy: ~1.06e-15 (-26.30dB)
[@    15m25s] Timestep:        38376 || Speed:  182.6 MC/s (2.135e-02 s/TS) || Energy: ~1.10e-15 (-26.11dB)
[@    15m33s] Timestep:        38745 || Speed:  183.1 MC/s (2.130e-02 s/TS) || Energy: ~9.49e-16 (-26.76dB)
[@    15m41s] Timestep:        39114 || Speed:  183.6 MC/s (2.124e-02 s/TS) || Energy: ~6.87e-16 (-28.17dB)
[@    15m49s] Timestep:        39483 || Speed:  173.9 MC/s (2.242e-02 s/TS) || Energy: ~4.96e-16 (-29.58dB)
[@    15m57s] Timestep:        39852 || Speed:  176.9 MC/s (2.204e-02 s/TS) || Energy: ~4.53e-16 (-29.98dB)
[@    16m05s] Timestep:        40221 || Speed:  187.9 MC/s (2.074e-02 s/TS) || Energy: ~4.91e-16 (-29.62dB)
[@    16m13s] Timestep:        40590 || Speed:  176.6 MC/s (2.208e-02 s/TS) || Energy: ~4.98e-16 (-29.57dB)
[@    16m21s] Timestep:        40959 || Speed:  185.3 MC/s (2.104e-02 s/TS) || Energy: ~4.25e-16 (-30.25dB)
[@    16m29s] Timestep:        41328 || Speed:  181.2 MC/s (2.151e-02 s/TS) || Energy: ~3.15e-16 (-31.56dB)
[@    16m37s] Timestep:        41697 || Speed:  177.8 MC/s (2.192e-02 s/TS) || Energy: ~2.35e-16 (-32.82dB)
[@    16m45s] Timestep:        42066 || Speed:  173.1 MC/s (2.253e-02 s/TS) || Energy: ~2.14e-16 (-33.22dB)
[@    16m53s] Timestep:        42435 || Speed:  182.3 MC/s (2.139e-02 s/TS) || Energy: ~2.26e-16 (-32.99dB)
[@    17m01s] Timestep:        42804 || Speed:  177.3 MC/s (2.199e-02 s/TS) || Energy: ~2.25e-16 (-33.02dB)
[@    17m09s] Timestep:        43173 || Speed:  186.6 MC/s (2.089e-02 s/TS) || Energy: ~1.93e-16 (-33.69dB)
[@    17m17s] Timestep:        43542 || Speed:  183.0 MC/s (2.130e-02 s/TS) || Energy: ~1.45e-16 (-34.91dB)
[@    17m25s] Timestep:        43911 || Speed:  185.5 MC/s (2.102e-02 s/TS) || Energy: ~1.11e-16 (-36.09dB)
[@    17m33s] Timestep:        44280 || Speed:  182.7 MC/s (2.133e-02 s/TS) || Energy: ~1.00e-16 (-36.52dB)
[@    17m40s] Timestep:        44649 || Speed:  187.2 MC/s (2.083e-02 s/TS) || Energy: ~1.03e-16 (-36.39dB)
[@    17m48s] Timestep:        45018 || Speed:  189.6 MC/s (2.056e-02 s/TS) || Energy: ~1.02e-16 (-36.46dB)
[@    17m56s] Timestep:        45387 || Speed:  186.3 MC/s (2.093e-02 s/TS) || Energy: ~8.76e-17 (-37.11dB)
[@    18m04s] Timestep:        45756 || Speed:  173.3 MC/s (2.249e-02 s/TS) || Energy: ~6.73e-17 (-38.26dB)
[@    18m11s] Timestep:        46125 || Speed:  189.3 MC/s (2.059e-02 s/TS) || Energy: ~5.19e-17 (-39.38dB)
[@    18m18s] Timestep:        46494 || Speed:  222.3 MC/s (1.754e-02 s/TS) || Energy: ~4.65e-17 (-39.86dB)
[@    18m24s] Timestep:        46863 || Speed:  247.0 MC/s (1.578e-02 s/TS) || Energy: ~4.70e-17 (-39.81dB)
[@    18m29s] Timestep:        47232 || Speed:  253.6 MC/s (1.537e-02 s/TS) || Energy: ~4.60e-17 (-39.91dB)
[@    18m35s] Timestep:        47601 || Speed:  260.1 MC/s (1.499e-02 s/TS) || Energy: ~3.99e-17 (-40.53dB)
RunFDTD: end-criteria of -40.00dB reached after 47601 timesteps (-40.53dB)
Time for 47601 iterations with 3898638.00 cells : 1115.50 sec
Speed: 166.36 MCells/s 
wrist_v3_trim6.64 cells: [219, 207, 86] 3.898638 M; nf2ff box [[-55.1, 55.1], [-46.0, 46.0], [-36.7, 24.0]]
wrist_v3_trim6.64 rad. efficiency @2.40/2.44/2.48 GHz: [0.046 0.047 0.047] fmin: 2.3625
